=== season 2013  2026-09-10 03:16:56Z  raw=/mnt/sdv_repos/nfl-ngs-raw ===
::group::ngs_data_build schedules 2013
2026-09-09 23:16:58 [INFO] ngs_data_build: schedules 2013: build starting (raw=/mnt/sdv_repos/nfl-ngs-raw via disk)
2026-09-09 23:16:58 [INFO] ngs_data_build: wrote ngs/schedules/parquet/ngs_schedule_2013.parquet (19.1KB) + ngs_schedule_2013.csv (58.3KB), 333 rows x 30 cols; manifest ngs_schedules_in_data_repo.csv
2026-09-09 23:16:58 [INFO] ngs_data_build: uploading ngs_schedule_2013.parquet (19.1KB) -> sportsdataverse/sportsdataverse-data:nfl_ngs_schedules
2026-09-09 23:16:59 [INFO] ngs_data_build: uploading ngs_schedule_2013.csv (58.3KB) -> sportsdataverse/sportsdataverse-data:nfl_ngs_schedules
2026-09-09 23:16:59 [INFO] ngs_data_build: uploading ngs_schedules_in_data_repo.csv (665B) -> sportsdataverse/sportsdataverse-data:nfl_ngs_schedules
2026-09-09 23:17:05 [INFO] ngs_data_build: stamped nfl_ngs_schedules with timestamp.txt, timestamp.json, package_function.txt, package_function.json
2026-09-09 23:17:05 [INFO] ngs_data_build: schedules 2013: done -- 333 rows x 30 cols in 6.7s
2026-09-09 23:17:05 [INFO] ngs_data_build: schedules 2013: season complete -- 333 rows
stage schedules elapsed=9s
::endgroup::
::group::ngs_data_build teams 2013
2026-09-09 23:17:07 [INFO] ngs_data_build: teams 2013: build starting (raw=/mnt/sdv_repos/nfl-ngs-raw via disk)
2026-09-09 23:17:07 [INFO] ngs_data_build: wrote ngs/teams/parquet/ngs_teams_2013.parquet (11.9KB) + ngs_teams_2013.csv (10.5KB), 34 rows x 19 cols; manifest ngs_teams_in_data_repo.csv
2026-09-09 23:17:07 [INFO] ngs_data_build: release nfl_ngs_teams missing on sportsdataverse/sportsdataverse-data -- creating it
https://github.com/sportsdataverse/sportsdataverse-data/releases/tag/nfl_ngs_teams
2026-09-09 23:17:08 [INFO] ngs_data_build: uploading ngs_teams_2013.parquet (11.9KB) -> sportsdataverse/sportsdataverse-data:nfl_ngs_teams
2026-09-09 23:17:09 [INFO] ngs_data_build: uploading ngs_teams_2013.csv (10.5KB) -> sportsdataverse/sportsdataverse-data:nfl_ngs_teams
2026-09-09 23:17:10 [INFO] ngs_data_build: uploading ngs_teams_in_data_repo.csv (247B) -> sportsdataverse/sportsdataverse-data:nfl_ngs_teams
2026-09-09 23:17:14 [INFO] ngs_data_build: stamped nfl_ngs_teams with timestamp.txt, timestamp.json, package_function.txt, package_function.json
2026-09-09 23:17:14 [INFO] ngs_data_build: teams 2013: done -- 34 rows x 19 cols in 6.4s
2026-09-09 23:17:14 [INFO] ngs_data_build: teams 2013: season complete -- 34 rows
stage teams elapsed=9s
::endgroup::
::group::ngs_data_build passing 2013
2026-09-09 23:17:16 [INFO] ngs_data_build: passing 2013: build starting (raw=/mnt/sdv_repos/nfl-ngs-raw via disk)
2026-09-09 23:17:16 [WARNING] ngs_data_build: passing 2013: 0 rows; nothing written (below the 2016 floor, or raw not yet scraped)
2026-09-09 23:17:16 [INFO] ngs_data_build: passing 2013: season complete -- 0 rows
stage passing elapsed=2s
::endgroup::
::group::ngs_data_build rushing 2013
2026-09-09 23:17:18 [INFO] ngs_data_build: rushing 2013: build starting (raw=/mnt/sdv_repos/nfl-ngs-raw via disk)
2026-09-09 23:17:18 [WARNING] ngs_data_build: rushing 2013: 0 rows; nothing written (below the 2016 floor, or raw not yet scraped)
2026-09-09 23:17:18 [INFO] ngs_data_build: rushing 2013: season complete -- 0 rows
stage rushing elapsed=3s
::endgroup::
::group::ngs_data_build receiving 2013
2026-09-09 23:17:21 [INFO] ngs_data_build: receiving 2013: build starting (raw=/mnt/sdv_repos/nfl-ngs-raw via disk)
2026-09-09 23:17:21 [WARNING] ngs_data_build: receiving 2013: 0 rows; nothing written (below the 2016 floor, or raw not yet scraped)
2026-09-09 23:17:21 [INFO] ngs_data_build: receiving 2013: season complete -- 0 rows
stage receiving elapsed=2s
::endgroup::
::group::ngs_data_build statboard_leaders 2013
2026-09-09 23:17:23 [INFO] ngs_data_build: statboard_leaders 2013: build starting (raw=/mnt/sdv_repos/nfl-ngs-raw via disk)
2026-09-09 23:17:23 [WARNING] ngs_data_build: statboard_leaders 2013: 0 rows; nothing written (below the 2016 floor, or raw not yet scraped)
2026-09-09 23:17:23 [INFO] ngs_data_build: statboard_leaders 2013: season complete -- 0 rows
stage statboard_leaders elapsed=3s
::endgroup::
::group::ngs_data_build leaders 2013
2026-09-09 23:17:26 [INFO] ngs_data_build: leaders 2013: build starting (raw=/mnt/sdv_repos/nfl-ngs-raw via disk)
2026-09-09 23:17:26 [WARNING] ngs_data_build: leaders 2013: 0 rows; nothing written (below the 2016 floor, or raw not yet scraped)
2026-09-09 23:17:26 [INFO] ngs_data_build: leaders 2013: season complete -- 0 rows
stage leaders elapsed=2s
::endgroup::
::group::ngs_data_build gamecenter_passers 2013
2026-09-09 23:17:28 [INFO] ngs_data_build: gamecenter_passers 2013: build starting (raw=/mnt/sdv_repos/nfl-ngs-raw via disk)
2026-09-09 23:17:29 [INFO] ngs_data_build: wrote ngs/gamecenter_passers/parquet/ngs_gamecenter_passers_2013.parquet (9.8KB) + ngs_gamecenter_passers_2013.csv (37.2KB), 502 rows x 17 cols; manifest ngs_gamecenter_passers_in_data_repo.csv
2026-09-09 23:17:29 [INFO] ngs_data_build: uploading ngs_gamecenter_passers_2013.parquet (9.8KB) -> sportsdataverse/sportsdataverse-data:nfl_ngs_gamecenter_passers
2026-09-09 23:17:30 [INFO] ngs_data_build: uploading ngs_gamecenter_passers_2013.csv (37.2KB) -> sportsdataverse/sportsdataverse-data:nfl_ngs_gamecenter_passers
2026-09-09 23:17:30 [INFO] ngs_data_build: uploading ngs_gamecenter_passers_in_data_repo.csv (665B) -> sportsdataverse/sportsdataverse-data:nfl_ngs_gamecenter_passers
2026-09-09 23:17:36 [INFO] ngs_data_build: stamped nfl_ngs_gamecenter_passers with timestamp.txt, timestamp.json, package_function.txt, package_function.json
2026-09-09 23:17:36 [INFO] ngs_data_build: gamecenter_passers 2013: done -- 502 rows x 17 cols in 7.1s
2026-09-09 23:17:36 [INFO] ngs_data_build: gamecenter_passers 2013: season complete -- 502 rows
stage gamecenter_passers elapsed=10s
::endgroup::
::group::ngs_data_build gamecenter_rushers 2013
2026-09-09 23:17:38 [INFO] ngs_data_build: gamecenter_rushers 2013: build starting (raw=/mnt/sdv_repos/nfl-ngs-raw via disk)
2026-09-09 23:17:38 [WARNING] ngs_data_build: gamecenter_rushers 2013: 0 rows; nothing written (below the 2012 floor, or raw not yet scraped)
2026-09-09 23:17:38 [INFO] ngs_data_build: gamecenter_rushers 2013: season complete -- 0 rows
stage gamecenter_rushers elapsed=3s
::endgroup::
::group::ngs_data_build gamecenter_receivers 2013
2026-09-09 23:17:41 [INFO] ngs_data_build: gamecenter_receivers 2013: build starting (raw=/mnt/sdv_repos/nfl-ngs-raw via disk)
2026-09-09 23:17:41 [WARNING] ngs_data_build: gamecenter_receivers 2013: 0 rows; nothing written (below the 2012 floor, or raw not yet scraped)
2026-09-09 23:17:41 [INFO] ngs_data_build: gamecenter_receivers 2013: season complete -- 0 rows
stage gamecenter_receivers elapsed=2s
::endgroup::
::group::ngs_data_build gamecenter_pass_rushers 2013
2026-09-09 23:17:43 [INFO] ngs_data_build: gamecenter_pass_rushers 2013: build starting (raw=/mnt/sdv_repos/nfl-ngs-raw via disk)
2026-09-09 23:17:43 [WARNING] ngs_data_build: gamecenter_pass_rushers 2013: 0 rows; nothing written (below the 2012 floor, or raw not yet scraped)
2026-09-09 23:17:43 [INFO] ngs_data_build: gamecenter_pass_rushers 2013: season complete -- 0 rows
stage gamecenter_pass_rushers elapsed=3s
::endgroup::
::group::ngs_data_build gamecenter_leaders 2013
2026-09-09 23:17:46 [INFO] ngs_data_build: gamecenter_leaders 2013: build starting (raw=/mnt/sdv_repos/nfl-ngs-raw via disk)
2026-09-09 23:17:46 [WARNING] ngs_data_build: gamecenter_leaders 2013: 0 rows; nothing written (below the 2012 floor, or raw not yet scraped)
2026-09-09 23:17:46 [INFO] ngs_data_build: gamecenter_leaders 2013: season complete -- 0 rows
stage gamecenter_leaders elapsed=2s
::endgroup::
season 2013 EXIT=0
pushed: NGS Data Update (Start: 2013 End: 2013) (attempt 1)
