=== season 2010  2026-09-10 03:14:35Z  raw=/mnt/sdv_repos/nfl-ngs-raw ===
::group::ngs_data_build schedules 2010
2026-09-09 23:14:36 [INFO] ngs_data_build: schedules 2010: build starting (raw=/mnt/sdv_repos/nfl-ngs-raw via disk)
2026-09-09 23:14:36 [INFO] ngs_data_build: wrote ngs/schedules/parquet/ngs_schedule_2010.parquet (19.5KB) + ngs_schedule_2010.csv (61.8KB), 333 rows x 30 cols; manifest ngs_schedules_in_data_repo.csv
2026-09-09 23:14:37 [INFO] ngs_data_build: uploading ngs_schedule_2010.parquet (19.5KB) -> sportsdataverse/sportsdataverse-data:nfl_ngs_schedules
2026-09-09 23:14:37 [INFO] ngs_data_build: uploading ngs_schedule_2010.csv (61.8KB) -> sportsdataverse/sportsdataverse-data:nfl_ngs_schedules
2026-09-09 23:14:38 [INFO] ngs_data_build: uploading ngs_schedules_in_data_repo.csv (353B) -> sportsdataverse/sportsdataverse-data:nfl_ngs_schedules
2026-09-09 23:14:43 [INFO] ngs_data_build: stamped nfl_ngs_schedules with timestamp.txt, timestamp.json, package_function.txt, package_function.json
2026-09-09 23:14:43 [INFO] ngs_data_build: schedules 2010: done -- 333 rows x 30 cols in 6.4s
2026-09-09 23:14:43 [INFO] ngs_data_build: schedules 2010: season complete -- 333 rows
stage schedules elapsed=8s
::endgroup::
::group::ngs_data_build teams 2010
2026-09-09 23:14:45 [INFO] ngs_data_build: teams 2010: build starting (raw=/mnt/sdv_repos/nfl-ngs-raw via disk)
2026-09-09 23:14:45 [WARNING] ngs_data_build: teams 2010: 0 rows; nothing written (below the 2009 floor, or raw not yet scraped)
2026-09-09 23:14:45 [INFO] ngs_data_build: teams 2010: season complete -- 0 rows
stage teams elapsed=3s
::endgroup::
::group::ngs_data_build passing 2010
2026-09-09 23:14:48 [INFO] ngs_data_build: passing 2010: build starting (raw=/mnt/sdv_repos/nfl-ngs-raw via disk)
2026-09-09 23:14:48 [WARNING] ngs_data_build: passing 2010: 0 rows; nothing written (below the 2016 floor, or raw not yet scraped)
2026-09-09 23:14:48 [INFO] ngs_data_build: passing 2010: season complete -- 0 rows
stage passing elapsed=2s
::endgroup::
::group::ngs_data_build rushing 2010
2026-09-09 23:14:50 [INFO] ngs_data_build: rushing 2010: build starting (raw=/mnt/sdv_repos/nfl-ngs-raw via disk)
2026-09-09 23:14:50 [WARNING] ngs_data_build: rushing 2010: 0 rows; nothing written (below the 2016 floor, or raw not yet scraped)
2026-09-09 23:14:50 [INFO] ngs_data_build: rushing 2010: season complete -- 0 rows
stage rushing elapsed=3s
::endgroup::
::group::ngs_data_build receiving 2010
2026-09-09 23:14:53 [INFO] ngs_data_build: receiving 2010: build starting (raw=/mnt/sdv_repos/nfl-ngs-raw via disk)
2026-09-09 23:14:53 [WARNING] ngs_data_build: receiving 2010: 0 rows; nothing written (below the 2016 floor, or raw not yet scraped)
2026-09-09 23:14:53 [INFO] ngs_data_build: receiving 2010: season complete -- 0 rows
stage receiving elapsed=2s
::endgroup::
::group::ngs_data_build statboard_leaders 2010
2026-09-09 23:14:55 [INFO] ngs_data_build: statboard_leaders 2010: build starting (raw=/mnt/sdv_repos/nfl-ngs-raw via disk)
2026-09-09 23:14:55 [WARNING] ngs_data_build: statboard_leaders 2010: 0 rows; nothing written (below the 2016 floor, or raw not yet scraped)
2026-09-09 23:14:55 [INFO] ngs_data_build: statboard_leaders 2010: season complete -- 0 rows
stage statboard_leaders elapsed=3s
::endgroup::
::group::ngs_data_build leaders 2010
2026-09-09 23:14:58 [INFO] ngs_data_build: leaders 2010: build starting (raw=/mnt/sdv_repos/nfl-ngs-raw via disk)
2026-09-09 23:14:58 [WARNING] ngs_data_build: leaders 2010: 0 rows; nothing written (below the 2016 floor, or raw not yet scraped)
2026-09-09 23:14:58 [INFO] ngs_data_build: leaders 2010: season complete -- 0 rows
stage leaders elapsed=2s
::endgroup::
::group::ngs_data_build gamecenter_passers 2010
2026-09-09 23:15:00 [INFO] ngs_data_build: gamecenter_passers 2010: build starting (raw=/mnt/sdv_repos/nfl-ngs-raw via disk)
2026-09-09 23:15:00 [INFO] ngs_data_build: wrote ngs/gamecenter_passers/parquet/ngs_gamecenter_passers_2010.parquet (11.1KB) + ngs_gamecenter_passers_2010.csv (46.5KB), 628 rows x 17 cols; manifest ngs_gamecenter_passers_in_data_repo.csv
2026-09-09 23:15:00 [INFO] ngs_data_build: uploading ngs_gamecenter_passers_2010.parquet (11.1KB) -> sportsdataverse/sportsdataverse-data:nfl_ngs_gamecenter_passers
2026-09-09 23:15:02 [INFO] ngs_data_build: uploading ngs_gamecenter_passers_2010.csv (46.5KB) -> sportsdataverse/sportsdataverse-data:nfl_ngs_gamecenter_passers
2026-09-09 23:15:03 [INFO] ngs_data_build: uploading ngs_gamecenter_passers_in_data_repo.csv (353B) -> sportsdataverse/sportsdataverse-data:nfl_ngs_gamecenter_passers
2026-09-09 23:15:09 [INFO] ngs_data_build: stamped nfl_ngs_gamecenter_passers with timestamp.txt, timestamp.json, package_function.txt, package_function.json
2026-09-09 23:15:09 [INFO] ngs_data_build: gamecenter_passers 2010: done -- 628 rows x 17 cols in 8.6s
2026-09-09 23:15:09 [INFO] ngs_data_build: gamecenter_passers 2010: season complete -- 628 rows
stage gamecenter_passers elapsed=11s
::endgroup::
::group::ngs_data_build gamecenter_rushers 2010
2026-09-09 23:15:11 [INFO] ngs_data_build: gamecenter_rushers 2010: build starting (raw=/mnt/sdv_repos/nfl-ngs-raw via disk)
2026-09-09 23:15:11 [WARNING] ngs_data_build: gamecenter_rushers 2010: 0 rows; nothing written (below the 2012 floor, or raw not yet scraped)
2026-09-09 23:15:11 [INFO] ngs_data_build: gamecenter_rushers 2010: season complete -- 0 rows
stage gamecenter_rushers elapsed=3s
::endgroup::
::group::ngs_data_build gamecenter_receivers 2010
2026-09-09 23:15:14 [INFO] ngs_data_build: gamecenter_receivers 2010: build starting (raw=/mnt/sdv_repos/nfl-ngs-raw via disk)
2026-09-09 23:15:14 [WARNING] ngs_data_build: gamecenter_receivers 2010: 0 rows; nothing written (below the 2012 floor, or raw not yet scraped)
2026-09-09 23:15:14 [INFO] ngs_data_build: gamecenter_receivers 2010: season complete -- 0 rows
stage gamecenter_receivers elapsed=3s
::endgroup::
::group::ngs_data_build gamecenter_pass_rushers 2010
2026-09-09 23:15:17 [INFO] ngs_data_build: gamecenter_pass_rushers 2010: build starting (raw=/mnt/sdv_repos/nfl-ngs-raw via disk)
2026-09-09 23:15:17 [WARNING] ngs_data_build: gamecenter_pass_rushers 2010: 0 rows; nothing written (below the 2012 floor, or raw not yet scraped)
2026-09-09 23:15:17 [INFO] ngs_data_build: gamecenter_pass_rushers 2010: season complete -- 0 rows
stage gamecenter_pass_rushers elapsed=3s
::endgroup::
::group::ngs_data_build gamecenter_leaders 2010
2026-09-09 23:15:20 [INFO] ngs_data_build: gamecenter_leaders 2010: build starting (raw=/mnt/sdv_repos/nfl-ngs-raw via disk)
2026-09-09 23:15:20 [WARNING] ngs_data_build: gamecenter_leaders 2010: 0 rows; nothing written (below the 2012 floor, or raw not yet scraped)
2026-09-09 23:15:20 [INFO] ngs_data_build: gamecenter_leaders 2010: season complete -- 0 rows
stage gamecenter_leaders elapsed=3s
::endgroup::
season 2010 EXIT=0
pushed: NGS Data Update (Start: 2010 End: 2010) (attempt 1)
