=== season 2020  2026-09-14 21:50:27Z  raw=https://raw.githubusercontent.com/sportsdataverse/nfl-ngs-raw/main ===
::group::ngs_data_build schedules 2020
2026-09-14 21:50:33 [INFO] ngs_data_build: schedules 2020: build starting (raw=https://raw.githubusercontent.com/sportsdataverse/nfl-ngs-raw/main via http)
2026-09-14 21:50:33 [INFO] ngs_data_build: wrote ngs_schedule_2020.parquet (23.8KB), ngs_schedule_2020.csv (70.6KB), 270 rows x 30 cols; manifest ngs_schedules_in_data_repo.csv
2026-09-14 21:50:34 [INFO] ngs_data_build: uploading ngs_schedule_2020.parquet (23.8KB) -> sportsdataverse/sportsdataverse-data:nfl_ngs_schedules
2026-09-14 21:50:35 [INFO] ngs_data_build: uploading ngs_schedule_2020.csv (70.6KB) -> sportsdataverse/sportsdataverse-data:nfl_ngs_schedules
2026-09-14 21:50:36 [INFO] ngs_data_build: uploading ngs_schedules_in_data_repo.csv (1.9KB) -> sportsdataverse/sportsdataverse-data:nfl_ngs_schedules
2026-09-14 21:50:41 [INFO] ngs_data_build: stamped nfl_ngs_schedules with timestamp.txt, timestamp.json, package_function.txt, package_function.json
2026-09-14 21:50:41 [INFO] ngs_data_build: schedules 2020: done -- 270 rows x 30 cols in 7.9s
2026-09-14 21:50:41 [INFO] ngs_data_build: schedules 2020: season complete -- 270 rows
stage schedules elapsed=14s
::endgroup::
::group::ngs_data_build teams 2020
2026-09-14 21:50:43 [INFO] ngs_data_build: teams 2020: build starting (raw=https://raw.githubusercontent.com/sportsdataverse/nfl-ngs-raw/main via http)
2026-09-14 21:50:43 [INFO] ngs_data_build: wrote ngs_teams_2020.parquet (13.1KB), ngs_teams_2020.csv (11.6KB), 34 rows x 20 cols; manifest ngs_teams_in_data_repo.csv
2026-09-14 21:50:44 [INFO] ngs_data_build: uploading ngs_teams_2020.parquet (13.1KB) -> sportsdataverse/sportsdataverse-data:nfl_ngs_teams
2026-09-14 21:50:45 [INFO] ngs_data_build: uploading ngs_teams_2020.csv (11.6KB) -> sportsdataverse/sportsdataverse-data:nfl_ngs_teams
2026-09-14 21:50:46 [INFO] ngs_data_build: uploading ngs_teams_in_data_repo.csv (1.4KB) -> sportsdataverse/sportsdataverse-data:nfl_ngs_teams
2026-09-14 21:50:51 [INFO] ngs_data_build: stamped nfl_ngs_teams with timestamp.txt, timestamp.json, package_function.txt, package_function.json
2026-09-14 21:50:51 [INFO] ngs_data_build: teams 2020: done -- 34 rows x 20 cols in 7.6s
2026-09-14 21:50:51 [INFO] ngs_data_build: teams 2020: season complete -- 34 rows
stage teams elapsed=10s
::endgroup::
::group::ngs_data_build passing 2020
2026-09-14 21:50:53 [INFO] ngs_data_build: passing 2020: build starting (raw=https://raw.githubusercontent.com/sportsdataverse/nfl-ngs-raw/main via http)
2026-09-14 21:50:55 [INFO] ngs_data_build: wrote ngs_passing_2020.parquet (82.0KB), ngs_passing_2020.csv (291.0KB), 581 rows x 49 cols; manifest ngs_passing_in_data_repo.csv
2026-09-14 21:50:55 [INFO] ngs_data_build: uploading ngs_passing_2020.parquet (82.0KB) -> sportsdataverse/sportsdataverse-data:nfl_ngs_passing
2026-09-14 21:50:56 [INFO] ngs_data_build: uploading ngs_passing_2020.csv (291.0KB) -> sportsdataverse/sportsdataverse-data:nfl_ngs_passing
2026-09-14 21:50:57 [INFO] ngs_data_build: uploading ngs_passing_in_data_repo.csv (1.2KB) -> sportsdataverse/sportsdataverse-data:nfl_ngs_passing
2026-09-14 21:51:02 [INFO] ngs_data_build: stamped nfl_ngs_passing with timestamp.txt, timestamp.json, package_function.txt, package_function.json
2026-09-14 21:51:02 [INFO] ngs_data_build: passing 2020: done -- 581 rows x 49 cols in 9.5s
2026-09-14 21:51:02 [INFO] ngs_data_build: passing 2020: season complete -- 581 rows
stage passing elapsed=11s
::endgroup::
::group::ngs_data_build rushing 2020
2026-09-14 21:51:04 [INFO] ngs_data_build: rushing 2020: build starting (raw=https://raw.githubusercontent.com/sportsdataverse/nfl-ngs-raw/main via http)
2026-09-14 21:51:06 [INFO] ngs_data_build: wrote ngs_rushing_2020.parquet (58.3KB), ngs_rushing_2020.csv (227.6KB), 596 rows x 39 cols; manifest ngs_rushing_in_data_repo.csv
2026-09-14 21:51:07 [INFO] ngs_data_build: uploading ngs_rushing_2020.parquet (58.3KB) -> sportsdataverse/sportsdataverse-data:nfl_ngs_rushing
2026-09-14 21:51:08 [INFO] ngs_data_build: uploading ngs_rushing_2020.csv (227.6KB) -> sportsdataverse/sportsdataverse-data:nfl_ngs_rushing
2026-09-14 21:51:09 [INFO] ngs_data_build: uploading ngs_rushing_in_data_repo.csv (1.2KB) -> sportsdataverse/sportsdataverse-data:nfl_ngs_rushing
2026-09-14 21:51:14 [INFO] ngs_data_build: stamped nfl_ngs_rushing with timestamp.txt, timestamp.json, package_function.txt, package_function.json
2026-09-14 21:51:14 [INFO] ngs_data_build: rushing 2020: done -- 596 rows x 39 cols in 9.5s
2026-09-14 21:51:14 [INFO] ngs_data_build: rushing 2020: season complete -- 596 rows
stage rushing elapsed=11s
::endgroup::
::group::ngs_data_build receiving 2020
2026-09-14 21:51:16 [INFO] ngs_data_build: receiving 2020: build starting (raw=https://raw.githubusercontent.com/sportsdataverse/nfl-ngs-raw/main via http)
2026-09-14 21:51:20 [INFO] ngs_data_build: wrote ngs_receiving_2020.parquet (126.2KB), ngs_receiving_2020.csv (606.2KB), 1520 rows x 42 cols; manifest ngs_receiving_in_data_repo.csv
2026-09-14 21:51:20 [INFO] ngs_data_build: uploading ngs_receiving_2020.parquet (126.2KB) -> sportsdataverse/sportsdataverse-data:nfl_ngs_receiving
2026-09-14 21:51:21 [INFO] ngs_data_build: uploading ngs_receiving_2020.csv (606.2KB) -> sportsdataverse/sportsdataverse-data:nfl_ngs_receiving
2026-09-14 21:51:22 [INFO] ngs_data_build: uploading ngs_receiving_in_data_repo.csv (1.2KB) -> sportsdataverse/sportsdataverse-data:nfl_ngs_receiving
2026-09-14 21:51:27 [INFO] ngs_data_build: stamped nfl_ngs_receiving with timestamp.txt, timestamp.json, package_function.txt, package_function.json
2026-09-14 21:51:27 [INFO] ngs_data_build: receiving 2020: done -- 1520 rows x 42 cols in 11.3s
2026-09-14 21:51:27 [INFO] ngs_data_build: receiving 2020: season complete -- 1520 rows
stage receiving elapsed=13s
::endgroup::
::group::ngs_data_build statboard_leaders 2020
2026-09-14 21:51:29 [INFO] ngs_data_build: statboard_leaders 2020: build starting (raw=https://raw.githubusercontent.com/sportsdataverse/nfl-ngs-raw/main via http)
2026-09-14 21:51:29 [INFO] ngs_data_build: wrote ngs_statboard_leaders_2020.parquet (28.0KB), ngs_statboard_leaders_2020.csv (13.8KB), 45 rows x 59 cols; manifest ngs_statboard_leaders_in_data_repo.csv
2026-09-14 21:51:30 [INFO] ngs_data_build: uploading ngs_statboard_leaders_2020.parquet (28.0KB) -> sportsdataverse/sportsdataverse-data:nfl_ngs_statboard_leaders
2026-09-14 21:51:31 [INFO] ngs_data_build: uploading ngs_statboard_leaders_2020.csv (13.8KB) -> sportsdataverse/sportsdataverse-data:nfl_ngs_statboard_leaders
2026-09-14 21:51:32 [INFO] ngs_data_build: uploading ngs_statboard_leaders_in_data_repo.csv (1.1KB) -> sportsdataverse/sportsdataverse-data:nfl_ngs_statboard_leaders
2026-09-14 21:51:37 [INFO] ngs_data_build: stamped nfl_ngs_statboard_leaders with timestamp.txt, timestamp.json, package_function.txt, package_function.json
2026-09-14 21:51:37 [INFO] ngs_data_build: statboard_leaders 2020: done -- 45 rows x 59 cols in 7.7s
2026-09-14 21:51:37 [INFO] ngs_data_build: statboard_leaders 2020: season complete -- 45 rows
stage statboard_leaders elapsed=10s
::endgroup::
::group::ngs_data_build leaders 2020
2026-09-14 21:51:39 [INFO] ngs_data_build: leaders 2020: build starting (raw=https://raw.githubusercontent.com/sportsdataverse/nfl-ngs-raw/main via http)
2026-09-14 21:51:52 [INFO] ngs_data_build: wrote ngs_leaders_2020.parquet (329.1KB), ngs_leaders_2020.csv (1.8MB), 3011 rows x 108 cols; manifest ngs_leaders_in_data_repo.csv
2026-09-14 21:51:53 [INFO] ngs_data_build: uploading ngs_leaders_2020.parquet (329.1KB) -> sportsdataverse/sportsdataverse-data:nfl_ngs_leaders
2026-09-14 21:51:54 [INFO] ngs_data_build: uploading ngs_leaders_2020.csv (1.8MB) -> sportsdataverse/sportsdataverse-data:nfl_ngs_leaders
2026-09-14 21:51:55 [INFO] ngs_data_build: uploading ngs_leaders_in_data_repo.csv (1.2KB) -> sportsdataverse/sportsdataverse-data:nfl_ngs_leaders
2026-09-14 21:52:01 [INFO] ngs_data_build: stamped nfl_ngs_leaders with timestamp.txt, timestamp.json, package_function.txt, package_function.json
2026-09-14 21:52:01 [INFO] ngs_data_build: leaders 2020: done -- 3011 rows x 108 cols in 22.2s
2026-09-14 21:52:01 [INFO] ngs_data_build: leaders 2020: season complete -- 3011 rows
stage leaders elapsed=24s
::endgroup::
::group::ngs_data_build gamecenter_passers 2020
2026-09-14 21:52:03 [INFO] ngs_data_build: gamecenter_passers 2020: build starting (raw=https://raw.githubusercontent.com/sportsdataverse/nfl-ngs-raw/main via http)
2026-09-14 21:52:23 [INFO] ngs_data_build: wrote ngs_gamecenter_passers_2020.parquet (21.3KB), ngs_gamecenter_passers_2020.csv (114.1KB), 538 rows x 25 cols; manifest ngs_gamecenter_passers_in_data_repo.csv
2026-09-14 21:52:23 [INFO] ngs_data_build: uploading ngs_gamecenter_passers_2020.parquet (21.3KB) -> sportsdataverse/sportsdataverse-data:nfl_ngs_gamecenter_passers
2026-09-14 21:52:24 [INFO] ngs_data_build: uploading ngs_gamecenter_passers_2020.csv (114.1KB) -> sportsdataverse/sportsdataverse-data:nfl_ngs_gamecenter_passers
2026-09-14 21:52:25 [INFO] ngs_data_build: uploading ngs_gamecenter_passers_in_data_repo.csv (1.9KB) -> sportsdataverse/sportsdataverse-data:nfl_ngs_gamecenter_passers
2026-09-14 21:52:31 [INFO] ngs_data_build: stamped nfl_ngs_gamecenter_passers with timestamp.txt, timestamp.json, package_function.txt, package_function.json
2026-09-14 21:52:31 [INFO] ngs_data_build: gamecenter_passers 2020: done -- 538 rows x 25 cols in 28.1s
2026-09-14 21:52:31 [INFO] ngs_data_build: gamecenter_passers 2020: season complete -- 538 rows
stage gamecenter_passers elapsed=30s
::endgroup::
::group::ngs_data_build gamecenter_rushers 2020
2026-09-14 21:52:33 [INFO] ngs_data_build: gamecenter_rushers 2020: build starting (raw=https://raw.githubusercontent.com/sportsdataverse/nfl-ngs-raw/main via http)
2026-09-14 21:52:33 [INFO] ngs_data_build: wrote ngs_gamecenter_rushers_2020.parquet (270.7KB), ngs_gamecenter_rushers_2020.csv (940.0KB), 1594 rows x 98 cols; manifest ngs_gamecenter_rushers_in_data_repo.csv
2026-09-14 21:52:34 [INFO] ngs_data_build: uploading ngs_gamecenter_rushers_2020.parquet (270.7KB) -> sportsdataverse/sportsdataverse-data:nfl_ngs_gamecenter_rushers
2026-09-14 21:52:35 [INFO] ngs_data_build: uploading ngs_gamecenter_rushers_2020.csv (940.0KB) -> sportsdataverse/sportsdataverse-data:nfl_ngs_gamecenter_rushers
2026-09-14 21:52:36 [INFO] ngs_data_build: uploading ngs_gamecenter_rushers_in_data_repo.csv (1.3KB) -> sportsdataverse/sportsdataverse-data:nfl_ngs_gamecenter_rushers
2026-09-14 21:52:42 [INFO] ngs_data_build: stamped nfl_ngs_gamecenter_rushers with timestamp.txt, timestamp.json, package_function.txt, package_function.json
2026-09-14 21:52:42 [INFO] ngs_data_build: gamecenter_rushers 2020: done -- 1594 rows x 98 cols in 8.9s
2026-09-14 21:52:42 [INFO] ngs_data_build: gamecenter_rushers 2020: season complete -- 1594 rows
stage gamecenter_rushers elapsed=11s
::endgroup::
::group::ngs_data_build gamecenter_receivers 2020
2026-09-14 21:52:44 [INFO] ngs_data_build: gamecenter_receivers 2020: build starting (raw=https://raw.githubusercontent.com/sportsdataverse/nfl-ngs-raw/main via http)
2026-09-14 21:52:44 [INFO] ngs_data_build: wrote ngs_gamecenter_receivers_2020.parquet (93.0KB), ngs_gamecenter_receivers_2020.csv (717.5KB), 2646 rows x 30 cols; manifest ngs_gamecenter_receivers_in_data_repo.csv
2026-09-14 21:52:44 [INFO] ngs_data_build: uploading ngs_gamecenter_receivers_2020.parquet (93.0KB) -> sportsdataverse/sportsdataverse-data:nfl_ngs_gamecenter_receivers
2026-09-14 21:52:45 [INFO] ngs_data_build: uploading ngs_gamecenter_receivers_2020.csv (717.5KB) -> sportsdataverse/sportsdataverse-data:nfl_ngs_gamecenter_receivers
2026-09-14 21:52:46 [INFO] ngs_data_build: uploading ngs_gamecenter_receivers_in_data_repo.csv (1.3KB) -> sportsdataverse/sportsdataverse-data:nfl_ngs_gamecenter_receivers
2026-09-14 21:52:52 [INFO] ngs_data_build: stamped nfl_ngs_gamecenter_receivers with timestamp.txt, timestamp.json, package_function.txt, package_function.json
2026-09-14 21:52:52 [INFO] ngs_data_build: gamecenter_receivers 2020: done -- 2646 rows x 30 cols in 7.7s
2026-09-14 21:52:52 [INFO] ngs_data_build: gamecenter_receivers 2020: season complete -- 2646 rows
stage gamecenter_receivers elapsed=10s
::endgroup::
::group::ngs_data_build gamecenter_pass_rushers 2020
2026-09-14 21:52:53 [INFO] ngs_data_build: gamecenter_pass_rushers 2020: build starting (raw=https://raw.githubusercontent.com/sportsdataverse/nfl-ngs-raw/main via http)
2026-09-14 21:52:54 [INFO] ngs_data_build: wrote ngs_gamecenter_pass_rushers_2020.parquet (61.0KB), ngs_gamecenter_pass_rushers_2020.csv (539.3KB), 2152 rows x 27 cols; manifest ngs_gamecenter_pass_rushers_in_data_repo.csv
2026-09-14 21:52:54 [INFO] ngs_data_build: uploading ngs_gamecenter_pass_rushers_2020.parquet (61.0KB) -> sportsdataverse/sportsdataverse-data:nfl_ngs_gamecenter_pass_rushers
2026-09-14 21:52:55 [INFO] ngs_data_build: uploading ngs_gamecenter_pass_rushers_2020.csv (539.3KB) -> sportsdataverse/sportsdataverse-data:nfl_ngs_gamecenter_pass_rushers
2026-09-14 21:52:56 [INFO] ngs_data_build: uploading ngs_gamecenter_pass_rushers_in_data_repo.csv (1.2KB) -> sportsdataverse/sportsdataverse-data:nfl_ngs_gamecenter_pass_rushers
2026-09-14 21:53:01 [INFO] ngs_data_build: stamped nfl_ngs_gamecenter_pass_rushers with timestamp.txt, timestamp.json, package_function.txt, package_function.json
2026-09-14 21:53:01 [INFO] ngs_data_build: gamecenter_pass_rushers 2020: done -- 2152 rows x 27 cols in 7.7s
2026-09-14 21:53:01 [INFO] ngs_data_build: gamecenter_pass_rushers 2020: season complete -- 2152 rows
stage gamecenter_pass_rushers elapsed=9s
::endgroup::
::group::ngs_data_build gamecenter_leaders 2020
2026-09-14 21:53:03 [INFO] ngs_data_build: gamecenter_leaders 2020: build starting (raw=https://raw.githubusercontent.com/sportsdataverse/nfl-ngs-raw/main via http)
2026-09-14 21:53:03 [INFO] ngs_data_build: wrote ngs_gamecenter_leaders_2020.parquet (57.0KB), ngs_gamecenter_leaders_2020.csv (354.0KB), 1540 rows x 23 cols; manifest ngs_gamecenter_leaders_in_data_repo.csv
2026-09-14 21:53:04 [INFO] ngs_data_build: uploading ngs_gamecenter_leaders_2020.parquet (57.0KB) -> sportsdataverse/sportsdataverse-data:nfl_ngs_gamecenter_leaders
2026-09-14 21:53:05 [INFO] ngs_data_build: uploading ngs_gamecenter_leaders_2020.csv (354.0KB) -> sportsdataverse/sportsdataverse-data:nfl_ngs_gamecenter_leaders
2026-09-14 21:53:06 [INFO] ngs_data_build: uploading ngs_gamecenter_leaders_in_data_repo.csv (1.2KB) -> sportsdataverse/sportsdataverse-data:nfl_ngs_gamecenter_leaders
2026-09-14 21:53:11 [INFO] ngs_data_build: stamped nfl_ngs_gamecenter_leaders with timestamp.txt, timestamp.json, package_function.txt, package_function.json
2026-09-14 21:53:11 [INFO] ngs_data_build: gamecenter_leaders 2020: done -- 1540 rows x 23 cols in 7.6s
2026-09-14 21:53:11 [INFO] ngs_data_build: gamecenter_leaders 2020: season complete -- 1540 rows
stage gamecenter_leaders elapsed=10s
::endgroup::
::group::ngs_data_build highlights 2020
2026-09-14 21:53:13 [INFO] ngs_data_build: highlights 2020: build starting (raw=https://raw.githubusercontent.com/sportsdataverse/nfl-ngs-raw/main via http)
2026-09-14 21:53:15 [INFO] ngs_data_build: wrote ngs_highlights_2020.parquet (114.5KB), ngs_highlights_2020.csv (528.7KB), 1706 rows x 41 cols; manifest ngs_highlights_in_data_repo.csv
2026-09-14 21:53:15 [INFO] ngs_data_build: uploading ngs_highlights_2020.parquet (114.5KB) -> sportsdataverse/sportsdataverse-data:nfl_ngs_highlights
2026-09-14 21:53:16 [INFO] ngs_data_build: uploading ngs_highlights_2020.csv (528.7KB) -> sportsdataverse/sportsdataverse-data:nfl_ngs_highlights
2026-09-14 21:53:17 [INFO] ngs_data_build: uploading ngs_highlights_in_data_repo.csv (774B) -> sportsdataverse/sportsdataverse-data:nfl_ngs_highlights
2026-09-14 21:53:22 [INFO] ngs_data_build: stamped nfl_ngs_highlights with timestamp.txt, timestamp.json, package_function.txt, package_function.json
2026-09-14 21:53:22 [INFO] ngs_data_build: highlights 2020: done -- 1706 rows x 41 cols in 9.2s
2026-09-14 21:53:22 [INFO] ngs_data_build: highlights 2020: season complete -- 1706 rows
stage highlights elapsed=11s
::endgroup::
::group::ngs_data_build highlight_participation 2020
2026-09-14 21:53:24 [INFO] ngs_data_build: highlight_participation 2020: build starting (raw=https://raw.githubusercontent.com/sportsdataverse/nfl-ngs-raw/main via http)
2026-09-14 21:55:48 [INFO] ngs_data_build: wrote ngs_highlight_participation_2020.parquet (847.9KB), ngs_highlight_participation_2020.csv (12.9MB), 37529 rows x 45 cols; manifest ngs_highlight_participation_in_data_repo.csv
2026-09-14 21:55:48 [INFO] ngs_data_build: uploading ngs_highlight_participation_2020.parquet (847.9KB) -> sportsdataverse/sportsdataverse-data:nfl_ngs_highlight_participation
2026-09-14 21:55:49 [INFO] ngs_data_build: uploading ngs_highlight_participation_2020.csv (12.9MB) -> sportsdataverse/sportsdataverse-data:nfl_ngs_highlight_participation
2026-09-14 21:55:50 [INFO] ngs_data_build: uploading ngs_highlight_participation_in_data_repo.csv (781B) -> sportsdataverse/sportsdataverse-data:nfl_ngs_highlight_participation
2026-09-14 21:55:56 [INFO] ngs_data_build: stamped nfl_ngs_highlight_participation with timestamp.txt, timestamp.json, package_function.txt, package_function.json
2026-09-14 21:55:56 [INFO] ngs_data_build: highlight_participation 2020: done -- 37529 rows x 45 cols in 152.3s
2026-09-14 21:55:56 [INFO] ngs_data_build: highlight_participation 2020: season complete -- 37529 rows
stage highlight_participation elapsed=154s
::endgroup::
::group::ngs_data_build highlight_events 2020
2026-09-14 21:55:58 [INFO] ngs_data_build: highlight_events 2020: build starting (raw=https://raw.githubusercontent.com/sportsdataverse/nfl-ngs-raw/main via http)
2026-09-14 21:58:37 [INFO] ngs_data_build: wrote ngs_highlight_events_2020.parquet (75.7KB), ngs_highlight_events_2020.csv (1.2MB), 15614 rows x 9 cols; manifest ngs_highlight_events_in_data_repo.csv
2026-09-14 21:58:38 [INFO] ngs_data_build: uploading ngs_highlight_events_2020.parquet (75.7KB) -> sportsdataverse/sportsdataverse-data:nfl_ngs_highlight_events
2026-09-14 21:58:38 [INFO] ngs_data_build: uploading ngs_highlight_events_2020.csv (1.2MB) -> sportsdataverse/sportsdataverse-data:nfl_ngs_highlight_events
2026-09-14 21:58:39 [INFO] ngs_data_build: uploading ngs_highlight_events_in_data_repo.csv (781B) -> sportsdataverse/sportsdataverse-data:nfl_ngs_highlight_events
2026-09-14 21:58:45 [INFO] ngs_data_build: stamped nfl_ngs_highlight_events with timestamp.txt, timestamp.json, package_function.txt, package_function.json
2026-09-14 21:58:45 [INFO] ngs_data_build: highlight_events 2020: done -- 15614 rows x 9 cols in 166.7s
2026-09-14 21:58:45 [INFO] ngs_data_build: highlight_events 2020: season complete -- 15614 rows
stage highlight_events elapsed=169s
::endgroup::
::group::ngs_data_build highlight_tracking 2020
2026-09-14 21:58:47 [INFO] ngs_data_build: highlight_tracking 2020: build starting (raw=https://raw.githubusercontent.com/sportsdataverse/nfl-ngs-raw/main via http)
2026-09-14 21:59:14 [INFO] ngs_data_build: wrote ngs_highlight_tracking_2020.parquet (94.4MB), 11934044 rows x 15 cols; manifest ngs_highlight_tracking_in_data_repo.csv [release-only staging]
2026-09-14 21:59:14 [INFO] ngs_data_build: uploading ngs_highlight_tracking_2020.parquet (94.4MB) -> sportsdataverse/sportsdataverse-data:nfl_ngs_highlight_tracking
2026-09-14 21:59:18 [INFO] ngs_data_build: uploading ngs_highlight_tracking_in_data_repo.csv (150B) -> sportsdataverse/sportsdataverse-data:nfl_ngs_highlight_tracking
2026-09-14 21:59:24 [INFO] ngs_data_build: stamped nfl_ngs_highlight_tracking with timestamp.txt, timestamp.json, package_function.txt, package_function.json
2026-09-14 21:59:24 [INFO] ngs_data_build: highlight_tracking 2020: done -- 11934044 rows x 15 cols in 36.8s
2026-09-14 21:59:24 [INFO] ngs_data_build: highlight_tracking 2020: season complete -- 11934044 rows
stage highlight_tracking elapsed=39s
::endgroup::
season 2020 EXIT=0
pushed: NGS Data Update (Start: 2020 End: 2020) (attempt 1)
