=== season 2009  2026-09-10 03:13:46Z  raw=/mnt/sdv_repos/nfl-ngs-raw ===
::group::ngs_data_build schedules 2009
2026-09-09 23:13:48 [INFO] ngs_data_build: schedules 2009: build starting (raw=/mnt/sdv_repos/nfl-ngs-raw via disk)
2026-09-09 23:13:48 [INFO] ngs_data_build: wrote ngs/schedules/parquet/ngs_schedule_2009.parquet (19.5KB) + ngs_schedule_2009.csv (61.9KB), 333 rows x 30 cols; manifest ngs_schedules_in_data_repo.csv
2026-09-09 23:13:48 [INFO] ngs_data_build: release nfl_ngs_schedules missing on sportsdataverse/sportsdataverse-data -- creating it
https://github.com/sportsdataverse/sportsdataverse-data/releases/tag/nfl_ngs_schedules
2026-09-09 23:13:49 [INFO] ngs_data_build: uploading ngs_schedule_2009.parquet (19.5KB) -> sportsdataverse/sportsdataverse-data:nfl_ngs_schedules
2026-09-09 23:13:49 [INFO] ngs_data_build: uploading ngs_schedule_2009.csv (61.9KB) -> sportsdataverse/sportsdataverse-data:nfl_ngs_schedules
2026-09-09 23:13:50 [INFO] ngs_data_build: uploading ngs_schedules_in_data_repo.csv (249B) -> sportsdataverse/sportsdataverse-data:nfl_ngs_schedules
2026-09-09 23:13:55 [INFO] ngs_data_build: stamped nfl_ngs_schedules with timestamp.txt, timestamp.json, package_function.txt, package_function.json
2026-09-09 23:13:55 [INFO] ngs_data_build: schedules 2009: done -- 333 rows x 30 cols in 7.0s
2026-09-09 23:13:55 [INFO] ngs_data_build: schedules 2009: season complete -- 333 rows
stage schedules elapsed=9s
::endgroup::
::group::ngs_data_build teams 2009
2026-09-09 23:13:57 [INFO] ngs_data_build: teams 2009: build starting (raw=/mnt/sdv_repos/nfl-ngs-raw via disk)
2026-09-09 23:13:57 [WARNING] ngs_data_build: teams 2009: 0 rows; nothing written (below the 2009 floor, or raw not yet scraped)
2026-09-09 23:13:57 [INFO] ngs_data_build: teams 2009: season complete -- 0 rows
stage teams elapsed=3s
::endgroup::
::group::ngs_data_build passing 2009
2026-09-09 23:14:00 [INFO] ngs_data_build: passing 2009: build starting (raw=/mnt/sdv_repos/nfl-ngs-raw via disk)
2026-09-09 23:14:00 [WARNING] ngs_data_build: passing 2009: 0 rows; nothing written (below the 2016 floor, or raw not yet scraped)
2026-09-09 23:14:00 [INFO] ngs_data_build: passing 2009: season complete -- 0 rows
stage passing elapsed=2s
::endgroup::
::group::ngs_data_build rushing 2009
2026-09-09 23:14:03 [INFO] ngs_data_build: rushing 2009: build starting (raw=/mnt/sdv_repos/nfl-ngs-raw via disk)
2026-09-09 23:14:03 [WARNING] ngs_data_build: rushing 2009: 0 rows; nothing written (below the 2016 floor, or raw not yet scraped)
2026-09-09 23:14:03 [INFO] ngs_data_build: rushing 2009: season complete -- 0 rows
stage rushing elapsed=3s
::endgroup::
::group::ngs_data_build receiving 2009
2026-09-09 23:14:06 [INFO] ngs_data_build: receiving 2009: build starting (raw=/mnt/sdv_repos/nfl-ngs-raw via disk)
2026-09-09 23:14:06 [WARNING] ngs_data_build: receiving 2009: 0 rows; nothing written (below the 2016 floor, or raw not yet scraped)
2026-09-09 23:14:06 [INFO] ngs_data_build: receiving 2009: season complete -- 0 rows
stage receiving elapsed=4s
::endgroup::
::group::ngs_data_build statboard_leaders 2009
2026-09-09 23:14:09 [INFO] ngs_data_build: statboard_leaders 2009: build starting (raw=/mnt/sdv_repos/nfl-ngs-raw via disk)
2026-09-09 23:14:09 [WARNING] ngs_data_build: statboard_leaders 2009: 0 rows; nothing written (below the 2016 floor, or raw not yet scraped)
2026-09-09 23:14:09 [INFO] ngs_data_build: statboard_leaders 2009: season complete -- 0 rows
stage statboard_leaders elapsed=2s
::endgroup::
::group::ngs_data_build leaders 2009
2026-09-09 23:14:11 [INFO] ngs_data_build: leaders 2009: build starting (raw=/mnt/sdv_repos/nfl-ngs-raw via disk)
2026-09-09 23:14:11 [WARNING] ngs_data_build: leaders 2009: 0 rows; nothing written (below the 2016 floor, or raw not yet scraped)
2026-09-09 23:14:11 [INFO] ngs_data_build: leaders 2009: season complete -- 0 rows
stage leaders elapsed=3s
::endgroup::
::group::ngs_data_build gamecenter_passers 2009
2026-09-09 23:14:14 [INFO] ngs_data_build: gamecenter_passers 2009: build starting (raw=/mnt/sdv_repos/nfl-ngs-raw via disk)
2026-09-09 23:14:14 [INFO] ngs_data_build: wrote ngs/gamecenter_passers/parquet/ngs_gamecenter_passers_2009.parquet (11.1KB) + ngs_gamecenter_passers_2009.csv (47.1KB), 636 rows x 17 cols; manifest ngs_gamecenter_passers_in_data_repo.csv
2026-09-09 23:14:14 [INFO] ngs_data_build: release nfl_ngs_gamecenter_passers missing on sportsdataverse/sportsdataverse-data -- creating it
https://github.com/sportsdataverse/sportsdataverse-data/releases/tag/nfl_ngs_gamecenter_passers
2026-09-09 23:14:15 [INFO] ngs_data_build: uploading ngs_gamecenter_passers_2009.parquet (11.1KB) -> sportsdataverse/sportsdataverse-data:nfl_ngs_gamecenter_passers
2026-09-09 23:14:16 [INFO] ngs_data_build: uploading ngs_gamecenter_passers_2009.csv (47.1KB) -> sportsdataverse/sportsdataverse-data:nfl_ngs_gamecenter_passers
2026-09-09 23:14:17 [INFO] ngs_data_build: uploading ngs_gamecenter_passers_in_data_repo.csv (249B) -> sportsdataverse/sportsdataverse-data:nfl_ngs_gamecenter_passers
2026-09-09 23:14:21 [INFO] ngs_data_build: stamped nfl_ngs_gamecenter_passers with timestamp.txt, timestamp.json, package_function.txt, package_function.json
2026-09-09 23:14:21 [INFO] ngs_data_build: gamecenter_passers 2009: done -- 636 rows x 17 cols in 7.5s
2026-09-09 23:14:21 [INFO] ngs_data_build: gamecenter_passers 2009: season complete -- 636 rows
stage gamecenter_passers elapsed=9s
::endgroup::
::group::ngs_data_build gamecenter_rushers 2009
2026-09-09 23:14:23 [INFO] ngs_data_build: gamecenter_rushers 2009: build starting (raw=/mnt/sdv_repos/nfl-ngs-raw via disk)
2026-09-09 23:14:23 [WARNING] ngs_data_build: gamecenter_rushers 2009: 0 rows; nothing written (below the 2012 floor, or raw not yet scraped)
2026-09-09 23:14:23 [INFO] ngs_data_build: gamecenter_rushers 2009: season complete -- 0 rows
stage gamecenter_rushers elapsed=3s
::endgroup::
::group::ngs_data_build gamecenter_receivers 2009
2026-09-09 23:14:26 [INFO] ngs_data_build: gamecenter_receivers 2009: build starting (raw=/mnt/sdv_repos/nfl-ngs-raw via disk)
2026-09-09 23:14:26 [WARNING] ngs_data_build: gamecenter_receivers 2009: 0 rows; nothing written (below the 2012 floor, or raw not yet scraped)
2026-09-09 23:14:26 [INFO] ngs_data_build: gamecenter_receivers 2009: season complete -- 0 rows
stage gamecenter_receivers elapsed=2s
::endgroup::
::group::ngs_data_build gamecenter_pass_rushers 2009
2026-09-09 23:14:28 [INFO] ngs_data_build: gamecenter_pass_rushers 2009: build starting (raw=/mnt/sdv_repos/nfl-ngs-raw via disk)
2026-09-09 23:14:28 [WARNING] ngs_data_build: gamecenter_pass_rushers 2009: 0 rows; nothing written (below the 2012 floor, or raw not yet scraped)
2026-09-09 23:14:28 [INFO] ngs_data_build: gamecenter_pass_rushers 2009: season complete -- 0 rows
stage gamecenter_pass_rushers elapsed=3s
::endgroup::
::group::ngs_data_build gamecenter_leaders 2009
2026-09-09 23:14:31 [INFO] ngs_data_build: gamecenter_leaders 2009: build starting (raw=/mnt/sdv_repos/nfl-ngs-raw via disk)
2026-09-09 23:14:31 [WARNING] ngs_data_build: gamecenter_leaders 2009: 0 rows; nothing written (below the 2012 floor, or raw not yet scraped)
2026-09-09 23:14:31 [INFO] ngs_data_build: gamecenter_leaders 2009: season complete -- 0 rows
stage gamecenter_leaders elapsed=2s
::endgroup::
season 2009 EXIT=0
pushed: NGS Data Update (Start: 2009 End: 2009) (attempt 1)
