=== season 2014  2026-09-10 03:17:49Z  raw=/mnt/sdv_repos/nfl-ngs-raw ===
::group::ngs_data_build schedules 2014
2026-09-09 23:17:51 [INFO] ngs_data_build: schedules 2014: build starting (raw=/mnt/sdv_repos/nfl-ngs-raw via disk)
2026-09-09 23:17:51 [INFO] ngs_data_build: wrote ngs/schedules/parquet/ngs_schedule_2014.parquet (19.4KB) + ngs_schedule_2014.csv (62.0KB), 333 rows x 30 cols; manifest ngs_schedules_in_data_repo.csv
2026-09-09 23:17:51 [INFO] ngs_data_build: uploading ngs_schedule_2014.parquet (19.4KB) -> sportsdataverse/sportsdataverse-data:nfl_ngs_schedules
2026-09-09 23:17:52 [INFO] ngs_data_build: uploading ngs_schedule_2014.csv (62.0KB) -> sportsdataverse/sportsdataverse-data:nfl_ngs_schedules
2026-09-09 23:17:53 [INFO] ngs_data_build: uploading ngs_schedules_in_data_repo.csv (769B) -> sportsdataverse/sportsdataverse-data:nfl_ngs_schedules
2026-09-09 23:17:58 [INFO] ngs_data_build: stamped nfl_ngs_schedules with timestamp.txt, timestamp.json, package_function.txt, package_function.json
2026-09-09 23:17:58 [INFO] ngs_data_build: schedules 2014: done -- 333 rows x 30 cols in 6.7s
2026-09-09 23:17:58 [INFO] ngs_data_build: schedules 2014: season complete -- 333 rows
stage schedules elapsed=9s
::endgroup::
::group::ngs_data_build teams 2014
2026-09-09 23:18:00 [INFO] ngs_data_build: teams 2014: build starting (raw=/mnt/sdv_repos/nfl-ngs-raw via disk)
2026-09-09 23:18:00 [INFO] ngs_data_build: wrote ngs/teams/parquet/ngs_teams_2014.parquet (11.9KB) + ngs_teams_2014.csv (10.3KB), 33 rows x 19 cols; manifest ngs_teams_in_data_repo.csv
2026-09-09 23:18:00 [INFO] ngs_data_build: uploading ngs_teams_2014.parquet (11.9KB) -> sportsdataverse/sportsdataverse-data:nfl_ngs_teams
2026-09-09 23:18:01 [INFO] ngs_data_build: uploading ngs_teams_2014.csv (10.3KB) -> sportsdataverse/sportsdataverse-data:nfl_ngs_teams
2026-09-09 23:18:02 [INFO] ngs_data_build: uploading ngs_teams_in_data_repo.csv (350B) -> sportsdataverse/sportsdataverse-data:nfl_ngs_teams
2026-09-09 23:18:06 [INFO] ngs_data_build: stamped nfl_ngs_teams with timestamp.txt, timestamp.json, package_function.txt, package_function.json
2026-09-09 23:18:06 [INFO] ngs_data_build: teams 2014: done -- 33 rows x 19 cols in 6.0s
2026-09-09 23:18:06 [INFO] ngs_data_build: teams 2014: season complete -- 33 rows
stage teams elapsed=8s
::endgroup::
::group::ngs_data_build passing 2014
2026-09-09 23:18:09 [INFO] ngs_data_build: passing 2014: build starting (raw=/mnt/sdv_repos/nfl-ngs-raw via disk)
2026-09-09 23:18:09 [WARNING] ngs_data_build: passing 2014: 0 rows; nothing written (below the 2016 floor, or raw not yet scraped)
2026-09-09 23:18:09 [INFO] ngs_data_build: passing 2014: season complete -- 0 rows
stage passing elapsed=3s
::endgroup::
::group::ngs_data_build rushing 2014
2026-09-09 23:18:12 [INFO] ngs_data_build: rushing 2014: build starting (raw=/mnt/sdv_repos/nfl-ngs-raw via disk)
2026-09-09 23:18:12 [WARNING] ngs_data_build: rushing 2014: 0 rows; nothing written (below the 2016 floor, or raw not yet scraped)
2026-09-09 23:18:12 [INFO] ngs_data_build: rushing 2014: season complete -- 0 rows
stage rushing elapsed=3s
::endgroup::
::group::ngs_data_build receiving 2014
2026-09-09 23:18:15 [INFO] ngs_data_build: receiving 2014: build starting (raw=/mnt/sdv_repos/nfl-ngs-raw via disk)
2026-09-09 23:18:15 [WARNING] ngs_data_build: receiving 2014: 0 rows; nothing written (below the 2016 floor, or raw not yet scraped)
2026-09-09 23:18:15 [INFO] ngs_data_build: receiving 2014: season complete -- 0 rows
stage receiving elapsed=3s
::endgroup::
::group::ngs_data_build statboard_leaders 2014
2026-09-09 23:18:17 [INFO] ngs_data_build: statboard_leaders 2014: build starting (raw=/mnt/sdv_repos/nfl-ngs-raw via disk)
2026-09-09 23:18:17 [WARNING] ngs_data_build: statboard_leaders 2014: 0 rows; nothing written (below the 2016 floor, or raw not yet scraped)
2026-09-09 23:18:17 [INFO] ngs_data_build: statboard_leaders 2014: season complete -- 0 rows
stage statboard_leaders elapsed=3s
::endgroup::
::group::ngs_data_build leaders 2014
2026-09-09 23:18:20 [INFO] ngs_data_build: leaders 2014: build starting (raw=/mnt/sdv_repos/nfl-ngs-raw via disk)
2026-09-09 23:18:20 [WARNING] ngs_data_build: leaders 2014: 0 rows; nothing written (below the 2016 floor, or raw not yet scraped)
2026-09-09 23:18:20 [INFO] ngs_data_build: leaders 2014: season complete -- 0 rows
stage leaders elapsed=3s
::endgroup::
::group::ngs_data_build gamecenter_passers 2014
2026-09-09 23:18:22 [INFO] ngs_data_build: gamecenter_passers 2014: build starting (raw=/mnt/sdv_repos/nfl-ngs-raw via disk)
2026-09-09 23:18:23 [INFO] ngs_data_build: wrote ngs/gamecenter_passers/parquet/ngs_gamecenter_passers_2014.parquet (11.2KB) + ngs_gamecenter_passers_2014.csv (47.5KB), 642 rows x 17 cols; manifest ngs_gamecenter_passers_in_data_repo.csv
2026-09-09 23:18:23 [INFO] ngs_data_build: uploading ngs_gamecenter_passers_2014.parquet (11.2KB) -> sportsdataverse/sportsdataverse-data:nfl_ngs_gamecenter_passers
2026-09-09 23:18:23 [INFO] ngs_data_build: uploading ngs_gamecenter_passers_2014.csv (47.5KB) -> sportsdataverse/sportsdataverse-data:nfl_ngs_gamecenter_passers
2026-09-09 23:18:24 [INFO] ngs_data_build: uploading ngs_gamecenter_passers_in_data_repo.csv (769B) -> sportsdataverse/sportsdataverse-data:nfl_ngs_gamecenter_passers
2026-09-09 23:18:29 [INFO] ngs_data_build: stamped nfl_ngs_gamecenter_passers with timestamp.txt, timestamp.json, package_function.txt, package_function.json
2026-09-09 23:18:29 [INFO] ngs_data_build: gamecenter_passers 2014: done -- 642 rows x 17 cols in 6.5s
2026-09-09 23:18:29 [INFO] ngs_data_build: gamecenter_passers 2014: season complete -- 642 rows
stage gamecenter_passers elapsed=9s
::endgroup::
::group::ngs_data_build gamecenter_rushers 2014
2026-09-09 23:18:31 [INFO] ngs_data_build: gamecenter_rushers 2014: build starting (raw=/mnt/sdv_repos/nfl-ngs-raw via disk)
2026-09-09 23:18:31 [WARNING] ngs_data_build: gamecenter_rushers 2014: 0 rows; nothing written (below the 2012 floor, or raw not yet scraped)
2026-09-09 23:18:31 [INFO] ngs_data_build: gamecenter_rushers 2014: season complete -- 0 rows
stage gamecenter_rushers elapsed=2s
::endgroup::
::group::ngs_data_build gamecenter_receivers 2014
2026-09-09 23:18:34 [INFO] ngs_data_build: gamecenter_receivers 2014: build starting (raw=/mnt/sdv_repos/nfl-ngs-raw via disk)
2026-09-09 23:18:34 [WARNING] ngs_data_build: gamecenter_receivers 2014: 0 rows; nothing written (below the 2012 floor, or raw not yet scraped)
2026-09-09 23:18:34 [INFO] ngs_data_build: gamecenter_receivers 2014: season complete -- 0 rows
stage gamecenter_receivers elapsed=2s
::endgroup::
::group::ngs_data_build gamecenter_pass_rushers 2014
2026-09-09 23:18:36 [INFO] ngs_data_build: gamecenter_pass_rushers 2014: build starting (raw=/mnt/sdv_repos/nfl-ngs-raw via disk)
2026-09-09 23:18:36 [WARNING] ngs_data_build: gamecenter_pass_rushers 2014: 0 rows; nothing written (below the 2012 floor, or raw not yet scraped)
2026-09-09 23:18:36 [INFO] ngs_data_build: gamecenter_pass_rushers 2014: season complete -- 0 rows
stage gamecenter_pass_rushers elapsed=3s
::endgroup::
::group::ngs_data_build gamecenter_leaders 2014
2026-09-09 23:18:39 [INFO] ngs_data_build: gamecenter_leaders 2014: build starting (raw=/mnt/sdv_repos/nfl-ngs-raw via disk)
2026-09-09 23:18:39 [WARNING] ngs_data_build: gamecenter_leaders 2014: 0 rows; nothing written (below the 2012 floor, or raw not yet scraped)
2026-09-09 23:18:39 [INFO] ngs_data_build: gamecenter_leaders 2014: season complete -- 0 rows
stage gamecenter_leaders elapsed=2s
::endgroup::
season 2014 EXIT=0
pushed: NGS Data Update (Start: 2014 End: 2014) (attempt 1)
