=== season 2019  2026-09-14 21:21:25Z  raw=https://raw.githubusercontent.com/sportsdataverse/nfl-ngs-raw/main ===
::group::ngs_data_build schedules 2019
2026-09-14 21:21:32 [INFO] ngs_data_build: schedules 2019: build starting (raw=https://raw.githubusercontent.com/sportsdataverse/nfl-ngs-raw/main via http)
2026-09-14 21:21:32 [INFO] ngs_data_build: wrote ngs_schedule_2019.parquet (26.4KB), ngs_schedule_2019.csv (87.1KB), 333 rows x 30 cols; manifest ngs_schedules_in_data_repo.csv
2026-09-14 21:21:35 [INFO] ngs_data_build: uploading ngs_schedule_2019.parquet (26.4KB) -> sportsdataverse/sportsdataverse-data:nfl_ngs_schedules
2026-09-14 21:21:36 [INFO] ngs_data_build: uploading ngs_schedule_2019.csv (87.1KB) -> sportsdataverse/sportsdataverse-data:nfl_ngs_schedules
2026-09-14 21:21:37 [INFO] ngs_data_build: uploading ngs_schedules_in_data_repo.csv (1.9KB) -> sportsdataverse/sportsdataverse-data:nfl_ngs_schedules
2026-09-14 21:21:43 [INFO] ngs_data_build: stamped nfl_ngs_schedules with timestamp.txt, timestamp.json, package_function.txt, package_function.json
2026-09-14 21:21:43 [INFO] ngs_data_build: schedules 2019: done -- 333 rows x 30 cols in 11.3s
2026-09-14 21:21:43 [INFO] ngs_data_build: schedules 2019: season complete -- 333 rows
stage schedules elapsed=18s
::endgroup::
::group::ngs_data_build teams 2019
2026-09-14 21:21:45 [INFO] ngs_data_build: teams 2019: build starting (raw=https://raw.githubusercontent.com/sportsdataverse/nfl-ngs-raw/main via http)
2026-09-14 21:21:45 [INFO] ngs_data_build: wrote ngs_teams_2019.parquet (13.1KB), ngs_teams_2019.csv (11.7KB), 34 rows x 20 cols; manifest ngs_teams_in_data_repo.csv
2026-09-14 21:21:46 [INFO] ngs_data_build: uploading ngs_teams_2019.parquet (13.1KB) -> sportsdataverse/sportsdataverse-data:nfl_ngs_teams
2026-09-14 21:21:47 [INFO] ngs_data_build: uploading ngs_teams_2019.csv (11.7KB) -> sportsdataverse/sportsdataverse-data:nfl_ngs_teams
2026-09-14 21:21:48 [INFO] ngs_data_build: uploading ngs_teams_in_data_repo.csv (1.4KB) -> sportsdataverse/sportsdataverse-data:nfl_ngs_teams
2026-09-14 21:21:54 [INFO] ngs_data_build: stamped nfl_ngs_teams with timestamp.txt, timestamp.json, package_function.txt, package_function.json
2026-09-14 21:21:54 [INFO] ngs_data_build: teams 2019: done -- 34 rows x 20 cols in 8.6s
2026-09-14 21:21:54 [INFO] ngs_data_build: teams 2019: season complete -- 34 rows
stage teams elapsed=11s
::endgroup::
::group::ngs_data_build passing 2019
2026-09-14 21:21:56 [INFO] ngs_data_build: passing 2019: build starting (raw=https://raw.githubusercontent.com/sportsdataverse/nfl-ngs-raw/main via http)
2026-09-14 21:21:58 [INFO] ngs_data_build: wrote ngs_passing_2019.parquet (101.7KB), ngs_passing_2019.csv (386.7KB), 755 rows x 49 cols; manifest ngs_passing_in_data_repo.csv
2026-09-14 21:21:59 [INFO] ngs_data_build: uploading ngs_passing_2019.parquet (101.7KB) -> sportsdataverse/sportsdataverse-data:nfl_ngs_passing
2026-09-14 21:22:00 [INFO] ngs_data_build: uploading ngs_passing_2019.csv (386.7KB) -> sportsdataverse/sportsdataverse-data:nfl_ngs_passing
2026-09-14 21:22:01 [INFO] ngs_data_build: uploading ngs_passing_in_data_repo.csv (1.2KB) -> sportsdataverse/sportsdataverse-data:nfl_ngs_passing
2026-09-14 21:22:07 [INFO] ngs_data_build: stamped nfl_ngs_passing with timestamp.txt, timestamp.json, package_function.txt, package_function.json
2026-09-14 21:22:07 [INFO] ngs_data_build: passing 2019: done -- 755 rows x 49 cols in 10.7s
2026-09-14 21:22:07 [INFO] ngs_data_build: passing 2019: season complete -- 755 rows
stage passing elapsed=13s
::endgroup::
::group::ngs_data_build rushing 2019
2026-09-14 21:22:09 [INFO] ngs_data_build: rushing 2019: build starting (raw=https://raw.githubusercontent.com/sportsdataverse/nfl-ngs-raw/main via http)
2026-09-14 21:22:11 [INFO] ngs_data_build: wrote ngs_rushing_2019.parquet (66.8KB), ngs_rushing_2019.csv (280.8KB), 709 rows x 39 cols; manifest ngs_rushing_in_data_repo.csv
2026-09-14 21:22:12 [INFO] ngs_data_build: uploading ngs_rushing_2019.parquet (66.8KB) -> sportsdataverse/sportsdataverse-data:nfl_ngs_rushing
2026-09-14 21:22:13 [INFO] ngs_data_build: uploading ngs_rushing_2019.csv (280.8KB) -> sportsdataverse/sportsdataverse-data:nfl_ngs_rushing
2026-09-14 21:22:15 [INFO] ngs_data_build: uploading ngs_rushing_in_data_repo.csv (1.2KB) -> sportsdataverse/sportsdataverse-data:nfl_ngs_rushing
2026-09-14 21:22:20 [INFO] ngs_data_build: stamped nfl_ngs_rushing with timestamp.txt, timestamp.json, package_function.txt, package_function.json
2026-09-14 21:22:20 [INFO] ngs_data_build: rushing 2019: done -- 709 rows x 39 cols in 11.7s
2026-09-14 21:22:20 [INFO] ngs_data_build: rushing 2019: season complete -- 709 rows
stage rushing elapsed=14s
::endgroup::
::group::ngs_data_build receiving 2019
2026-09-14 21:22:22 [INFO] ngs_data_build: receiving 2019: build starting (raw=https://raw.githubusercontent.com/sportsdataverse/nfl-ngs-raw/main via http)
2026-09-14 21:22:25 [INFO] ngs_data_build: wrote ngs_receiving_2019.parquet (150.4KB), ngs_receiving_2019.csv (705.2KB), 1708 rows x 42 cols; manifest ngs_receiving_in_data_repo.csv
2026-09-14 21:22:26 [INFO] ngs_data_build: uploading ngs_receiving_2019.parquet (150.4KB) -> sportsdataverse/sportsdataverse-data:nfl_ngs_receiving
2026-09-14 21:22:27 [INFO] ngs_data_build: uploading ngs_receiving_2019.csv (705.2KB) -> sportsdataverse/sportsdataverse-data:nfl_ngs_receiving
2026-09-14 21:22:28 [INFO] ngs_data_build: uploading ngs_receiving_in_data_repo.csv (1.2KB) -> sportsdataverse/sportsdataverse-data:nfl_ngs_receiving
2026-09-14 21:22:34 [INFO] ngs_data_build: stamped nfl_ngs_receiving with timestamp.txt, timestamp.json, package_function.txt, package_function.json
2026-09-14 21:22:34 [INFO] ngs_data_build: receiving 2019: done -- 1708 rows x 42 cols in 11.5s
2026-09-14 21:22:34 [INFO] ngs_data_build: receiving 2019: season complete -- 1708 rows
stage receiving elapsed=13s
::endgroup::
::group::ngs_data_build statboard_leaders 2019
2026-09-14 21:22:36 [INFO] ngs_data_build: statboard_leaders 2019: build starting (raw=https://raw.githubusercontent.com/sportsdataverse/nfl-ngs-raw/main via http)
2026-09-14 21:22:36 [INFO] ngs_data_build: wrote ngs_statboard_leaders_2019.parquet (30.7KB), ngs_statboard_leaders_2019.csv (21.5KB), 80 rows x 60 cols; manifest ngs_statboard_leaders_in_data_repo.csv
2026-09-14 21:22:37 [INFO] ngs_data_build: uploading ngs_statboard_leaders_2019.parquet (30.7KB) -> sportsdataverse/sportsdataverse-data:nfl_ngs_statboard_leaders
2026-09-14 21:22:38 [INFO] ngs_data_build: uploading ngs_statboard_leaders_2019.csv (21.5KB) -> sportsdataverse/sportsdataverse-data:nfl_ngs_statboard_leaders
2026-09-14 21:22:39 [INFO] ngs_data_build: uploading ngs_statboard_leaders_in_data_repo.csv (1.1KB) -> sportsdataverse/sportsdataverse-data:nfl_ngs_statboard_leaders
2026-09-14 21:22:45 [INFO] ngs_data_build: stamped nfl_ngs_statboard_leaders with timestamp.txt, timestamp.json, package_function.txt, package_function.json
2026-09-14 21:22:45 [INFO] ngs_data_build: statboard_leaders 2019: done -- 80 rows x 60 cols in 8.4s
2026-09-14 21:22:45 [INFO] ngs_data_build: statboard_leaders 2019: season complete -- 80 rows
stage statboard_leaders elapsed=11s
::endgroup::
::group::ngs_data_build leaders 2019
2026-09-14 21:22:47 [INFO] ngs_data_build: leaders 2019: build starting (raw=https://raw.githubusercontent.com/sportsdataverse/nfl-ngs-raw/main via http)
2026-09-14 21:23:05 [INFO] ngs_data_build: wrote ngs_leaders_2019.parquet (387.1KB), ngs_leaders_2019.csv (2.2MB), 3635 rows x 111 cols; manifest ngs_leaders_in_data_repo.csv
2026-09-14 21:23:05 [INFO] ngs_data_build: uploading ngs_leaders_2019.parquet (387.1KB) -> sportsdataverse/sportsdataverse-data:nfl_ngs_leaders
2026-09-14 21:23:06 [INFO] ngs_data_build: uploading ngs_leaders_2019.csv (2.2MB) -> sportsdataverse/sportsdataverse-data:nfl_ngs_leaders
2026-09-14 21:23:07 [INFO] ngs_data_build: uploading ngs_leaders_in_data_repo.csv (1.2KB) -> sportsdataverse/sportsdataverse-data:nfl_ngs_leaders
2026-09-14 21:23:13 [INFO] ngs_data_build: stamped nfl_ngs_leaders with timestamp.txt, timestamp.json, package_function.txt, package_function.json
2026-09-14 21:23:13 [INFO] ngs_data_build: leaders 2019: done -- 3635 rows x 111 cols in 26.2s
2026-09-14 21:23:13 [INFO] ngs_data_build: leaders 2019: season complete -- 3635 rows
stage leaders elapsed=28s
::endgroup::
::group::ngs_data_build gamecenter_passers 2019
2026-09-14 21:23:15 [INFO] ngs_data_build: gamecenter_passers 2019: build starting (raw=https://raw.githubusercontent.com/sportsdataverse/nfl-ngs-raw/main via http)
2026-09-14 21:23:41 [INFO] ngs_data_build: wrote ngs_gamecenter_passers_2019.parquet (25.0KB), ngs_gamecenter_passers_2019.csv (140.6KB), 664 rows x 25 cols; manifest ngs_gamecenter_passers_in_data_repo.csv
2026-09-14 21:23:41 [INFO] ngs_data_build: uploading ngs_gamecenter_passers_2019.parquet (25.0KB) -> sportsdataverse/sportsdataverse-data:nfl_ngs_gamecenter_passers
2026-09-14 21:23:42 [INFO] ngs_data_build: uploading ngs_gamecenter_passers_2019.csv (140.6KB) -> sportsdataverse/sportsdataverse-data:nfl_ngs_gamecenter_passers
2026-09-14 21:23:43 [INFO] ngs_data_build: uploading ngs_gamecenter_passers_in_data_repo.csv (1.9KB) -> sportsdataverse/sportsdataverse-data:nfl_ngs_gamecenter_passers
2026-09-14 21:23:49 [INFO] ngs_data_build: stamped nfl_ngs_gamecenter_passers with timestamp.txt, timestamp.json, package_function.txt, package_function.json
2026-09-14 21:23:49 [INFO] ngs_data_build: gamecenter_passers 2019: done -- 664 rows x 25 cols in 33.8s
2026-09-14 21:23:49 [INFO] ngs_data_build: gamecenter_passers 2019: season complete -- 664 rows
stage gamecenter_passers elapsed=36s
::endgroup::
::group::ngs_data_build gamecenter_rushers 2019
2026-09-14 21:23:51 [INFO] ngs_data_build: gamecenter_rushers 2019: build starting (raw=https://raw.githubusercontent.com/sportsdataverse/nfl-ngs-raw/main via http)
2026-09-14 21:23:51 [INFO] ngs_data_build: wrote ngs_gamecenter_rushers_2019.parquet (267.3KB), ngs_gamecenter_rushers_2019.csv (934.8KB), 1587 rows x 98 cols; manifest ngs_gamecenter_rushers_in_data_repo.csv
2026-09-14 21:23:51 [INFO] ngs_data_build: uploading ngs_gamecenter_rushers_2019.parquet (267.3KB) -> sportsdataverse/sportsdataverse-data:nfl_ngs_gamecenter_rushers
2026-09-14 21:23:53 [INFO] ngs_data_build: uploading ngs_gamecenter_rushers_2019.csv (934.8KB) -> sportsdataverse/sportsdataverse-data:nfl_ngs_gamecenter_rushers
2026-09-14 21:23:54 [INFO] ngs_data_build: uploading ngs_gamecenter_rushers_in_data_repo.csv (1.3KB) -> sportsdataverse/sportsdataverse-data:nfl_ngs_gamecenter_rushers
2026-09-14 21:23:59 [INFO] ngs_data_build: stamped nfl_ngs_gamecenter_rushers with timestamp.txt, timestamp.json, package_function.txt, package_function.json
2026-09-14 21:23:59 [INFO] ngs_data_build: gamecenter_rushers 2019: done -- 1587 rows x 98 cols in 8.1s
2026-09-14 21:23:59 [INFO] ngs_data_build: gamecenter_rushers 2019: season complete -- 1587 rows
stage gamecenter_rushers elapsed=10s
::endgroup::
::group::ngs_data_build gamecenter_receivers 2019
2026-09-14 21:24:01 [INFO] ngs_data_build: gamecenter_receivers 2019: build starting (raw=https://raw.githubusercontent.com/sportsdataverse/nfl-ngs-raw/main via http)
2026-09-14 21:24:01 [INFO] ngs_data_build: wrote ngs_gamecenter_receivers_2019.parquet (94.2KB), ngs_gamecenter_receivers_2019.csv (727.5KB), 2666 rows x 30 cols; manifest ngs_gamecenter_receivers_in_data_repo.csv
2026-09-14 21:24:01 [INFO] ngs_data_build: uploading ngs_gamecenter_receivers_2019.parquet (94.2KB) -> sportsdataverse/sportsdataverse-data:nfl_ngs_gamecenter_receivers
2026-09-14 21:24:02 [INFO] ngs_data_build: uploading ngs_gamecenter_receivers_2019.csv (727.5KB) -> sportsdataverse/sportsdataverse-data:nfl_ngs_gamecenter_receivers
2026-09-14 21:24:04 [INFO] ngs_data_build: uploading ngs_gamecenter_receivers_in_data_repo.csv (1.3KB) -> sportsdataverse/sportsdataverse-data:nfl_ngs_gamecenter_receivers
2026-09-14 21:24:09 [INFO] ngs_data_build: stamped nfl_ngs_gamecenter_receivers with timestamp.txt, timestamp.json, package_function.txt, package_function.json
2026-09-14 21:24:09 [INFO] ngs_data_build: gamecenter_receivers 2019: done -- 2666 rows x 30 cols in 8.3s
2026-09-14 21:24:09 [INFO] ngs_data_build: gamecenter_receivers 2019: season complete -- 2666 rows
stage gamecenter_receivers elapsed=11s
::endgroup::
::group::ngs_data_build gamecenter_pass_rushers 2019
2026-09-14 21:24:11 [INFO] ngs_data_build: gamecenter_pass_rushers 2019: build starting (raw=https://raw.githubusercontent.com/sportsdataverse/nfl-ngs-raw/main via http)
2026-09-14 21:24:12 [INFO] ngs_data_build: wrote ngs_gamecenter_pass_rushers_2019.parquet (76.3KB), ngs_gamecenter_pass_rushers_2019.csv (670.2KB), 2656 rows x 27 cols; manifest ngs_gamecenter_pass_rushers_in_data_repo.csv
2026-09-14 21:24:12 [INFO] ngs_data_build: uploading ngs_gamecenter_pass_rushers_2019.parquet (76.3KB) -> sportsdataverse/sportsdataverse-data:nfl_ngs_gamecenter_pass_rushers
2026-09-14 21:24:13 [INFO] ngs_data_build: uploading ngs_gamecenter_pass_rushers_2019.csv (670.2KB) -> sportsdataverse/sportsdataverse-data:nfl_ngs_gamecenter_pass_rushers
2026-09-14 21:24:14 [INFO] ngs_data_build: uploading ngs_gamecenter_pass_rushers_in_data_repo.csv (1.2KB) -> sportsdataverse/sportsdataverse-data:nfl_ngs_gamecenter_pass_rushers
2026-09-14 21:24:20 [INFO] ngs_data_build: stamped nfl_ngs_gamecenter_pass_rushers with timestamp.txt, timestamp.json, package_function.txt, package_function.json
2026-09-14 21:24:20 [INFO] ngs_data_build: gamecenter_pass_rushers 2019: done -- 2656 rows x 27 cols in 8.9s
2026-09-14 21:24:20 [INFO] ngs_data_build: gamecenter_pass_rushers 2019: season complete -- 2656 rows
stage gamecenter_pass_rushers elapsed=11s
::endgroup::
::group::ngs_data_build gamecenter_leaders 2019
2026-09-14 21:24:22 [INFO] ngs_data_build: gamecenter_leaders 2019: build starting (raw=https://raw.githubusercontent.com/sportsdataverse/nfl-ngs-raw/main via http)
2026-09-14 21:24:22 [INFO] ngs_data_build: wrote ngs_gamecenter_leaders_2019.parquet (68.4KB), ngs_gamecenter_leaders_2019.csv (442.5KB), 1915 rows x 23 cols; manifest ngs_gamecenter_leaders_in_data_repo.csv
2026-09-14 21:24:23 [INFO] ngs_data_build: uploading ngs_gamecenter_leaders_2019.parquet (68.4KB) -> sportsdataverse/sportsdataverse-data:nfl_ngs_gamecenter_leaders
2026-09-14 21:24:24 [INFO] ngs_data_build: uploading ngs_gamecenter_leaders_2019.csv (442.5KB) -> sportsdataverse/sportsdataverse-data:nfl_ngs_gamecenter_leaders
2026-09-14 21:24:25 [INFO] ngs_data_build: uploading ngs_gamecenter_leaders_in_data_repo.csv (1.2KB) -> sportsdataverse/sportsdataverse-data:nfl_ngs_gamecenter_leaders
2026-09-14 21:24:31 [INFO] ngs_data_build: stamped nfl_ngs_gamecenter_leaders with timestamp.txt, timestamp.json, package_function.txt, package_function.json
2026-09-14 21:24:31 [INFO] ngs_data_build: gamecenter_leaders 2019: done -- 1915 rows x 23 cols in 8.8s
2026-09-14 21:24:31 [INFO] ngs_data_build: gamecenter_leaders 2019: season complete -- 1915 rows
stage gamecenter_leaders elapsed=10s
::endgroup::
::group::ngs_data_build highlights 2019
2026-09-14 21:24:33 [INFO] ngs_data_build: highlights 2019: build starting (raw=https://raw.githubusercontent.com/sportsdataverse/nfl-ngs-raw/main via http)
2026-09-14 21:24:35 [INFO] ngs_data_build: wrote ngs_highlights_2019.parquet (35.9KB), ngs_highlights_2019.csv (100.5KB), 341 rows x 39 cols; manifest ngs_highlights_in_data_repo.csv
2026-09-14 21:24:35 [INFO] ngs_data_build: uploading ngs_highlights_2019.parquet (35.9KB) -> sportsdataverse/sportsdataverse-data:nfl_ngs_highlights
2026-09-14 21:24:36 [INFO] ngs_data_build: uploading ngs_highlights_2019.csv (100.5KB) -> sportsdataverse/sportsdataverse-data:nfl_ngs_highlights
2026-09-14 21:24:37 [INFO] ngs_data_build: uploading ngs_highlights_in_data_repo.csv (250B) -> sportsdataverse/sportsdataverse-data:nfl_ngs_highlights
2026-09-14 21:24:43 [INFO] ngs_data_build: stamped nfl_ngs_highlights with timestamp.txt, timestamp.json, package_function.txt, package_function.json
2026-09-14 21:24:43 [INFO] ngs_data_build: highlights 2019: done -- 341 rows x 39 cols in 9.6s
2026-09-14 21:24:43 [INFO] ngs_data_build: highlights 2019: season complete -- 341 rows
stage highlights elapsed=12s
::endgroup::
::group::ngs_data_build highlight_participation 2019
2026-09-14 21:24:45 [INFO] ngs_data_build: highlight_participation 2019: build starting (raw=https://raw.githubusercontent.com/sportsdataverse/nfl-ngs-raw/main via http)
2026-09-14 21:25:13 [INFO] ngs_data_build: wrote ngs_highlight_participation_2019.parquet (262.0KB), ngs_highlight_participation_2019.csv (2.7MB), 7502 rows x 45 cols; manifest ngs_highlight_participation_in_data_repo.csv
2026-09-14 21:25:13 [INFO] ngs_data_build: uploading ngs_highlight_participation_2019.parquet (262.0KB) -> sportsdataverse/sportsdataverse-data:nfl_ngs_highlight_participation
2026-09-14 21:25:14 [INFO] ngs_data_build: uploading ngs_highlight_participation_2019.csv (2.7MB) -> sportsdataverse/sportsdataverse-data:nfl_ngs_highlight_participation
2026-09-14 21:25:15 [INFO] ngs_data_build: uploading ngs_highlight_participation_in_data_repo.csv (252B) -> sportsdataverse/sportsdataverse-data:nfl_ngs_highlight_participation
2026-09-14 21:25:20 [INFO] ngs_data_build: stamped nfl_ngs_highlight_participation with timestamp.txt, timestamp.json, package_function.txt, package_function.json
2026-09-14 21:25:20 [INFO] ngs_data_build: highlight_participation 2019: done -- 7502 rows x 45 cols in 35.5s
2026-09-14 21:25:20 [INFO] ngs_data_build: highlight_participation 2019: season complete -- 7502 rows
stage highlight_participation elapsed=38s
::endgroup::
::group::ngs_data_build highlight_events 2019
2026-09-14 21:25:22 [INFO] ngs_data_build: highlight_events 2019: build starting (raw=https://raw.githubusercontent.com/sportsdataverse/nfl-ngs-raw/main via http)
2026-09-14 21:25:54 [INFO] ngs_data_build: wrote ngs_highlight_events_2019.parquet (19.6KB), ngs_highlight_events_2019.csv (251.2KB), 3211 rows x 9 cols; manifest ngs_highlight_events_in_data_repo.csv
2026-09-14 21:25:55 [INFO] ngs_data_build: uploading ngs_highlight_events_2019.parquet (19.6KB) -> sportsdataverse/sportsdataverse-data:nfl_ngs_highlight_events
2026-09-14 21:25:55 [INFO] ngs_data_build: uploading ngs_highlight_events_2019.csv (251.2KB) -> sportsdataverse/sportsdataverse-data:nfl_ngs_highlight_events
2026-09-14 21:25:56 [INFO] ngs_data_build: uploading ngs_highlight_events_in_data_repo.csv (252B) -> sportsdataverse/sportsdataverse-data:nfl_ngs_highlight_events
2026-09-14 21:26:02 [INFO] ngs_data_build: stamped nfl_ngs_highlight_events with timestamp.txt, timestamp.json, package_function.txt, package_function.json
2026-09-14 21:26:02 [INFO] ngs_data_build: highlight_events 2019: done -- 3211 rows x 9 cols in 39.4s
2026-09-14 21:26:02 [INFO] ngs_data_build: highlight_events 2019: season complete -- 3211 rows
stage highlight_events elapsed=41s
::endgroup::
::group::ngs_data_build highlight_tracking 2019
2026-09-14 21:26:04 [INFO] ngs_data_build: highlight_tracking 2019: build starting (raw=https://raw.githubusercontent.com/sportsdataverse/nfl-ngs-raw/main via http)
2026-09-14 21:26:11 [INFO] ngs_data_build: wrote ngs_highlight_tracking_2019.parquet (21.7MB), 2656597 rows x 15 cols; manifest ngs_highlight_tracking_in_data_repo.csv [release-only staging]
2026-09-14 21:26:11 [INFO] ngs_data_build: uploading ngs_highlight_tracking_2019.parquet (21.7MB) -> sportsdataverse/sportsdataverse-data:nfl_ngs_highlight_tracking
2026-09-14 21:26:12 [INFO] ngs_data_build: uploading ngs_highlight_tracking_in_data_repo.csv (149B) -> sportsdataverse/sportsdataverse-data:nfl_ngs_highlight_tracking
2026-09-14 21:26:18 [INFO] ngs_data_build: stamped nfl_ngs_highlight_tracking with timestamp.txt, timestamp.json, package_function.txt, package_function.json
2026-09-14 21:26:18 [INFO] ngs_data_build: highlight_tracking 2019: done -- 2656597 rows x 15 cols in 13.8s
2026-09-14 21:26:18 [INFO] ngs_data_build: highlight_tracking 2019: season complete -- 2656597 rows
stage highlight_tracking elapsed=16s
::endgroup::
season 2019 EXIT=0
pushed: NGS Data Update (Start: 2019 End: 2019) (attempt 1)
