=== season 2012  2026-09-10 03:16:11Z  raw=/mnt/sdv_repos/nfl-ngs-raw ===
::group::ngs_data_build schedules 2012
2026-09-09 23:16:13 [INFO] ngs_data_build: schedules 2012: build starting (raw=/mnt/sdv_repos/nfl-ngs-raw via disk)
2026-09-09 23:16:13 [INFO] ngs_data_build: wrote ngs/schedules/parquet/ngs_schedule_2012.parquet (19.5KB) + ngs_schedule_2012.csv (62.1KB), 333 rows x 30 cols; manifest ngs_schedules_in_data_repo.csv
2026-09-09 23:16:13 [INFO] ngs_data_build: uploading ngs_schedule_2012.parquet (19.5KB) -> sportsdataverse/sportsdataverse-data:nfl_ngs_schedules
2026-09-09 23:16:14 [INFO] ngs_data_build: uploading ngs_schedule_2012.csv (62.1KB) -> sportsdataverse/sportsdataverse-data:nfl_ngs_schedules
2026-09-09 23:16:14 [INFO] ngs_data_build: uploading ngs_schedules_in_data_repo.csv (561B) -> sportsdataverse/sportsdataverse-data:nfl_ngs_schedules
2026-09-09 23:16:19 [INFO] ngs_data_build: stamped nfl_ngs_schedules with timestamp.txt, timestamp.json, package_function.txt, package_function.json
2026-09-09 23:16:19 [INFO] ngs_data_build: schedules 2012: done -- 333 rows x 30 cols in 6.0s
2026-09-09 23:16:19 [INFO] ngs_data_build: schedules 2012: season complete -- 333 rows
stage schedules elapsed=8s
::endgroup::
::group::ngs_data_build teams 2012
2026-09-09 23:16:21 [INFO] ngs_data_build: teams 2012: build starting (raw=/mnt/sdv_repos/nfl-ngs-raw via disk)
2026-09-09 23:16:21 [WARNING] ngs_data_build: teams 2012: 0 rows; nothing written (below the 2009 floor, or raw not yet scraped)
2026-09-09 23:16:21 [INFO] ngs_data_build: teams 2012: season complete -- 0 rows
stage teams elapsed=2s
::endgroup::
::group::ngs_data_build passing 2012
2026-09-09 23:16:23 [INFO] ngs_data_build: passing 2012: build starting (raw=/mnt/sdv_repos/nfl-ngs-raw via disk)
2026-09-09 23:16:23 [WARNING] ngs_data_build: passing 2012: 0 rows; nothing written (below the 2016 floor, or raw not yet scraped)
2026-09-09 23:16:23 [INFO] ngs_data_build: passing 2012: season complete -- 0 rows
stage passing elapsed=3s
::endgroup::
::group::ngs_data_build rushing 2012
2026-09-09 23:16:26 [INFO] ngs_data_build: rushing 2012: build starting (raw=/mnt/sdv_repos/nfl-ngs-raw via disk)
2026-09-09 23:16:26 [WARNING] ngs_data_build: rushing 2012: 0 rows; nothing written (below the 2016 floor, or raw not yet scraped)
2026-09-09 23:16:26 [INFO] ngs_data_build: rushing 2012: season complete -- 0 rows
stage rushing elapsed=2s
::endgroup::
::group::ngs_data_build receiving 2012
2026-09-09 23:16:28 [INFO] ngs_data_build: receiving 2012: build starting (raw=/mnt/sdv_repos/nfl-ngs-raw via disk)
2026-09-09 23:16:28 [WARNING] ngs_data_build: receiving 2012: 0 rows; nothing written (below the 2016 floor, or raw not yet scraped)
2026-09-09 23:16:28 [INFO] ngs_data_build: receiving 2012: season complete -- 0 rows
stage receiving elapsed=3s
::endgroup::
::group::ngs_data_build statboard_leaders 2012
2026-09-09 23:16:31 [INFO] ngs_data_build: statboard_leaders 2012: build starting (raw=/mnt/sdv_repos/nfl-ngs-raw via disk)
2026-09-09 23:16:31 [WARNING] ngs_data_build: statboard_leaders 2012: 0 rows; nothing written (below the 2016 floor, or raw not yet scraped)
2026-09-09 23:16:31 [INFO] ngs_data_build: statboard_leaders 2012: season complete -- 0 rows
stage statboard_leaders elapsed=2s
::endgroup::
::group::ngs_data_build leaders 2012
2026-09-09 23:16:33 [INFO] ngs_data_build: leaders 2012: build starting (raw=/mnt/sdv_repos/nfl-ngs-raw via disk)
2026-09-09 23:16:33 [WARNING] ngs_data_build: leaders 2012: 0 rows; nothing written (below the 2016 floor, or raw not yet scraped)
2026-09-09 23:16:33 [INFO] ngs_data_build: leaders 2012: season complete -- 0 rows
stage leaders elapsed=3s
::endgroup::
::group::ngs_data_build gamecenter_passers 2012
2026-09-09 23:16:36 [INFO] ngs_data_build: gamecenter_passers 2012: build starting (raw=/mnt/sdv_repos/nfl-ngs-raw via disk)
2026-09-09 23:16:36 [INFO] ngs_data_build: wrote ngs/gamecenter_passers/parquet/ngs_gamecenter_passers_2012.parquet (11.1KB) + ngs_gamecenter_passers_2012.csv (45.9KB), 620 rows x 17 cols; manifest ngs_gamecenter_passers_in_data_repo.csv
2026-09-09 23:16:36 [INFO] ngs_data_build: uploading ngs_gamecenter_passers_2012.parquet (11.1KB) -> sportsdataverse/sportsdataverse-data:nfl_ngs_gamecenter_passers
2026-09-09 23:16:37 [INFO] ngs_data_build: uploading ngs_gamecenter_passers_2012.csv (45.9KB) -> sportsdataverse/sportsdataverse-data:nfl_ngs_gamecenter_passers
2026-09-09 23:16:38 [INFO] ngs_data_build: uploading ngs_gamecenter_passers_in_data_repo.csv (561B) -> sportsdataverse/sportsdataverse-data:nfl_ngs_gamecenter_passers
2026-09-09 23:16:42 [INFO] ngs_data_build: stamped nfl_ngs_gamecenter_passers with timestamp.txt, timestamp.json, package_function.txt, package_function.json
2026-09-09 23:16:42 [INFO] ngs_data_build: gamecenter_passers 2012: done -- 620 rows x 17 cols in 6.2s
2026-09-09 23:16:42 [INFO] ngs_data_build: gamecenter_passers 2012: season complete -- 620 rows
stage gamecenter_passers elapsed=9s
::endgroup::
::group::ngs_data_build gamecenter_rushers 2012
2026-09-09 23:16:45 [INFO] ngs_data_build: gamecenter_rushers 2012: build starting (raw=/mnt/sdv_repos/nfl-ngs-raw via disk)
2026-09-09 23:16:45 [WARNING] ngs_data_build: gamecenter_rushers 2012: 0 rows; nothing written (below the 2012 floor, or raw not yet scraped)
2026-09-09 23:16:45 [INFO] ngs_data_build: gamecenter_rushers 2012: season complete -- 0 rows
stage gamecenter_rushers elapsed=2s
::endgroup::
::group::ngs_data_build gamecenter_receivers 2012
2026-09-09 23:16:47 [INFO] ngs_data_build: gamecenter_receivers 2012: build starting (raw=/mnt/sdv_repos/nfl-ngs-raw via disk)
2026-09-09 23:16:47 [WARNING] ngs_data_build: gamecenter_receivers 2012: 0 rows; nothing written (below the 2012 floor, or raw not yet scraped)
2026-09-09 23:16:47 [INFO] ngs_data_build: gamecenter_receivers 2012: season complete -- 0 rows
stage gamecenter_receivers elapsed=3s
::endgroup::
::group::ngs_data_build gamecenter_pass_rushers 2012
2026-09-09 23:16:50 [INFO] ngs_data_build: gamecenter_pass_rushers 2012: build starting (raw=/mnt/sdv_repos/nfl-ngs-raw via disk)
2026-09-09 23:16:50 [WARNING] ngs_data_build: gamecenter_pass_rushers 2012: 0 rows; nothing written (below the 2012 floor, or raw not yet scraped)
2026-09-09 23:16:50 [INFO] ngs_data_build: gamecenter_pass_rushers 2012: season complete -- 0 rows
stage gamecenter_pass_rushers elapsed=3s
::endgroup::
::group::ngs_data_build gamecenter_leaders 2012
2026-09-09 23:16:53 [INFO] ngs_data_build: gamecenter_leaders 2012: build starting (raw=/mnt/sdv_repos/nfl-ngs-raw via disk)
2026-09-09 23:16:53 [WARNING] ngs_data_build: gamecenter_leaders 2012: 0 rows; nothing written (below the 2012 floor, or raw not yet scraped)
2026-09-09 23:16:53 [INFO] ngs_data_build: gamecenter_leaders 2012: season complete -- 0 rows
stage gamecenter_leaders elapsed=2s
::endgroup::
season 2012 EXIT=0
pushed: NGS Data Update (Start: 2012 End: 2012) (attempt 1)
