=== season 2024  2026-09-14 21:32:08Z  raw=/mnt/sdv_repos/nfl-ngs-raw ===
::group::ngs_data_build schedules 2024
2026-09-14 17:32:12 [INFO] ngs_data_build: schedules 2024: build starting (raw=/mnt/sdv_repos/nfl-ngs-raw via disk)
2026-09-14 17:32:12 [INFO] ngs_data_build: wrote ngs_schedule_2024.parquet (22.5KB), ngs_schedule_2024.csv (87.4KB), 334 rows x 30 cols; manifest ngs_schedules_in_data_repo.csv
2026-09-14 17:32:12 [INFO] ngs_data_build: uploading ngs_schedule_2024.parquet (22.5KB) -> sportsdataverse/sportsdataverse-data:nfl_ngs_schedules
2026-09-14 17:32:13 [INFO] ngs_data_build: uploading ngs_schedule_2024.csv (87.4KB) -> sportsdataverse/sportsdataverse-data:nfl_ngs_schedules
2026-09-14 17:32:14 [INFO] ngs_data_build: uploading ngs_schedules_in_data_repo.csv (1.9KB) -> sportsdataverse/sportsdataverse-data:nfl_ngs_schedules
2026-09-14 17:32:19 [INFO] ngs_data_build: stamped nfl_ngs_schedules with timestamp.txt, timestamp.json, package_function.txt, package_function.json
2026-09-14 17:32:19 [INFO] ngs_data_build: schedules 2024: done -- 334 rows x 30 cols in 7.4s
2026-09-14 17:32:19 [INFO] ngs_data_build: schedules 2024: season complete -- 334 rows
stage schedules elapsed=12s
::endgroup::
::group::ngs_data_build teams 2024
2026-09-14 17:32:23 [INFO] ngs_data_build: teams 2024: build starting (raw=/mnt/sdv_repos/nfl-ngs-raw via disk)
2026-09-14 17:32:23 [INFO] ngs_data_build: wrote ngs_teams_2024.parquet (12.6KB), ngs_teams_2024.csv (11.3KB), 34 rows x 20 cols; manifest ngs_teams_in_data_repo.csv
2026-09-14 17:32:23 [INFO] ngs_data_build: uploading ngs_teams_2024.parquet (12.6KB) -> sportsdataverse/sportsdataverse-data:nfl_ngs_teams
2026-09-14 17:32:24 [INFO] ngs_data_build: uploading ngs_teams_2024.csv (11.3KB) -> sportsdataverse/sportsdataverse-data:nfl_ngs_teams
2026-09-14 17:32:25 [INFO] ngs_data_build: uploading ngs_teams_in_data_repo.csv (1.4KB) -> sportsdataverse/sportsdataverse-data:nfl_ngs_teams
2026-09-14 17:32:30 [INFO] ngs_data_build: stamped nfl_ngs_teams with timestamp.txt, timestamp.json, package_function.txt, package_function.json
2026-09-14 17:32:30 [INFO] ngs_data_build: teams 2024: done -- 34 rows x 20 cols in 7.1s
2026-09-14 17:32:30 [INFO] ngs_data_build: teams 2024: season complete -- 34 rows
stage teams elapsed=11s
::endgroup::
::group::ngs_data_build passing 2024
2026-09-14 17:32:33 [INFO] ngs_data_build: passing 2024: build starting (raw=/mnt/sdv_repos/nfl-ngs-raw via disk)
2026-09-14 17:32:34 [INFO] ngs_data_build: wrote ngs_passing_2024.parquet (101.5KB), ngs_passing_2024.csv (384.8KB), 757 rows x 48 cols; manifest ngs_passing_in_data_repo.csv
2026-09-14 17:32:34 [INFO] ngs_data_build: uploading ngs_passing_2024.parquet (101.5KB) -> sportsdataverse/sportsdataverse-data:nfl_ngs_passing
2026-09-14 17:32:35 [INFO] ngs_data_build: uploading ngs_passing_2024.csv (384.8KB) -> sportsdataverse/sportsdataverse-data:nfl_ngs_passing
2026-09-14 17:32:36 [INFO] ngs_data_build: uploading ngs_passing_in_data_repo.csv (1.2KB) -> sportsdataverse/sportsdataverse-data:nfl_ngs_passing
2026-09-14 17:32:41 [INFO] ngs_data_build: stamped nfl_ngs_passing with timestamp.txt, timestamp.json, package_function.txt, package_function.json
2026-09-14 17:32:41 [INFO] ngs_data_build: passing 2024: done -- 757 rows x 48 cols in 7.8s
2026-09-14 17:32:41 [INFO] ngs_data_build: passing 2024: season complete -- 757 rows
stage passing elapsed=11s
::endgroup::
::group::ngs_data_build rushing 2024
2026-09-14 17:32:45 [INFO] ngs_data_build: rushing 2024: build starting (raw=/mnt/sdv_repos/nfl-ngs-raw via disk)
2026-09-14 17:32:45 [INFO] ngs_data_build: wrote ngs_rushing_2024.parquet (68.2KB), ngs_rushing_2024.csv (280.0KB), 718 rows x 38 cols; manifest ngs_rushing_in_data_repo.csv
2026-09-14 17:32:45 [INFO] ngs_data_build: uploading ngs_rushing_2024.parquet (68.2KB) -> sportsdataverse/sportsdataverse-data:nfl_ngs_rushing
2026-09-14 17:32:46 [INFO] ngs_data_build: uploading ngs_rushing_2024.csv (280.0KB) -> sportsdataverse/sportsdataverse-data:nfl_ngs_rushing
2026-09-14 17:32:47 [INFO] ngs_data_build: uploading ngs_rushing_in_data_repo.csv (1.2KB) -> sportsdataverse/sportsdataverse-data:nfl_ngs_rushing
2026-09-14 17:32:52 [INFO] ngs_data_build: stamped nfl_ngs_rushing with timestamp.txt, timestamp.json, package_function.txt, package_function.json
2026-09-14 17:32:52 [INFO] ngs_data_build: rushing 2024: done -- 718 rows x 38 cols in 7.2s
2026-09-14 17:32:52 [INFO] ngs_data_build: rushing 2024: season complete -- 718 rows
stage rushing elapsed=11s
::endgroup::
::group::ngs_data_build receiving 2024
2026-09-14 17:32:56 [INFO] ngs_data_build: receiving 2024: build starting (raw=/mnt/sdv_repos/nfl-ngs-raw via disk)
2026-09-14 17:32:56 [INFO] ngs_data_build: wrote ngs_receiving_2024.parquet (145.8KB), ngs_receiving_2024.csv (677.8KB), 1649 rows x 41 cols; manifest ngs_receiving_in_data_repo.csv
2026-09-14 17:32:56 [INFO] ngs_data_build: uploading ngs_receiving_2024.parquet (145.8KB) -> sportsdataverse/sportsdataverse-data:nfl_ngs_receiving
2026-09-14 17:32:57 [INFO] ngs_data_build: uploading ngs_receiving_2024.csv (677.8KB) -> sportsdataverse/sportsdataverse-data:nfl_ngs_receiving
2026-09-14 17:32:58 [INFO] ngs_data_build: uploading ngs_receiving_in_data_repo.csv (1.2KB) -> sportsdataverse/sportsdataverse-data:nfl_ngs_receiving
2026-09-14 17:33:03 [INFO] ngs_data_build: stamped nfl_ngs_receiving with timestamp.txt, timestamp.json, package_function.txt, package_function.json
2026-09-14 17:33:03 [INFO] ngs_data_build: receiving 2024: done -- 1649 rows x 41 cols in 7.5s
2026-09-14 17:33:03 [INFO] ngs_data_build: receiving 2024: season complete -- 1649 rows
stage receiving elapsed=11s
::endgroup::
::group::ngs_data_build statboard_leaders 2024
2026-09-14 17:33:07 [INFO] ngs_data_build: statboard_leaders 2024: build starting (raw=/mnt/sdv_repos/nfl-ngs-raw via disk)
2026-09-14 17:33:07 [INFO] ngs_data_build: wrote ngs_statboard_leaders_2024.parquet (30.1KB), ngs_statboard_leaders_2024.csv (21.3KB), 80 rows x 59 cols; manifest ngs_statboard_leaders_in_data_repo.csv
2026-09-14 17:33:08 [INFO] ngs_data_build: uploading ngs_statboard_leaders_2024.parquet (30.1KB) -> sportsdataverse/sportsdataverse-data:nfl_ngs_statboard_leaders
2026-09-14 17:33:09 [INFO] ngs_data_build: uploading ngs_statboard_leaders_2024.csv (21.3KB) -> sportsdataverse/sportsdataverse-data:nfl_ngs_statboard_leaders
2026-09-14 17:33:10 [INFO] ngs_data_build: uploading ngs_statboard_leaders_in_data_repo.csv (1.1KB) -> sportsdataverse/sportsdataverse-data:nfl_ngs_statboard_leaders
2026-09-14 17:33:16 [INFO] ngs_data_build: stamped nfl_ngs_statboard_leaders with timestamp.txt, timestamp.json, package_function.txt, package_function.json
2026-09-14 17:33:16 [INFO] ngs_data_build: statboard_leaders 2024: done -- 80 rows x 59 cols in 8.9s
2026-09-14 17:33:16 [INFO] ngs_data_build: statboard_leaders 2024: season complete -- 80 rows
stage statboard_leaders elapsed=13s
::endgroup::
::group::ngs_data_build leaders 2024
2026-09-14 17:33:20 [INFO] ngs_data_build: leaders 2024: build starting (raw=/mnt/sdv_repos/nfl-ngs-raw via disk)
2026-09-14 17:33:21 [INFO] ngs_data_build: wrote ngs_leaders_2024.parquet (389.3KB), ngs_leaders_2024.csv (2.2MB), 3712 rows x 108 cols; manifest ngs_leaders_in_data_repo.csv
2026-09-14 17:33:21 [INFO] ngs_data_build: uploading ngs_leaders_2024.parquet (389.3KB) -> sportsdataverse/sportsdataverse-data:nfl_ngs_leaders
2026-09-14 17:33:22 [INFO] ngs_data_build: uploading ngs_leaders_2024.csv (2.2MB) -> sportsdataverse/sportsdataverse-data:nfl_ngs_leaders
2026-09-14 17:33:24 [INFO] ngs_data_build: uploading ngs_leaders_in_data_repo.csv (1.2KB) -> sportsdataverse/sportsdataverse-data:nfl_ngs_leaders
2026-09-14 17:33:29 [INFO] ngs_data_build: stamped nfl_ngs_leaders with timestamp.txt, timestamp.json, package_function.txt, package_function.json
2026-09-14 17:33:29 [INFO] ngs_data_build: leaders 2024: done -- 3712 rows x 108 cols in 9.5s
2026-09-14 17:33:29 [INFO] ngs_data_build: leaders 2024: season complete -- 3712 rows
stage leaders elapsed=13s
::endgroup::
::group::ngs_data_build gamecenter_passers 2024
2026-09-14 17:33:33 [INFO] ngs_data_build: gamecenter_passers 2024: build starting (raw=/mnt/sdv_repos/nfl-ngs-raw via disk)
2026-09-14 17:33:33 [INFO] ngs_data_build: wrote ngs_gamecenter_passers_2024.parquet (25.0KB), ngs_gamecenter_passers_2024.csv (139.6KB), 668 rows x 25 cols; manifest ngs_gamecenter_passers_in_data_repo.csv
2026-09-14 17:33:33 [INFO] ngs_data_build: uploading ngs_gamecenter_passers_2024.parquet (25.0KB) -> sportsdataverse/sportsdataverse-data:nfl_ngs_gamecenter_passers
2026-09-14 17:33:34 [INFO] ngs_data_build: uploading ngs_gamecenter_passers_2024.csv (139.6KB) -> sportsdataverse/sportsdataverse-data:nfl_ngs_gamecenter_passers
2026-09-14 17:33:36 [INFO] ngs_data_build: uploading ngs_gamecenter_passers_in_data_repo.csv (1.9KB) -> sportsdataverse/sportsdataverse-data:nfl_ngs_gamecenter_passers
2026-09-14 17:33:41 [INFO] ngs_data_build: stamped nfl_ngs_gamecenter_passers with timestamp.txt, timestamp.json, package_function.txt, package_function.json
2026-09-14 17:33:41 [INFO] ngs_data_build: gamecenter_passers 2024: done -- 668 rows x 25 cols in 8.4s
2026-09-14 17:33:41 [INFO] ngs_data_build: gamecenter_passers 2024: season complete -- 668 rows
stage gamecenter_passers elapsed=12s
::endgroup::
::group::ngs_data_build gamecenter_rushers 2024
2026-09-14 17:33:44 [INFO] ngs_data_build: gamecenter_rushers 2024: build starting (raw=/mnt/sdv_repos/nfl-ngs-raw via disk)
2026-09-14 17:33:45 [INFO] ngs_data_build: wrote ngs_gamecenter_rushers_2024.parquet (320.3KB), ngs_gamecenter_rushers_2024.csv (1.1MB), 1962 rows x 98 cols; manifest ngs_gamecenter_rushers_in_data_repo.csv
2026-09-14 17:33:45 [INFO] ngs_data_build: uploading ngs_gamecenter_rushers_2024.parquet (320.3KB) -> sportsdataverse/sportsdataverse-data:nfl_ngs_gamecenter_rushers
2026-09-14 17:33:46 [INFO] ngs_data_build: uploading ngs_gamecenter_rushers_2024.csv (1.1MB) -> sportsdataverse/sportsdataverse-data:nfl_ngs_gamecenter_rushers
2026-09-14 17:33:48 [INFO] ngs_data_build: uploading ngs_gamecenter_rushers_in_data_repo.csv (1.3KB) -> sportsdataverse/sportsdataverse-data:nfl_ngs_gamecenter_rushers
2026-09-14 17:33:53 [INFO] ngs_data_build: stamped nfl_ngs_gamecenter_rushers with timestamp.txt, timestamp.json, package_function.txt, package_function.json
2026-09-14 17:33:53 [INFO] ngs_data_build: gamecenter_rushers 2024: done -- 1962 rows x 98 cols in 8.6s
2026-09-14 17:33:53 [INFO] ngs_data_build: gamecenter_rushers 2024: season complete -- 1962 rows
stage gamecenter_rushers elapsed=12s
::endgroup::
::group::ngs_data_build gamecenter_receivers 2024
2026-09-14 17:33:57 [INFO] ngs_data_build: gamecenter_receivers 2024: build starting (raw=/mnt/sdv_repos/nfl-ngs-raw via disk)
2026-09-14 17:33:57 [INFO] ngs_data_build: wrote ngs_gamecenter_receivers_2024.parquet (113.9KB), ngs_gamecenter_receivers_2024.csv (879.6KB), 3250 rows x 30 cols; manifest ngs_gamecenter_receivers_in_data_repo.csv
2026-09-14 17:33:58 [INFO] ngs_data_build: uploading ngs_gamecenter_receivers_2024.parquet (113.9KB) -> sportsdataverse/sportsdataverse-data:nfl_ngs_gamecenter_receivers
2026-09-14 17:33:59 [INFO] ngs_data_build: uploading ngs_gamecenter_receivers_2024.csv (879.6KB) -> sportsdataverse/sportsdataverse-data:nfl_ngs_gamecenter_receivers
2026-09-14 17:34:00 [INFO] ngs_data_build: uploading ngs_gamecenter_receivers_in_data_repo.csv (1.3KB) -> sportsdataverse/sportsdataverse-data:nfl_ngs_gamecenter_receivers
2026-09-14 17:34:05 [INFO] ngs_data_build: stamped nfl_ngs_gamecenter_receivers with timestamp.txt, timestamp.json, package_function.txt, package_function.json
2026-09-14 17:34:05 [INFO] ngs_data_build: gamecenter_receivers 2024: done -- 3250 rows x 30 cols in 8.5s
2026-09-14 17:34:05 [INFO] ngs_data_build: gamecenter_receivers 2024: season complete -- 3250 rows
stage gamecenter_receivers elapsed=12s
::endgroup::
::group::ngs_data_build gamecenter_pass_rushers 2024
2026-09-14 17:34:09 [INFO] ngs_data_build: gamecenter_pass_rushers 2024: build starting (raw=/mnt/sdv_repos/nfl-ngs-raw via disk)
2026-09-14 17:34:09 [INFO] ngs_data_build: wrote ngs_gamecenter_pass_rushers_2024.parquet (77.3KB), ngs_gamecenter_pass_rushers_2024.csv (667.3KB), 2672 rows x 27 cols; manifest ngs_gamecenter_pass_rushers_in_data_repo.csv
2026-09-14 17:34:09 [INFO] ngs_data_build: uploading ngs_gamecenter_pass_rushers_2024.parquet (77.3KB) -> sportsdataverse/sportsdataverse-data:nfl_ngs_gamecenter_pass_rushers
2026-09-14 17:34:10 [INFO] ngs_data_build: uploading ngs_gamecenter_pass_rushers_2024.csv (667.3KB) -> sportsdataverse/sportsdataverse-data:nfl_ngs_gamecenter_pass_rushers
2026-09-14 17:34:11 [INFO] ngs_data_build: uploading ngs_gamecenter_pass_rushers_in_data_repo.csv (1.2KB) -> sportsdataverse/sportsdataverse-data:nfl_ngs_gamecenter_pass_rushers
2026-09-14 17:34:16 [INFO] ngs_data_build: stamped nfl_ngs_gamecenter_pass_rushers with timestamp.txt, timestamp.json, package_function.txt, package_function.json
2026-09-14 17:34:16 [INFO] ngs_data_build: gamecenter_pass_rushers 2024: done -- 2672 rows x 27 cols in 7.7s
2026-09-14 17:34:16 [INFO] ngs_data_build: gamecenter_pass_rushers 2024: season complete -- 2672 rows
stage gamecenter_pass_rushers elapsed=11s
::endgroup::
::group::ngs_data_build gamecenter_leaders 2024
2026-09-14 17:34:20 [INFO] ngs_data_build: gamecenter_leaders 2024: build starting (raw=/mnt/sdv_repos/nfl-ngs-raw via disk)
2026-09-14 17:34:20 [INFO] ngs_data_build: wrote ngs_gamecenter_leaders_2024.parquet (69.2KB), ngs_gamecenter_leaders_2024.csv (438.4KB), 1916 rows x 23 cols; manifest ngs_gamecenter_leaders_in_data_repo.csv
2026-09-14 17:34:20 [INFO] ngs_data_build: uploading ngs_gamecenter_leaders_2024.parquet (69.2KB) -> sportsdataverse/sportsdataverse-data:nfl_ngs_gamecenter_leaders
2026-09-14 17:34:22 [INFO] ngs_data_build: uploading ngs_gamecenter_leaders_2024.csv (438.4KB) -> sportsdataverse/sportsdataverse-data:nfl_ngs_gamecenter_leaders
2026-09-14 17:34:23 [INFO] ngs_data_build: uploading ngs_gamecenter_leaders_in_data_repo.csv (1.2KB) -> sportsdataverse/sportsdataverse-data:nfl_ngs_gamecenter_leaders
2026-09-14 17:34:28 [INFO] ngs_data_build: stamped nfl_ngs_gamecenter_leaders with timestamp.txt, timestamp.json, package_function.txt, package_function.json
2026-09-14 17:34:28 [INFO] ngs_data_build: gamecenter_leaders 2024: done -- 1916 rows x 23 cols in 7.8s
2026-09-14 17:34:28 [INFO] ngs_data_build: gamecenter_leaders 2024: season complete -- 1916 rows
stage gamecenter_leaders elapsed=11s
::endgroup::
::group::ngs_data_build highlights 2024
2026-09-14 17:34:31 [INFO] ngs_data_build: highlights 2024: build starting (raw=/mnt/sdv_repos/nfl-ngs-raw via disk)
2026-09-14 17:34:32 [INFO] ngs_data_build: wrote ngs_highlights_2024.parquet (173.6KB), ngs_highlights_2024.csv (867.7KB), 2744 rows x 41 cols; manifest ngs_highlights_in_data_repo.csv
2026-09-14 17:34:32 [INFO] ngs_data_build: uploading ngs_highlights_2024.parquet (173.6KB) -> sportsdataverse/sportsdataverse-data:nfl_ngs_highlights
2026-09-14 17:34:33 [INFO] ngs_data_build: uploading ngs_highlights_2024.csv (867.7KB) -> sportsdataverse/sportsdataverse-data:nfl_ngs_highlights
2026-09-14 17:34:34 [INFO] ngs_data_build: uploading ngs_highlights_in_data_repo.csv (460B) -> sportsdataverse/sportsdataverse-data:nfl_ngs_highlights
2026-09-14 17:34:39 [INFO] ngs_data_build: stamped nfl_ngs_highlights with timestamp.txt, timestamp.json, package_function.txt, package_function.json
2026-09-14 17:34:39 [INFO] ngs_data_build: highlights 2024: done -- 2744 rows x 41 cols in 7.9s
2026-09-14 17:34:39 [INFO] ngs_data_build: highlights 2024: season complete -- 2744 rows
stage highlights elapsed=12s
::endgroup::
::group::ngs_data_build highlight_participation 2024
2026-09-14 17:34:42 [INFO] ngs_data_build: highlight_participation 2024: build starting (raw=/mnt/sdv_repos/nfl-ngs-raw via disk)
2026-09-14 17:34:52 [INFO] ngs_data_build: wrote ngs_highlight_participation_2024.parquet (1.2MB), ngs_highlight_participation_2024.csv (21.5MB), 60366 rows x 44 cols; manifest ngs_highlight_participation_in_data_repo.csv
2026-09-14 17:34:53 [INFO] ngs_data_build: uploading ngs_highlight_participation_2024.parquet (1.2MB) -> sportsdataverse/sportsdataverse-data:nfl_ngs_highlight_participation
2026-09-14 17:34:54 [INFO] ngs_data_build: uploading ngs_highlight_participation_2024.csv (21.5MB) -> sportsdataverse/sportsdataverse-data:nfl_ngs_highlight_participation
2026-09-14 17:34:55 [INFO] ngs_data_build: uploading ngs_highlight_participation_in_data_repo.csv (464B) -> sportsdataverse/sportsdataverse-data:nfl_ngs_highlight_participation
2026-09-14 17:35:00 [INFO] ngs_data_build: stamped nfl_ngs_highlight_participation with timestamp.txt, timestamp.json, package_function.txt, package_function.json
2026-09-14 17:35:00 [INFO] ngs_data_build: highlight_participation 2024: done -- 60366 rows x 44 cols in 18.0s
2026-09-14 17:35:00 [INFO] ngs_data_build: highlight_participation 2024: season complete -- 60366 rows
stage highlight_participation elapsed=21s
::endgroup::
::group::ngs_data_build highlight_events 2024
2026-09-14 17:35:04 [INFO] ngs_data_build: highlight_events 2024: build starting (raw=/mnt/sdv_repos/nfl-ngs-raw via disk)
2026-09-14 17:35:50 [INFO] ngs_data_build: wrote ngs_highlight_events_2024.parquet (117.1KB), ngs_highlight_events_2024.csv (1.9MB), 25513 rows x 9 cols; manifest ngs_highlight_events_in_data_repo.csv
2026-09-14 17:35:50 [INFO] ngs_data_build: uploading ngs_highlight_events_2024.parquet (117.1KB) -> sportsdataverse/sportsdataverse-data:nfl_ngs_highlight_events
2026-09-14 17:35:51 [INFO] ngs_data_build: uploading ngs_highlight_events_2024.csv (1.9MB) -> sportsdataverse/sportsdataverse-data:nfl_ngs_highlight_events
2026-09-14 17:35:52 [INFO] ngs_data_build: uploading ngs_highlight_events_in_data_repo.csv (464B) -> sportsdataverse/sportsdataverse-data:nfl_ngs_highlight_events
2026-09-14 17:35:56 [INFO] ngs_data_build: stamped nfl_ngs_highlight_events with timestamp.txt, timestamp.json, package_function.txt, package_function.json
2026-09-14 17:35:56 [INFO] ngs_data_build: highlight_events 2024: done -- 25513 rows x 9 cols in 51.8s
2026-09-14 17:35:56 [INFO] ngs_data_build: highlight_events 2024: season complete -- 25513 rows
stage highlight_events elapsed=56s
::endgroup::
::group::ngs_data_build highlight_tracking 2024
2026-09-14 17:36:00 [INFO] ngs_data_build: highlight_tracking 2024: build starting (raw=/mnt/sdv_repos/nfl-ngs-raw via disk)
2026-09-14 17:37:16 [INFO] ngs_data_build: wrote ngs_highlight_tracking_2024.parquet (145.6MB), 18656004 rows x 15 cols; manifest ngs_highlight_tracking_in_data_repo.csv [release-only staging]
2026-09-14 17:37:17 [INFO] ngs_data_build: uploading ngs_highlight_tracking_2024.parquet (145.6MB) -> sportsdataverse/sportsdataverse-data:nfl_ngs_highlight_tracking
2026-09-14 17:37:21 [INFO] ngs_data_build: uploading ngs_highlight_tracking_in_data_repo.csv (259B) -> sportsdataverse/sportsdataverse-data:nfl_ngs_highlight_tracking
2026-09-14 17:37:27 [INFO] ngs_data_build: stamped nfl_ngs_highlight_tracking with timestamp.txt, timestamp.json, package_function.txt, package_function.json
2026-09-14 17:37:27 [INFO] ngs_data_build: highlight_tracking 2024: done -- 18656004 rows x 15 cols in 87.0s
2026-09-14 17:37:27 [INFO] ngs_data_build: highlight_tracking 2024: season complete -- 18656004 rows
stage highlight_tracking elapsed=91s
::endgroup::
season 2024 EXIT=0
pushed: NGS Data Update (Start: 2024 End: 2024) (attempt 1)
