=== season 2023  2026-09-14 21:26:48Z  raw=/mnt/sdv_repos/nfl-ngs-raw ===
::group::ngs_data_build schedules 2023
2026-09-14 17:26:50 [INFO] ngs_data_build: schedules 2023: build starting (raw=/mnt/sdv_repos/nfl-ngs-raw via disk)
2026-09-14 17:26:51 [INFO] ngs_data_build: wrote ngs_schedule_2023.parquet (22.4KB), ngs_schedule_2023.csv (87.3KB), 334 rows x 30 cols; manifest ngs_schedules_in_data_repo.csv
2026-09-14 17:26:51 [INFO] ngs_data_build: uploading ngs_schedule_2023.parquet (22.4KB) -> sportsdataverse/sportsdataverse-data:nfl_ngs_schedules
2026-09-14 17:26:52 [INFO] ngs_data_build: uploading ngs_schedule_2023.csv (87.3KB) -> sportsdataverse/sportsdataverse-data:nfl_ngs_schedules
2026-09-14 17:26:53 [INFO] ngs_data_build: uploading ngs_schedules_in_data_repo.csv (1.9KB) -> sportsdataverse/sportsdataverse-data:nfl_ngs_schedules
2026-09-14 17:26:57 [INFO] ngs_data_build: stamped nfl_ngs_schedules with timestamp.txt, timestamp.json, package_function.txt, package_function.json
2026-09-14 17:26:57 [INFO] ngs_data_build: schedules 2023: done -- 334 rows x 30 cols in 7.0s
2026-09-14 17:26:57 [INFO] ngs_data_build: schedules 2023: season complete -- 334 rows
stage schedules elapsed=10s
::endgroup::
::group::ngs_data_build teams 2023
2026-09-14 17:27:00 [INFO] ngs_data_build: teams 2023: build starting (raw=/mnt/sdv_repos/nfl-ngs-raw via disk)
2026-09-14 17:27:00 [INFO] ngs_data_build: wrote ngs_teams_2023.parquet (12.6KB), ngs_teams_2023.csv (11.3KB), 34 rows x 20 cols; manifest ngs_teams_in_data_repo.csv
2026-09-14 17:27:01 [INFO] ngs_data_build: uploading ngs_teams_2023.parquet (12.6KB) -> sportsdataverse/sportsdataverse-data:nfl_ngs_teams
2026-09-14 17:27:02 [INFO] ngs_data_build: uploading ngs_teams_2023.csv (11.3KB) -> sportsdataverse/sportsdataverse-data:nfl_ngs_teams
2026-09-14 17:27:03 [INFO] ngs_data_build: uploading ngs_teams_in_data_repo.csv (1.4KB) -> sportsdataverse/sportsdataverse-data:nfl_ngs_teams
2026-09-14 17:27:08 [INFO] ngs_data_build: stamped nfl_ngs_teams with timestamp.txt, timestamp.json, package_function.txt, package_function.json
2026-09-14 17:27:08 [INFO] ngs_data_build: teams 2023: done -- 34 rows x 20 cols in 7.2s
2026-09-14 17:27:08 [INFO] ngs_data_build: teams 2023: season complete -- 34 rows
stage teams elapsed=10s
::endgroup::
::group::ngs_data_build passing 2023
2026-09-14 17:27:11 [INFO] ngs_data_build: passing 2023: build starting (raw=/mnt/sdv_repos/nfl-ngs-raw via disk)
2026-09-14 17:27:11 [INFO] ngs_data_build: wrote ngs_passing_2023.parquet (102.5KB), ngs_passing_2023.csv (391.6KB), 769 rows x 48 cols; manifest ngs_passing_in_data_repo.csv
2026-09-14 17:27:11 [INFO] ngs_data_build: uploading ngs_passing_2023.parquet (102.5KB) -> sportsdataverse/sportsdataverse-data:nfl_ngs_passing
2026-09-14 17:27:12 [INFO] ngs_data_build: uploading ngs_passing_2023.csv (391.6KB) -> sportsdataverse/sportsdataverse-data:nfl_ngs_passing
2026-09-14 17:27:13 [INFO] ngs_data_build: uploading ngs_passing_in_data_repo.csv (1.2KB) -> sportsdataverse/sportsdataverse-data:nfl_ngs_passing
2026-09-14 17:27:18 [INFO] ngs_data_build: stamped nfl_ngs_passing with timestamp.txt, timestamp.json, package_function.txt, package_function.json
2026-09-14 17:27:18 [INFO] ngs_data_build: passing 2023: done -- 769 rows x 48 cols in 7.6s
2026-09-14 17:27:18 [INFO] ngs_data_build: passing 2023: season complete -- 769 rows
stage passing elapsed=11s
::endgroup::
::group::ngs_data_build rushing 2023
2026-09-14 17:27:21 [INFO] ngs_data_build: rushing 2023: build starting (raw=/mnt/sdv_repos/nfl-ngs-raw via disk)
2026-09-14 17:27:21 [INFO] ngs_data_build: wrote ngs_rushing_2023.parquet (67.9KB), ngs_rushing_2023.csv (285.2KB), 730 rows x 38 cols; manifest ngs_rushing_in_data_repo.csv
2026-09-14 17:27:22 [INFO] ngs_data_build: uploading ngs_rushing_2023.parquet (67.9KB) -> sportsdataverse/sportsdataverse-data:nfl_ngs_rushing
2026-09-14 17:27:23 [INFO] ngs_data_build: uploading ngs_rushing_2023.csv (285.2KB) -> sportsdataverse/sportsdataverse-data:nfl_ngs_rushing
2026-09-14 17:27:24 [INFO] ngs_data_build: uploading ngs_rushing_in_data_repo.csv (1.2KB) -> sportsdataverse/sportsdataverse-data:nfl_ngs_rushing
2026-09-14 17:27:28 [INFO] ngs_data_build: stamped nfl_ngs_rushing with timestamp.txt, timestamp.json, package_function.txt, package_function.json
2026-09-14 17:27:28 [INFO] ngs_data_build: rushing 2023: done -- 730 rows x 38 cols in 7.0s
2026-09-14 17:27:28 [INFO] ngs_data_build: rushing 2023: season complete -- 730 rows
stage rushing elapsed=10s
::endgroup::
::group::ngs_data_build receiving 2023
2026-09-14 17:27:31 [INFO] ngs_data_build: receiving 2023: build starting (raw=/mnt/sdv_repos/nfl-ngs-raw via disk)
2026-09-14 17:27:32 [INFO] ngs_data_build: wrote ngs_receiving_2023.parquet (148.4KB), ngs_receiving_2023.csv (698.5KB), 1711 rows x 41 cols; manifest ngs_receiving_in_data_repo.csv
2026-09-14 17:27:32 [INFO] ngs_data_build: uploading ngs_receiving_2023.parquet (148.4KB) -> sportsdataverse/sportsdataverse-data:nfl_ngs_receiving
2026-09-14 17:27:33 [INFO] ngs_data_build: uploading ngs_receiving_2023.csv (698.5KB) -> sportsdataverse/sportsdataverse-data:nfl_ngs_receiving
2026-09-14 17:27:34 [INFO] ngs_data_build: uploading ngs_receiving_in_data_repo.csv (1.2KB) -> sportsdataverse/sportsdataverse-data:nfl_ngs_receiving
2026-09-14 17:27:39 [INFO] ngs_data_build: stamped nfl_ngs_receiving with timestamp.txt, timestamp.json, package_function.txt, package_function.json
2026-09-14 17:27:39 [INFO] ngs_data_build: receiving 2023: done -- 1711 rows x 41 cols in 7.7s
2026-09-14 17:27:39 [INFO] ngs_data_build: receiving 2023: season complete -- 1711 rows
stage receiving elapsed=11s
::endgroup::
::group::ngs_data_build statboard_leaders 2023
2026-09-14 17:27:42 [INFO] ngs_data_build: statboard_leaders 2023: build starting (raw=/mnt/sdv_repos/nfl-ngs-raw via disk)
2026-09-14 17:27:42 [INFO] ngs_data_build: wrote ngs_statboard_leaders_2023.parquet (30.0KB), ngs_statboard_leaders_2023.csv (20.8KB), 80 rows x 59 cols; manifest ngs_statboard_leaders_in_data_repo.csv
2026-09-14 17:27:43 [INFO] ngs_data_build: uploading ngs_statboard_leaders_2023.parquet (30.0KB) -> sportsdataverse/sportsdataverse-data:nfl_ngs_statboard_leaders
2026-09-14 17:27:44 [INFO] ngs_data_build: uploading ngs_statboard_leaders_2023.csv (20.8KB) -> sportsdataverse/sportsdataverse-data:nfl_ngs_statboard_leaders
2026-09-14 17:27:44 [INFO] ngs_data_build: uploading ngs_statboard_leaders_in_data_repo.csv (1.1KB) -> sportsdataverse/sportsdataverse-data:nfl_ngs_statboard_leaders
2026-09-14 17:27:49 [INFO] ngs_data_build: stamped nfl_ngs_statboard_leaders with timestamp.txt, timestamp.json, package_function.txt, package_function.json
2026-09-14 17:27:49 [INFO] ngs_data_build: statboard_leaders 2023: done -- 80 rows x 59 cols in 6.6s
2026-09-14 17:27:49 [INFO] ngs_data_build: statboard_leaders 2023: season complete -- 80 rows
stage statboard_leaders elapsed=10s
::endgroup::
::group::ngs_data_build leaders 2023
2026-09-14 17:27:52 [INFO] ngs_data_build: leaders 2023: build starting (raw=/mnt/sdv_repos/nfl-ngs-raw via disk)
2026-09-14 17:27:53 [INFO] ngs_data_build: wrote ngs_leaders_2023.parquet (388.8KB), ngs_leaders_2023.csv (2.3MB), 3726 rows x 108 cols; manifest ngs_leaders_in_data_repo.csv
2026-09-14 17:27:54 [INFO] ngs_data_build: uploading ngs_leaders_2023.parquet (388.8KB) -> sportsdataverse/sportsdataverse-data:nfl_ngs_leaders
2026-09-14 17:27:55 [INFO] ngs_data_build: uploading ngs_leaders_2023.csv (2.3MB) -> sportsdataverse/sportsdataverse-data:nfl_ngs_leaders
2026-09-14 17:27:56 [INFO] ngs_data_build: uploading ngs_leaders_in_data_repo.csv (1.2KB) -> sportsdataverse/sportsdataverse-data:nfl_ngs_leaders
2026-09-14 17:28:00 [INFO] ngs_data_build: stamped nfl_ngs_leaders with timestamp.txt, timestamp.json, package_function.txt, package_function.json
2026-09-14 17:28:00 [INFO] ngs_data_build: leaders 2023: done -- 3726 rows x 108 cols in 8.5s
2026-09-14 17:28:00 [INFO] ngs_data_build: leaders 2023: season complete -- 3726 rows
stage leaders elapsed=11s
::endgroup::
::group::ngs_data_build gamecenter_passers 2023
2026-09-14 17:28:04 [INFO] ngs_data_build: gamecenter_passers 2023: build starting (raw=/mnt/sdv_repos/nfl-ngs-raw via disk)
2026-09-14 17:28:05 [INFO] ngs_data_build: wrote ngs_gamecenter_passers_2023.parquet (24.7KB), ngs_gamecenter_passers_2023.csv (139.7KB), 668 rows x 25 cols; manifest ngs_gamecenter_passers_in_data_repo.csv
2026-09-14 17:28:05 [INFO] ngs_data_build: uploading ngs_gamecenter_passers_2023.parquet (24.7KB) -> sportsdataverse/sportsdataverse-data:nfl_ngs_gamecenter_passers
2026-09-14 17:28:06 [INFO] ngs_data_build: uploading ngs_gamecenter_passers_2023.csv (139.7KB) -> sportsdataverse/sportsdataverse-data:nfl_ngs_gamecenter_passers
2026-09-14 17:28:07 [INFO] ngs_data_build: uploading ngs_gamecenter_passers_in_data_repo.csv (1.9KB) -> sportsdataverse/sportsdataverse-data:nfl_ngs_gamecenter_passers
2026-09-14 17:28:12 [INFO] ngs_data_build: stamped nfl_ngs_gamecenter_passers with timestamp.txt, timestamp.json, package_function.txt, package_function.json
2026-09-14 17:28:12 [INFO] ngs_data_build: gamecenter_passers 2023: done -- 668 rows x 25 cols in 7.7s
2026-09-14 17:28:12 [INFO] ngs_data_build: gamecenter_passers 2023: season complete -- 668 rows
stage gamecenter_passers elapsed=11s
::endgroup::
::group::ngs_data_build gamecenter_rushers 2023
2026-09-14 17:28:15 [INFO] ngs_data_build: gamecenter_rushers 2023: build starting (raw=/mnt/sdv_repos/nfl-ngs-raw via disk)
2026-09-14 17:28:16 [INFO] ngs_data_build: wrote ngs_gamecenter_rushers_2023.parquet (322.2KB), ngs_gamecenter_rushers_2023.csv (1.1MB), 1987 rows x 98 cols; manifest ngs_gamecenter_rushers_in_data_repo.csv
2026-09-14 17:28:16 [INFO] ngs_data_build: uploading ngs_gamecenter_rushers_2023.parquet (322.2KB) -> sportsdataverse/sportsdataverse-data:nfl_ngs_gamecenter_rushers
2026-09-14 17:28:17 [INFO] ngs_data_build: uploading ngs_gamecenter_rushers_2023.csv (1.1MB) -> sportsdataverse/sportsdataverse-data:nfl_ngs_gamecenter_rushers
2026-09-14 17:28:18 [INFO] ngs_data_build: uploading ngs_gamecenter_rushers_in_data_repo.csv (1.3KB) -> sportsdataverse/sportsdataverse-data:nfl_ngs_gamecenter_rushers
2026-09-14 17:28:23 [INFO] ngs_data_build: stamped nfl_ngs_gamecenter_rushers with timestamp.txt, timestamp.json, package_function.txt, package_function.json
2026-09-14 17:28:23 [INFO] ngs_data_build: gamecenter_rushers 2023: done -- 1987 rows x 98 cols in 8.1s
2026-09-14 17:28:23 [INFO] ngs_data_build: gamecenter_rushers 2023: season complete -- 1987 rows
stage gamecenter_rushers elapsed=12s
::endgroup::
::group::ngs_data_build gamecenter_receivers 2023
2026-09-14 17:28:27 [INFO] ngs_data_build: gamecenter_receivers 2023: build starting (raw=/mnt/sdv_repos/nfl-ngs-raw via disk)
2026-09-14 17:28:27 [INFO] ngs_data_build: wrote ngs_gamecenter_receivers_2023.parquet (113.4KB), ngs_gamecenter_receivers_2023.csv (879.2KB), 3266 rows x 30 cols; manifest ngs_gamecenter_receivers_in_data_repo.csv
2026-09-14 17:28:27 [INFO] ngs_data_build: uploading ngs_gamecenter_receivers_2023.parquet (113.4KB) -> sportsdataverse/sportsdataverse-data:nfl_ngs_gamecenter_receivers
2026-09-14 17:28:28 [INFO] ngs_data_build: uploading ngs_gamecenter_receivers_2023.csv (879.2KB) -> sportsdataverse/sportsdataverse-data:nfl_ngs_gamecenter_receivers
2026-09-14 17:28:29 [INFO] ngs_data_build: uploading ngs_gamecenter_receivers_in_data_repo.csv (1.3KB) -> sportsdataverse/sportsdataverse-data:nfl_ngs_gamecenter_receivers
2026-09-14 17:28:34 [INFO] ngs_data_build: stamped nfl_ngs_gamecenter_receivers with timestamp.txt, timestamp.json, package_function.txt, package_function.json
2026-09-14 17:28:34 [INFO] ngs_data_build: gamecenter_receivers 2023: done -- 3266 rows x 30 cols in 7.2s
2026-09-14 17:28:34 [INFO] ngs_data_build: gamecenter_receivers 2023: season complete -- 3266 rows
stage gamecenter_receivers elapsed=11s
::endgroup::
::group::ngs_data_build gamecenter_pass_rushers 2023
2026-09-14 17:28:37 [INFO] ngs_data_build: gamecenter_pass_rushers 2023: build starting (raw=/mnt/sdv_repos/nfl-ngs-raw via disk)
2026-09-14 17:28:37 [INFO] ngs_data_build: wrote ngs_gamecenter_pass_rushers_2023.parquet (76.0KB), ngs_gamecenter_pass_rushers_2023.csv (665.3KB), 2672 rows x 27 cols; manifest ngs_gamecenter_pass_rushers_in_data_repo.csv
2026-09-14 17:28:38 [INFO] ngs_data_build: uploading ngs_gamecenter_pass_rushers_2023.parquet (76.0KB) -> sportsdataverse/sportsdataverse-data:nfl_ngs_gamecenter_pass_rushers
2026-09-14 17:28:39 [INFO] ngs_data_build: uploading ngs_gamecenter_pass_rushers_2023.csv (665.3KB) -> sportsdataverse/sportsdataverse-data:nfl_ngs_gamecenter_pass_rushers
2026-09-14 17:28:40 [INFO] ngs_data_build: uploading ngs_gamecenter_pass_rushers_in_data_repo.csv (1.2KB) -> sportsdataverse/sportsdataverse-data:nfl_ngs_gamecenter_pass_rushers
2026-09-14 17:28:44 [INFO] ngs_data_build: stamped nfl_ngs_gamecenter_pass_rushers with timestamp.txt, timestamp.json, package_function.txt, package_function.json
2026-09-14 17:28:44 [INFO] ngs_data_build: gamecenter_pass_rushers 2023: done -- 2672 rows x 27 cols in 7.0s
2026-09-14 17:28:44 [INFO] ngs_data_build: gamecenter_pass_rushers 2023: season complete -- 2672 rows
stage gamecenter_pass_rushers elapsed=10s
::endgroup::
::group::ngs_data_build gamecenter_leaders 2023
2026-09-14 17:28:47 [INFO] ngs_data_build: gamecenter_leaders 2023: build starting (raw=/mnt/sdv_repos/nfl-ngs-raw via disk)
2026-09-14 17:28:47 [INFO] ngs_data_build: wrote ngs_gamecenter_leaders_2023.parquet (68.0KB), ngs_gamecenter_leaders_2023.csv (438.7KB), 1923 rows x 23 cols; manifest ngs_gamecenter_leaders_in_data_repo.csv
2026-09-14 17:28:48 [INFO] ngs_data_build: uploading ngs_gamecenter_leaders_2023.parquet (68.0KB) -> sportsdataverse/sportsdataverse-data:nfl_ngs_gamecenter_leaders
2026-09-14 17:28:49 [INFO] ngs_data_build: uploading ngs_gamecenter_leaders_2023.csv (438.7KB) -> sportsdataverse/sportsdataverse-data:nfl_ngs_gamecenter_leaders
2026-09-14 17:28:50 [INFO] ngs_data_build: uploading ngs_gamecenter_leaders_in_data_repo.csv (1.2KB) -> sportsdataverse/sportsdataverse-data:nfl_ngs_gamecenter_leaders
2026-09-14 17:28:54 [INFO] ngs_data_build: stamped nfl_ngs_gamecenter_leaders with timestamp.txt, timestamp.json, package_function.txt, package_function.json
2026-09-14 17:28:54 [INFO] ngs_data_build: gamecenter_leaders 2023: done -- 1923 rows x 23 cols in 6.9s
2026-09-14 17:28:54 [INFO] ngs_data_build: gamecenter_leaders 2023: season complete -- 1923 rows
stage gamecenter_leaders elapsed=10s
::endgroup::
::group::ngs_data_build highlights 2023
2026-09-14 17:28:57 [INFO] ngs_data_build: highlights 2023: build starting (raw=/mnt/sdv_repos/nfl-ngs-raw via disk)
2026-09-14 17:28:58 [INFO] ngs_data_build: wrote ngs_highlights_2023.parquet (199.5KB), ngs_highlights_2023.csv (1015.8KB), 3208 rows x 41 cols; manifest ngs_highlights_in_data_repo.csv
2026-09-14 17:28:58 [INFO] ngs_data_build: uploading ngs_highlights_2023.parquet (199.5KB) -> sportsdataverse/sportsdataverse-data:nfl_ngs_highlights
2026-09-14 17:28:59 [INFO] ngs_data_build: uploading ngs_highlights_2023.csv (1015.8KB) -> sportsdataverse/sportsdataverse-data:nfl_ngs_highlights
2026-09-14 17:29:00 [INFO] ngs_data_build: uploading ngs_highlights_in_data_repo.csv (355B) -> sportsdataverse/sportsdataverse-data:nfl_ngs_highlights
2026-09-14 17:29:05 [INFO] ngs_data_build: stamped nfl_ngs_highlights with timestamp.txt, timestamp.json, package_function.txt, package_function.json
2026-09-14 17:29:05 [INFO] ngs_data_build: highlights 2023: done -- 3208 rows x 41 cols in 7.6s
2026-09-14 17:29:05 [INFO] ngs_data_build: highlights 2023: season complete -- 3208 rows
stage highlights elapsed=11s
::endgroup::
::group::ngs_data_build highlight_participation 2023
2026-09-14 17:29:08 [INFO] ngs_data_build: highlight_participation 2023: build starting (raw=/mnt/sdv_repos/nfl-ngs-raw via disk)
2026-09-14 17:29:19 [INFO] ngs_data_build: wrote ngs_highlight_participation_2023.parquet (1.5MB), ngs_highlight_participation_2023.csv (24.9MB), 70573 rows x 44 cols; manifest ngs_highlight_participation_in_data_repo.csv
2026-09-14 17:29:19 [INFO] ngs_data_build: uploading ngs_highlight_participation_2023.parquet (1.5MB) -> sportsdataverse/sportsdataverse-data:nfl_ngs_highlight_participation
2026-09-14 17:29:20 [INFO] ngs_data_build: uploading ngs_highlight_participation_2023.csv (24.9MB) -> sportsdataverse/sportsdataverse-data:nfl_ngs_highlight_participation
2026-09-14 17:29:21 [INFO] ngs_data_build: uploading ngs_highlight_participation_in_data_repo.csv (358B) -> sportsdataverse/sportsdataverse-data:nfl_ngs_highlight_participation
2026-09-14 17:29:26 [INFO] ngs_data_build: stamped nfl_ngs_highlight_participation with timestamp.txt, timestamp.json, package_function.txt, package_function.json
2026-09-14 17:29:26 [INFO] ngs_data_build: highlight_participation 2023: done -- 70573 rows x 44 cols in 18.1s
2026-09-14 17:29:26 [INFO] ngs_data_build: highlight_participation 2023: season complete -- 70573 rows
stage highlight_participation elapsed=21s
::endgroup::
::group::ngs_data_build highlight_events 2023
2026-09-14 17:29:29 [INFO] ngs_data_build: highlight_events 2023: build starting (raw=/mnt/sdv_repos/nfl-ngs-raw via disk)
2026-09-14 17:30:13 [INFO] ngs_data_build: wrote ngs_highlight_events_2023.parquet (135.1KB), ngs_highlight_events_2023.csv (2.3MB), 29801 rows x 9 cols; manifest ngs_highlight_events_in_data_repo.csv
2026-09-14 17:30:14 [INFO] ngs_data_build: uploading ngs_highlight_events_2023.parquet (135.1KB) -> sportsdataverse/sportsdataverse-data:nfl_ngs_highlight_events
2026-09-14 17:30:15 [INFO] ngs_data_build: uploading ngs_highlight_events_2023.csv (2.3MB) -> sportsdataverse/sportsdataverse-data:nfl_ngs_highlight_events
2026-09-14 17:30:16 [INFO] ngs_data_build: uploading ngs_highlight_events_in_data_repo.csv (358B) -> sportsdataverse/sportsdataverse-data:nfl_ngs_highlight_events
2026-09-14 17:30:21 [INFO] ngs_data_build: stamped nfl_ngs_highlight_events with timestamp.txt, timestamp.json, package_function.txt, package_function.json
2026-09-14 17:30:21 [INFO] ngs_data_build: highlight_events 2023: done -- 29801 rows x 9 cols in 51.9s
2026-09-14 17:30:21 [INFO] ngs_data_build: highlight_events 2023: season complete -- 29801 rows
stage highlight_events elapsed=55s
::endgroup::
::group::ngs_data_build highlight_tracking 2023
2026-09-14 17:30:25 [INFO] ngs_data_build: highlight_tracking 2023: build starting (raw=/mnt/sdv_repos/nfl-ngs-raw via disk)
2026-09-14 17:31:49 [INFO] ngs_data_build: wrote ngs_highlight_tracking_2023.parquet (168.7MB), 21613444 rows x 15 cols; manifest ngs_highlight_tracking_in_data_repo.csv [release-only staging]
2026-09-14 17:31:49 [INFO] ngs_data_build: uploading ngs_highlight_tracking_2023.parquet (168.7MB) -> sportsdataverse/sportsdataverse-data:nfl_ngs_highlight_tracking
2026-09-14 17:31:55 [INFO] ngs_data_build: uploading ngs_highlight_tracking_in_data_repo.csv (150B) -> sportsdataverse/sportsdataverse-data:nfl_ngs_highlight_tracking
2026-09-14 17:31:59 [INFO] ngs_data_build: stamped nfl_ngs_highlight_tracking with timestamp.txt, timestamp.json, package_function.txt, package_function.json
2026-09-14 17:31:59 [INFO] ngs_data_build: highlight_tracking 2023: done -- 21613444 rows x 15 cols in 94.6s
2026-09-14 17:31:59 [INFO] ngs_data_build: highlight_tracking 2023: season complete -- 21613444 rows
stage highlight_tracking elapsed=99s
::endgroup::
season 2023 EXIT=0
pushed: NGS Data Update (Start: 2023 End: 2023) (attempt 1)
