=== season 2015  2026-09-10 03:18:42Z  raw=/mnt/sdv_repos/nfl-ngs-raw ===
::group::ngs_data_build schedules 2015
2026-09-09 23:18:43 [INFO] ngs_data_build: schedules 2015: build starting (raw=/mnt/sdv_repos/nfl-ngs-raw via disk)
2026-09-09 23:18:43 [INFO] ngs_data_build: wrote ngs/schedules/parquet/ngs_schedule_2015.parquet (19.5KB) + ngs_schedule_2015.csv (62.9KB), 333 rows x 30 cols; manifest ngs_schedules_in_data_repo.csv
2026-09-09 23:18:44 [INFO] ngs_data_build: uploading ngs_schedule_2015.parquet (19.5KB) -> sportsdataverse/sportsdataverse-data:nfl_ngs_schedules
2026-09-09 23:18:45 [INFO] ngs_data_build: uploading ngs_schedule_2015.csv (62.9KB) -> sportsdataverse/sportsdataverse-data:nfl_ngs_schedules
2026-09-09 23:18:45 [INFO] ngs_data_build: uploading ngs_schedules_in_data_repo.csv (873B) -> sportsdataverse/sportsdataverse-data:nfl_ngs_schedules
2026-09-09 23:18:50 [INFO] ngs_data_build: stamped nfl_ngs_schedules with timestamp.txt, timestamp.json, package_function.txt, package_function.json
2026-09-09 23:18:50 [INFO] ngs_data_build: schedules 2015: done -- 333 rows x 30 cols in 6.2s
2026-09-09 23:18:50 [INFO] ngs_data_build: schedules 2015: season complete -- 333 rows
stage schedules elapsed=8s
::endgroup::
::group::ngs_data_build teams 2015
2026-09-09 23:18:52 [INFO] ngs_data_build: teams 2015: build starting (raw=/mnt/sdv_repos/nfl-ngs-raw via disk)
2026-09-09 23:18:52 [INFO] ngs_data_build: wrote ngs/teams/parquet/ngs_teams_2015.parquet (11.9KB) + ngs_teams_2015.csv (10.4KB), 35 rows x 19 cols; manifest ngs_teams_in_data_repo.csv
2026-09-09 23:18:52 [INFO] ngs_data_build: uploading ngs_teams_2015.parquet (11.9KB) -> sportsdataverse/sportsdataverse-data:nfl_ngs_teams
2026-09-09 23:18:53 [INFO] ngs_data_build: uploading ngs_teams_2015.csv (10.4KB) -> sportsdataverse/sportsdataverse-data:nfl_ngs_teams
2026-09-09 23:18:54 [INFO] ngs_data_build: uploading ngs_teams_in_data_repo.csv (453B) -> sportsdataverse/sportsdataverse-data:nfl_ngs_teams
2026-09-09 23:18:59 [INFO] ngs_data_build: stamped nfl_ngs_teams with timestamp.txt, timestamp.json, package_function.txt, package_function.json
2026-09-09 23:18:59 [INFO] ngs_data_build: teams 2015: done -- 35 rows x 19 cols in 6.7s
2026-09-09 23:18:59 [INFO] ngs_data_build: teams 2015: season complete -- 35 rows
stage teams elapsed=9s
::endgroup::
::group::ngs_data_build passing 2015
2026-09-09 23:19:02 [INFO] ngs_data_build: passing 2015: build starting (raw=/mnt/sdv_repos/nfl-ngs-raw via disk)
2026-09-09 23:19:02 [WARNING] ngs_data_build: passing 2015: 0 rows; nothing written (below the 2016 floor, or raw not yet scraped)
2026-09-09 23:19:02 [INFO] ngs_data_build: passing 2015: season complete -- 0 rows
stage passing elapsed=3s
::endgroup::
::group::ngs_data_build rushing 2015
2026-09-09 23:19:04 [INFO] ngs_data_build: rushing 2015: build starting (raw=/mnt/sdv_repos/nfl-ngs-raw via disk)
2026-09-09 23:19:04 [WARNING] ngs_data_build: rushing 2015: 0 rows; nothing written (below the 2016 floor, or raw not yet scraped)
2026-09-09 23:19:04 [INFO] ngs_data_build: rushing 2015: season complete -- 0 rows
stage rushing elapsed=3s
::endgroup::
::group::ngs_data_build receiving 2015
2026-09-09 23:19:07 [INFO] ngs_data_build: receiving 2015: build starting (raw=/mnt/sdv_repos/nfl-ngs-raw via disk)
2026-09-09 23:19:07 [WARNING] ngs_data_build: receiving 2015: 0 rows; nothing written (below the 2016 floor, or raw not yet scraped)
2026-09-09 23:19:07 [INFO] ngs_data_build: receiving 2015: season complete -- 0 rows
stage receiving elapsed=2s
::endgroup::
::group::ngs_data_build statboard_leaders 2015
2026-09-09 23:19:10 [INFO] ngs_data_build: statboard_leaders 2015: build starting (raw=/mnt/sdv_repos/nfl-ngs-raw via disk)
2026-09-09 23:19:10 [WARNING] ngs_data_build: statboard_leaders 2015: 0 rows; nothing written (below the 2016 floor, or raw not yet scraped)
2026-09-09 23:19:10 [INFO] ngs_data_build: statboard_leaders 2015: season complete -- 0 rows
stage statboard_leaders elapsed=3s
::endgroup::
::group::ngs_data_build leaders 2015
2026-09-09 23:19:12 [INFO] ngs_data_build: leaders 2015: build starting (raw=/mnt/sdv_repos/nfl-ngs-raw via disk)
2026-09-09 23:19:12 [WARNING] ngs_data_build: leaders 2015: 0 rows; nothing written (below the 2016 floor, or raw not yet scraped)
2026-09-09 23:19:12 [INFO] ngs_data_build: leaders 2015: season complete -- 0 rows
stage leaders elapsed=3s
::endgroup::
::group::ngs_data_build gamecenter_passers 2015
2026-09-09 23:19:15 [INFO] ngs_data_build: gamecenter_passers 2015: build starting (raw=/mnt/sdv_repos/nfl-ngs-raw via disk)
2026-09-09 23:19:15 [INFO] ngs_data_build: wrote ngs/gamecenter_passers/parquet/ngs_gamecenter_passers_2015.parquet (19.4KB) + ngs_gamecenter_passers_2015.csv (107.4KB), 618 rows x 24 cols; manifest ngs_gamecenter_passers_in_data_repo.csv
2026-09-09 23:19:15 [INFO] ngs_data_build: uploading ngs_gamecenter_passers_2015.parquet (19.4KB) -> sportsdataverse/sportsdataverse-data:nfl_ngs_gamecenter_passers
2026-09-09 23:19:16 [INFO] ngs_data_build: uploading ngs_gamecenter_passers_2015.csv (107.4KB) -> sportsdataverse/sportsdataverse-data:nfl_ngs_gamecenter_passers
2026-09-09 23:19:16 [INFO] ngs_data_build: uploading ngs_gamecenter_passers_in_data_repo.csv (873B) -> sportsdataverse/sportsdataverse-data:nfl_ngs_gamecenter_passers
2026-09-09 23:19:21 [INFO] ngs_data_build: stamped nfl_ngs_gamecenter_passers with timestamp.txt, timestamp.json, package_function.txt, package_function.json
2026-09-09 23:19:21 [INFO] ngs_data_build: gamecenter_passers 2015: done -- 618 rows x 24 cols in 6.3s
2026-09-09 23:19:21 [INFO] ngs_data_build: gamecenter_passers 2015: season complete -- 618 rows
stage gamecenter_passers elapsed=8s
::endgroup::
::group::ngs_data_build gamecenter_rushers 2015
2026-09-09 23:19:23 [INFO] ngs_data_build: gamecenter_rushers 2015: build starting (raw=/mnt/sdv_repos/nfl-ngs-raw via disk)
2026-09-09 23:19:24 [INFO] ngs_data_build: wrote ngs/gamecenter_rushers/parquet/ngs_gamecenter_rushers_2015.parquet (246.7KB) + ngs_gamecenter_rushers_2015.csv (844.1KB), 1432 rows x 98 cols; manifest ngs_gamecenter_rushers_in_data_repo.csv
2026-09-09 23:19:24 [INFO] ngs_data_build: release nfl_ngs_gamecenter_rushers missing on sportsdataverse/sportsdataverse-data -- creating it
https://github.com/sportsdataverse/sportsdataverse-data/releases/tag/nfl_ngs_gamecenter_rushers
2026-09-09 23:19:25 [INFO] ngs_data_build: uploading ngs_gamecenter_rushers_2015.parquet (246.7KB) -> sportsdataverse/sportsdataverse-data:nfl_ngs_gamecenter_rushers
2026-09-09 23:19:26 [INFO] ngs_data_build: uploading ngs_gamecenter_rushers_2015.csv (844.1KB) -> sportsdataverse/sportsdataverse-data:nfl_ngs_gamecenter_rushers
2026-09-09 23:19:27 [INFO] ngs_data_build: uploading ngs_gamecenter_rushers_in_data_repo.csv (251B) -> sportsdataverse/sportsdataverse-data:nfl_ngs_gamecenter_rushers
2026-09-09 23:19:30 [INFO] ngs_data_build: stamped nfl_ngs_gamecenter_rushers with timestamp.txt, timestamp.json, package_function.txt, package_function.json
2026-09-09 23:19:30 [INFO] ngs_data_build: gamecenter_rushers 2015: done -- 1432 rows x 98 cols in 6.8s
2026-09-09 23:19:30 [INFO] ngs_data_build: gamecenter_rushers 2015: season complete -- 1432 rows
stage gamecenter_rushers elapsed=10s
::endgroup::
::group::ngs_data_build gamecenter_receivers 2015
2026-09-09 23:19:33 [INFO] ngs_data_build: gamecenter_receivers 2015: build starting (raw=/mnt/sdv_repos/nfl-ngs-raw via disk)
2026-09-09 23:19:33 [INFO] ngs_data_build: wrote ngs/gamecenter_receivers/parquet/ngs_gamecenter_receivers_2015.parquet (76.8KB) + ngs_gamecenter_receivers_2015.csv (610.3KB), 2368 rows x 29 cols; manifest ngs_gamecenter_receivers_in_data_repo.csv
2026-09-09 23:19:33 [INFO] ngs_data_build: release nfl_ngs_gamecenter_receivers missing on sportsdataverse/sportsdataverse-data -- creating it
https://github.com/sportsdataverse/sportsdataverse-data/releases/tag/nfl_ngs_gamecenter_receivers
2026-09-09 23:19:34 [INFO] ngs_data_build: uploading ngs_gamecenter_receivers_2015.parquet (76.8KB) -> sportsdataverse/sportsdataverse-data:nfl_ngs_gamecenter_receivers
2026-09-09 23:19:35 [INFO] ngs_data_build: uploading ngs_gamecenter_receivers_2015.csv (610.3KB) -> sportsdataverse/sportsdataverse-data:nfl_ngs_gamecenter_receivers
2026-09-09 23:19:35 [INFO] ngs_data_build: uploading ngs_gamecenter_receivers_in_data_repo.csv (251B) -> sportsdataverse/sportsdataverse-data:nfl_ngs_gamecenter_receivers
2026-09-09 23:19:39 [INFO] ngs_data_build: stamped nfl_ngs_gamecenter_receivers with timestamp.txt, timestamp.json, package_function.txt, package_function.json
2026-09-09 23:19:39 [INFO] ngs_data_build: gamecenter_receivers 2015: done -- 2368 rows x 29 cols in 5.9s
2026-09-09 23:19:39 [INFO] ngs_data_build: gamecenter_receivers 2015: season complete -- 2368 rows
stage gamecenter_receivers elapsed=8s
::endgroup::
::group::ngs_data_build gamecenter_pass_rushers 2015
2026-09-09 23:19:41 [INFO] ngs_data_build: gamecenter_pass_rushers 2015: build starting (raw=/mnt/sdv_repos/nfl-ngs-raw via disk)
2026-09-09 23:19:41 [WARNING] ngs_data_build: gamecenter_pass_rushers 2015: 0 rows; nothing written (below the 2012 floor, or raw not yet scraped)
2026-09-09 23:19:41 [INFO] ngs_data_build: gamecenter_pass_rushers 2015: season complete -- 0 rows
stage gamecenter_pass_rushers elapsed=3s
::endgroup::
::group::ngs_data_build gamecenter_leaders 2015
2026-09-09 23:19:44 [INFO] ngs_data_build: gamecenter_leaders 2015: build starting (raw=/mnt/sdv_repos/nfl-ngs-raw via disk)
2026-09-09 23:19:44 [WARNING] ngs_data_build: gamecenter_leaders 2015: 0 rows; nothing written (below the 2012 floor, or raw not yet scraped)
2026-09-09 23:19:44 [INFO] ngs_data_build: gamecenter_leaders 2015: season complete -- 0 rows
stage gamecenter_leaders elapsed=2s
::endgroup::
season 2015 EXIT=0
pushed: NGS Data Update (Start: 2015 End: 2015) (attempt 1)
