=== season 2025  2026-09-14 21:37:34Z  raw=/mnt/sdv_repos/nfl-ngs-raw ===
::group::ngs_data_build schedules 2025
2026-09-14 17:37:36 [INFO] ngs_data_build: schedules 2025: build starting (raw=/mnt/sdv_repos/nfl-ngs-raw via disk)
2026-09-14 17:37:36 [INFO] ngs_data_build: wrote ngs_schedule_2025.parquet (22.6KB), ngs_schedule_2025.csv (87.4KB), 334 rows x 30 cols; manifest ngs_schedules_in_data_repo.csv
2026-09-14 17:37:37 [INFO] ngs_data_build: uploading ngs_schedule_2025.parquet (22.6KB) -> sportsdataverse/sportsdataverse-data:nfl_ngs_schedules
2026-09-14 17:37:38 [INFO] ngs_data_build: uploading ngs_schedule_2025.csv (87.4KB) -> sportsdataverse/sportsdataverse-data:nfl_ngs_schedules
2026-09-14 17:37:39 [INFO] ngs_data_build: uploading ngs_schedules_in_data_repo.csv (1.9KB) -> sportsdataverse/sportsdataverse-data:nfl_ngs_schedules
2026-09-14 17:37:44 [INFO] ngs_data_build: stamped nfl_ngs_schedules with timestamp.txt, timestamp.json, package_function.txt, package_function.json
2026-09-14 17:37:44 [INFO] ngs_data_build: schedules 2025: done -- 334 rows x 30 cols in 7.9s
2026-09-14 17:37:44 [INFO] ngs_data_build: schedules 2025: season complete -- 334 rows
stage schedules elapsed=11s
::endgroup::
::group::ngs_data_build teams 2025
2026-09-14 17:37:48 [INFO] ngs_data_build: teams 2025: build starting (raw=/mnt/sdv_repos/nfl-ngs-raw via disk)
2026-09-14 17:37:48 [INFO] ngs_data_build: wrote ngs_teams_2025.parquet (12.6KB), ngs_teams_2025.csv (11.2KB), 34 rows x 20 cols; manifest ngs_teams_in_data_repo.csv
2026-09-14 17:37:48 [INFO] ngs_data_build: uploading ngs_teams_2025.parquet (12.6KB) -> sportsdataverse/sportsdataverse-data:nfl_ngs_teams
2026-09-14 17:37:49 [INFO] ngs_data_build: uploading ngs_teams_2025.csv (11.2KB) -> sportsdataverse/sportsdataverse-data:nfl_ngs_teams
2026-09-14 17:37:50 [INFO] ngs_data_build: uploading ngs_teams_in_data_repo.csv (1.4KB) -> sportsdataverse/sportsdataverse-data:nfl_ngs_teams
2026-09-14 17:37:55 [INFO] ngs_data_build: stamped nfl_ngs_teams with timestamp.txt, timestamp.json, package_function.txt, package_function.json
2026-09-14 17:37:55 [INFO] ngs_data_build: teams 2025: done -- 34 rows x 20 cols in 7.6s
2026-09-14 17:37:55 [INFO] ngs_data_build: teams 2025: season complete -- 34 rows
stage teams elapsed=11s
::endgroup::
::group::ngs_data_build passing 2025
2026-09-14 17:37:59 [INFO] ngs_data_build: passing 2025: build starting (raw=/mnt/sdv_repos/nfl-ngs-raw via disk)
2026-09-14 17:37:59 [INFO] ngs_data_build: wrote ngs_passing_2025.parquet (101.1KB), ngs_passing_2025.csv (381.5KB), 750 rows x 48 cols; manifest ngs_passing_in_data_repo.csv
2026-09-14 17:37:59 [INFO] ngs_data_build: uploading ngs_passing_2025.parquet (101.1KB) -> sportsdataverse/sportsdataverse-data:nfl_ngs_passing
2026-09-14 17:38:00 [INFO] ngs_data_build: uploading ngs_passing_2025.csv (381.5KB) -> sportsdataverse/sportsdataverse-data:nfl_ngs_passing
2026-09-14 17:38:01 [INFO] ngs_data_build: uploading ngs_passing_in_data_repo.csv (1.2KB) -> sportsdataverse/sportsdataverse-data:nfl_ngs_passing
2026-09-14 17:38:06 [INFO] ngs_data_build: stamped nfl_ngs_passing with timestamp.txt, timestamp.json, package_function.txt, package_function.json
2026-09-14 17:38:06 [INFO] ngs_data_build: passing 2025: done -- 750 rows x 48 cols in 7.6s
2026-09-14 17:38:06 [INFO] ngs_data_build: passing 2025: season complete -- 750 rows
stage passing elapsed=11s
::endgroup::
::group::ngs_data_build rushing 2025
2026-09-14 17:38:10 [INFO] ngs_data_build: rushing 2025: build starting (raw=/mnt/sdv_repos/nfl-ngs-raw via disk)
2026-09-14 17:38:10 [INFO] ngs_data_build: wrote ngs_rushing_2025.parquet (69.2KB), ngs_rushing_2025.csv (298.8KB), 759 rows x 38 cols; manifest ngs_rushing_in_data_repo.csv
2026-09-14 17:38:10 [INFO] ngs_data_build: uploading ngs_rushing_2025.parquet (69.2KB) -> sportsdataverse/sportsdataverse-data:nfl_ngs_rushing
2026-09-14 17:38:12 [INFO] ngs_data_build: uploading ngs_rushing_2025.csv (298.8KB) -> sportsdataverse/sportsdataverse-data:nfl_ngs_rushing
2026-09-14 17:38:13 [INFO] ngs_data_build: uploading ngs_rushing_in_data_repo.csv (1.2KB) -> sportsdataverse/sportsdataverse-data:nfl_ngs_rushing
2026-09-14 17:38:18 [INFO] ngs_data_build: stamped nfl_ngs_rushing with timestamp.txt, timestamp.json, package_function.txt, package_function.json
2026-09-14 17:38:18 [INFO] ngs_data_build: rushing 2025: done -- 759 rows x 38 cols in 8.2s
2026-09-14 17:38:18 [INFO] ngs_data_build: rushing 2025: season complete -- 759 rows
stage rushing elapsed=12s
::endgroup::
::group::ngs_data_build receiving 2025
2026-09-14 17:38:22 [INFO] ngs_data_build: receiving 2025: build starting (raw=/mnt/sdv_repos/nfl-ngs-raw via disk)
2026-09-14 17:38:22 [INFO] ngs_data_build: wrote ngs_receiving_2025.parquet (146.1KB), ngs_receiving_2025.csv (670.8KB), 1636 rows x 41 cols; manifest ngs_receiving_in_data_repo.csv
2026-09-14 17:38:22 [INFO] ngs_data_build: uploading ngs_receiving_2025.parquet (146.1KB) -> sportsdataverse/sportsdataverse-data:nfl_ngs_receiving
2026-09-14 17:38:23 [INFO] ngs_data_build: uploading ngs_receiving_2025.csv (670.8KB) -> sportsdataverse/sportsdataverse-data:nfl_ngs_receiving
2026-09-14 17:38:24 [INFO] ngs_data_build: uploading ngs_receiving_in_data_repo.csv (1.2KB) -> sportsdataverse/sportsdataverse-data:nfl_ngs_receiving
2026-09-14 17:38:29 [INFO] ngs_data_build: stamped nfl_ngs_receiving with timestamp.txt, timestamp.json, package_function.txt, package_function.json
2026-09-14 17:38:29 [INFO] ngs_data_build: receiving 2025: done -- 1636 rows x 41 cols in 7.1s
2026-09-14 17:38:29 [INFO] ngs_data_build: receiving 2025: season complete -- 1636 rows
stage receiving elapsed=11s
::endgroup::
::group::ngs_data_build statboard_leaders 2025
2026-09-14 17:38:32 [INFO] ngs_data_build: statboard_leaders 2025: build starting (raw=/mnt/sdv_repos/nfl-ngs-raw via disk)
2026-09-14 17:38:33 [INFO] ngs_data_build: wrote ngs_statboard_leaders_2025.parquet (29.6KB), ngs_statboard_leaders_2025.csv (20.7KB), 80 rows x 57 cols; manifest ngs_statboard_leaders_in_data_repo.csv
2026-09-14 17:38:33 [INFO] ngs_data_build: uploading ngs_statboard_leaders_2025.parquet (29.6KB) -> sportsdataverse/sportsdataverse-data:nfl_ngs_statboard_leaders
2026-09-14 17:38:34 [INFO] ngs_data_build: uploading ngs_statboard_leaders_2025.csv (20.7KB) -> sportsdataverse/sportsdataverse-data:nfl_ngs_statboard_leaders
2026-09-14 17:38:35 [INFO] ngs_data_build: uploading ngs_statboard_leaders_in_data_repo.csv (1.1KB) -> sportsdataverse/sportsdataverse-data:nfl_ngs_statboard_leaders
2026-09-14 17:38:40 [INFO] ngs_data_build: stamped nfl_ngs_statboard_leaders with timestamp.txt, timestamp.json, package_function.txt, package_function.json
2026-09-14 17:38:40 [INFO] ngs_data_build: statboard_leaders 2025: done -- 80 rows x 57 cols in 7.5s
2026-09-14 17:38:40 [INFO] ngs_data_build: statboard_leaders 2025: season complete -- 80 rows
stage statboard_leaders elapsed=11s
::endgroup::
::group::ngs_data_build leaders 2025
2026-09-14 17:38:44 [INFO] ngs_data_build: leaders 2025: build starting (raw=/mnt/sdv_repos/nfl-ngs-raw via disk)
2026-09-14 17:38:45 [INFO] ngs_data_build: wrote ngs_leaders_2025.parquet (389.7KB), ngs_leaders_2025.csv (2.2MB), 3724 rows x 106 cols; manifest ngs_leaders_in_data_repo.csv
2026-09-14 17:38:45 [INFO] ngs_data_build: uploading ngs_leaders_2025.parquet (389.7KB) -> sportsdataverse/sportsdataverse-data:nfl_ngs_leaders
2026-09-14 17:38:46 [INFO] ngs_data_build: uploading ngs_leaders_2025.csv (2.2MB) -> sportsdataverse/sportsdataverse-data:nfl_ngs_leaders
2026-09-14 17:38:48 [INFO] ngs_data_build: uploading ngs_leaders_in_data_repo.csv (1.2KB) -> sportsdataverse/sportsdataverse-data:nfl_ngs_leaders
2026-09-14 17:38:53 [INFO] ngs_data_build: stamped nfl_ngs_leaders with timestamp.txt, timestamp.json, package_function.txt, package_function.json
2026-09-14 17:38:53 [INFO] ngs_data_build: leaders 2025: done -- 3724 rows x 106 cols in 9.5s
2026-09-14 17:38:53 [INFO] ngs_data_build: leaders 2025: season complete -- 3724 rows
stage leaders elapsed=13s
::endgroup::
::group::ngs_data_build gamecenter_passers 2025
2026-09-14 17:38:56 [INFO] ngs_data_build: gamecenter_passers 2025: build starting (raw=/mnt/sdv_repos/nfl-ngs-raw via disk)
2026-09-14 17:38:57 [INFO] ngs_data_build: wrote ngs_gamecenter_passers_2025.parquet (24.8KB), ngs_gamecenter_passers_2025.csv (140.2KB), 668 rows x 25 cols; manifest ngs_gamecenter_passers_in_data_repo.csv
2026-09-14 17:38:58 [INFO] ngs_data_build: uploading ngs_gamecenter_passers_2025.parquet (24.8KB) -> sportsdataverse/sportsdataverse-data:nfl_ngs_gamecenter_passers
2026-09-14 17:38:59 [INFO] ngs_data_build: uploading ngs_gamecenter_passers_2025.csv (140.2KB) -> sportsdataverse/sportsdataverse-data:nfl_ngs_gamecenter_passers
2026-09-14 17:39:00 [INFO] ngs_data_build: uploading ngs_gamecenter_passers_in_data_repo.csv (1.9KB) -> sportsdataverse/sportsdataverse-data:nfl_ngs_gamecenter_passers
2026-09-14 17:39:05 [INFO] ngs_data_build: stamped nfl_ngs_gamecenter_passers with timestamp.txt, timestamp.json, package_function.txt, package_function.json
2026-09-14 17:39:05 [INFO] ngs_data_build: gamecenter_passers 2025: done -- 668 rows x 25 cols in 8.6s
2026-09-14 17:39:05 [INFO] ngs_data_build: gamecenter_passers 2025: season complete -- 668 rows
stage gamecenter_passers elapsed=12s
::endgroup::
::group::ngs_data_build gamecenter_rushers 2025
2026-09-14 17:39:09 [INFO] ngs_data_build: gamecenter_rushers 2025: build starting (raw=/mnt/sdv_repos/nfl-ngs-raw via disk)
2026-09-14 17:39:10 [INFO] ngs_data_build: wrote ngs_gamecenter_rushers_2025.parquet (321.4KB), ngs_gamecenter_rushers_2025.csv (1.1MB), 1978 rows x 98 cols; manifest ngs_gamecenter_rushers_in_data_repo.csv
2026-09-14 17:39:10 [INFO] ngs_data_build: uploading ngs_gamecenter_rushers_2025.parquet (321.4KB) -> sportsdataverse/sportsdataverse-data:nfl_ngs_gamecenter_rushers
2026-09-14 17:39:11 [INFO] ngs_data_build: uploading ngs_gamecenter_rushers_2025.csv (1.1MB) -> sportsdataverse/sportsdataverse-data:nfl_ngs_gamecenter_rushers
2026-09-14 17:39:12 [INFO] ngs_data_build: uploading ngs_gamecenter_rushers_in_data_repo.csv (1.3KB) -> sportsdataverse/sportsdataverse-data:nfl_ngs_gamecenter_rushers
2026-09-14 17:39:17 [INFO] ngs_data_build: stamped nfl_ngs_gamecenter_rushers with timestamp.txt, timestamp.json, package_function.txt, package_function.json
2026-09-14 17:39:17 [INFO] ngs_data_build: gamecenter_rushers 2025: done -- 1978 rows x 98 cols in 8.5s
2026-09-14 17:39:17 [INFO] ngs_data_build: gamecenter_rushers 2025: season complete -- 1978 rows
stage gamecenter_rushers elapsed=12s
::endgroup::
::group::ngs_data_build gamecenter_receivers 2025
2026-09-14 17:39:21 [INFO] ngs_data_build: gamecenter_receivers 2025: build starting (raw=/mnt/sdv_repos/nfl-ngs-raw via disk)
2026-09-14 17:39:22 [INFO] ngs_data_build: wrote ngs_gamecenter_receivers_2025.parquet (114.3KB), ngs_gamecenter_receivers_2025.csv (890.0KB), 3284 rows x 30 cols; manifest ngs_gamecenter_receivers_in_data_repo.csv
2026-09-14 17:39:22 [INFO] ngs_data_build: uploading ngs_gamecenter_receivers_2025.parquet (114.3KB) -> sportsdataverse/sportsdataverse-data:nfl_ngs_gamecenter_receivers
2026-09-14 17:39:23 [INFO] ngs_data_build: uploading ngs_gamecenter_receivers_2025.csv (890.0KB) -> sportsdataverse/sportsdataverse-data:nfl_ngs_gamecenter_receivers
2026-09-14 17:39:24 [INFO] ngs_data_build: uploading ngs_gamecenter_receivers_in_data_repo.csv (1.3KB) -> sportsdataverse/sportsdataverse-data:nfl_ngs_gamecenter_receivers
2026-09-14 17:39:29 [INFO] ngs_data_build: stamped nfl_ngs_gamecenter_receivers with timestamp.txt, timestamp.json, package_function.txt, package_function.json
2026-09-14 17:39:29 [INFO] ngs_data_build: gamecenter_receivers 2025: done -- 3284 rows x 30 cols in 7.6s
2026-09-14 17:39:29 [INFO] ngs_data_build: gamecenter_receivers 2025: season complete -- 3284 rows
stage gamecenter_receivers elapsed=12s
::endgroup::
::group::ngs_data_build gamecenter_pass_rushers 2025
2026-09-14 17:39:33 [INFO] ngs_data_build: gamecenter_pass_rushers 2025: build starting (raw=/mnt/sdv_repos/nfl-ngs-raw via disk)
2026-09-14 17:39:33 [INFO] ngs_data_build: wrote ngs_gamecenter_pass_rushers_2025.parquet (76.9KB), ngs_gamecenter_pass_rushers_2025.csv (671.0KB), 2672 rows x 27 cols; manifest ngs_gamecenter_pass_rushers_in_data_repo.csv
2026-09-14 17:39:33 [INFO] ngs_data_build: uploading ngs_gamecenter_pass_rushers_2025.parquet (76.9KB) -> sportsdataverse/sportsdataverse-data:nfl_ngs_gamecenter_pass_rushers
2026-09-14 17:39:34 [INFO] ngs_data_build: uploading ngs_gamecenter_pass_rushers_2025.csv (671.0KB) -> sportsdataverse/sportsdataverse-data:nfl_ngs_gamecenter_pass_rushers
2026-09-14 17:39:35 [INFO] ngs_data_build: uploading ngs_gamecenter_pass_rushers_in_data_repo.csv (1.2KB) -> sportsdataverse/sportsdataverse-data:nfl_ngs_gamecenter_pass_rushers
2026-09-14 17:39:40 [INFO] ngs_data_build: stamped nfl_ngs_gamecenter_pass_rushers with timestamp.txt, timestamp.json, package_function.txt, package_function.json
2026-09-14 17:39:40 [INFO] ngs_data_build: gamecenter_pass_rushers 2025: done -- 2672 rows x 27 cols in 7.5s
2026-09-14 17:39:40 [INFO] ngs_data_build: gamecenter_pass_rushers 2025: season complete -- 2672 rows
stage gamecenter_pass_rushers elapsed=11s
::endgroup::
::group::ngs_data_build gamecenter_leaders 2025
2026-09-14 17:39:44 [INFO] ngs_data_build: gamecenter_leaders 2025: build starting (raw=/mnt/sdv_repos/nfl-ngs-raw via disk)
2026-09-14 17:39:44 [INFO] ngs_data_build: wrote ngs_gamecenter_leaders_2025.parquet (69.8KB), ngs_gamecenter_leaders_2025.csv (440.5KB), 1917 rows x 23 cols; manifest ngs_gamecenter_leaders_in_data_repo.csv
2026-09-14 17:39:45 [INFO] ngs_data_build: uploading ngs_gamecenter_leaders_2025.parquet (69.8KB) -> sportsdataverse/sportsdataverse-data:nfl_ngs_gamecenter_leaders
2026-09-14 17:39:46 [INFO] ngs_data_build: uploading ngs_gamecenter_leaders_2025.csv (440.5KB) -> sportsdataverse/sportsdataverse-data:nfl_ngs_gamecenter_leaders
2026-09-14 17:39:47 [INFO] ngs_data_build: uploading ngs_gamecenter_leaders_in_data_repo.csv (1.2KB) -> sportsdataverse/sportsdataverse-data:nfl_ngs_gamecenter_leaders
2026-09-14 17:39:52 [INFO] ngs_data_build: stamped nfl_ngs_gamecenter_leaders with timestamp.txt, timestamp.json, package_function.txt, package_function.json
2026-09-14 17:39:52 [INFO] ngs_data_build: gamecenter_leaders 2025: done -- 1917 rows x 23 cols in 7.4s
2026-09-14 17:39:52 [INFO] ngs_data_build: gamecenter_leaders 2025: season complete -- 1917 rows
stage gamecenter_leaders elapsed=11s
::endgroup::
::group::ngs_data_build highlights 2025
2026-09-14 17:39:56 [INFO] ngs_data_build: highlights 2025: build starting (raw=/mnt/sdv_repos/nfl-ngs-raw via disk)
2026-09-14 17:39:56 [INFO] ngs_data_build: wrote ngs_highlights_2025.parquet (174.6KB), ngs_highlights_2025.csv (848.7KB), 2782 rows x 39 cols; manifest ngs_highlights_in_data_repo.csv
2026-09-14 17:39:57 [INFO] ngs_data_build: uploading ngs_highlights_2025.parquet (174.6KB) -> sportsdataverse/sportsdataverse-data:nfl_ngs_highlights
2026-09-14 17:39:58 [INFO] ngs_data_build: uploading ngs_highlights_2025.csv (848.7KB) -> sportsdataverse/sportsdataverse-data:nfl_ngs_highlights
2026-09-14 17:39:58 [INFO] ngs_data_build: uploading ngs_highlights_in_data_repo.csv (565B) -> sportsdataverse/sportsdataverse-data:nfl_ngs_highlights
2026-09-14 17:40:04 [INFO] ngs_data_build: stamped nfl_ngs_highlights with timestamp.txt, timestamp.json, package_function.txt, package_function.json
2026-09-14 17:40:04 [INFO] ngs_data_build: highlights 2025: done -- 2782 rows x 39 cols in 8.2s
2026-09-14 17:40:04 [INFO] ngs_data_build: highlights 2025: season complete -- 2782 rows
stage highlights elapsed=13s
::endgroup::
::group::ngs_data_build highlight_participation 2025
2026-09-14 17:40:08 [INFO] ngs_data_build: highlight_participation 2025: build starting (raw=/mnt/sdv_repos/nfl-ngs-raw via disk)
2026-09-14 17:40:22 [INFO] ngs_data_build: wrote ngs_highlight_participation_2025.parquet (1.3MB), ngs_highlight_participation_2025.csv (21.8MB), 61202 rows x 44 cols; manifest ngs_highlight_participation_in_data_repo.csv
2026-09-14 17:40:22 [INFO] ngs_data_build: uploading ngs_highlight_participation_2025.parquet (1.3MB) -> sportsdataverse/sportsdataverse-data:nfl_ngs_highlight_participation
2026-09-14 17:40:23 [INFO] ngs_data_build: uploading ngs_highlight_participation_2025.csv (21.8MB) -> sportsdataverse/sportsdataverse-data:nfl_ngs_highlight_participation
2026-09-14 17:40:25 [INFO] ngs_data_build: uploading ngs_highlight_participation_in_data_repo.csv (570B) -> sportsdataverse/sportsdataverse-data:nfl_ngs_highlight_participation
2026-09-14 17:40:30 [INFO] ngs_data_build: stamped nfl_ngs_highlight_participation with timestamp.txt, timestamp.json, package_function.txt, package_function.json
2026-09-14 17:40:30 [INFO] ngs_data_build: highlight_participation 2025: done -- 61202 rows x 44 cols in 21.8s
2026-09-14 17:40:30 [INFO] ngs_data_build: highlight_participation 2025: season complete -- 61202 rows
stage highlight_participation elapsed=26s
::endgroup::
::group::ngs_data_build highlight_events 2025
2026-09-14 17:40:35 [INFO] ngs_data_build: highlight_events 2025: build starting (raw=/mnt/sdv_repos/nfl-ngs-raw via disk)
2026-09-14 17:41:31 [INFO] ngs_data_build: wrote ngs_highlight_events_2025.parquet (120.2KB), ngs_highlight_events_2025.csv (2.0MB), 25828 rows x 9 cols; manifest ngs_highlight_events_in_data_repo.csv
2026-09-14 17:41:31 [INFO] ngs_data_build: uploading ngs_highlight_events_2025.parquet (120.2KB) -> sportsdataverse/sportsdataverse-data:nfl_ngs_highlight_events
2026-09-14 17:41:32 [INFO] ngs_data_build: uploading ngs_highlight_events_2025.csv (2.0MB) -> sportsdataverse/sportsdataverse-data:nfl_ngs_highlight_events
2026-09-14 17:41:33 [INFO] ngs_data_build: uploading ngs_highlight_events_in_data_repo.csv (570B) -> sportsdataverse/sportsdataverse-data:nfl_ngs_highlight_events
2026-09-14 17:41:38 [INFO] ngs_data_build: stamped nfl_ngs_highlight_events with timestamp.txt, timestamp.json, package_function.txt, package_function.json
2026-09-14 17:41:38 [INFO] ngs_data_build: highlight_events 2025: done -- 25828 rows x 9 cols in 63.0s
2026-09-14 17:41:38 [INFO] ngs_data_build: highlight_events 2025: season complete -- 25828 rows
stage highlight_events elapsed=68s
::endgroup::
::group::ngs_data_build highlight_tracking 2025
2026-09-14 17:41:42 [INFO] ngs_data_build: highlight_tracking 2025: build starting (raw=/mnt/sdv_repos/nfl-ngs-raw via disk)
2026-09-14 17:43:01 [INFO] ngs_data_build: wrote ngs_highlight_tracking_2025.parquet (146.3MB), 18832941 rows x 15 cols; manifest ngs_highlight_tracking_in_data_repo.csv [release-only staging]
2026-09-14 17:43:01 [INFO] ngs_data_build: uploading ngs_highlight_tracking_2025.parquet (146.3MB) -> sportsdataverse/sportsdataverse-data:nfl_ngs_highlight_tracking
2026-09-14 17:43:06 [INFO] ngs_data_build: uploading ngs_highlight_tracking_in_data_repo.csv (368B) -> sportsdataverse/sportsdataverse-data:nfl_ngs_highlight_tracking
2026-09-14 17:43:11 [INFO] ngs_data_build: stamped nfl_ngs_highlight_tracking with timestamp.txt, timestamp.json, package_function.txt, package_function.json
2026-09-14 17:43:11 [INFO] ngs_data_build: highlight_tracking 2025: done -- 18832941 rows x 15 cols in 89.4s
2026-09-14 17:43:11 [INFO] ngs_data_build: highlight_tracking 2025: season complete -- 18832941 rows
stage highlight_tracking elapsed=93s
::endgroup::
season 2025 EXIT=0
pushed: NGS Data Update (Start: 2025 End: 2025) (attempt 1)
