=== season 2022  2026-09-14 21:04:11Z  raw=https://raw.githubusercontent.com/sportsdataverse/nfl-ngs-raw/main ===
::group::ngs_data_build schedules 2022
2026-09-14 21:04:18 [INFO] ngs_data_build: schedules 2022: build starting (raw=https://raw.githubusercontent.com/sportsdataverse/nfl-ngs-raw/main via http)
2026-09-14 21:04:18 [INFO] ngs_data_build: wrote ngs_schedule_2022.parquet (22.9KB), ngs_schedule_2022.csv (87.6KB), 335 rows x 30 cols; manifest ngs_schedules_in_data_repo.csv
2026-09-14 21:04:21 [INFO] ngs_data_build: uploading ngs_schedule_2022.parquet (22.9KB) -> sportsdataverse/sportsdataverse-data:nfl_ngs_schedules
2026-09-14 21:04:22 [INFO] ngs_data_build: uploading ngs_schedule_2022.csv (87.6KB) -> sportsdataverse/sportsdataverse-data:nfl_ngs_schedules
2026-09-14 21:04:23 [INFO] ngs_data_build: uploading ngs_schedules_in_data_repo.csv (1.9KB) -> sportsdataverse/sportsdataverse-data:nfl_ngs_schedules
2026-09-14 21:04:30 [INFO] ngs_data_build: stamped nfl_ngs_schedules with timestamp.txt, timestamp.json, package_function.txt, package_function.json
2026-09-14 21:04:30 [INFO] ngs_data_build: schedules 2022: done -- 335 rows x 30 cols in 12.3s
2026-09-14 21:04:30 [INFO] ngs_data_build: schedules 2022: season complete -- 335 rows
stage schedules elapsed=20s
::endgroup::
::group::ngs_data_build teams 2022
2026-09-14 21:04:33 [INFO] ngs_data_build: teams 2022: build starting (raw=https://raw.githubusercontent.com/sportsdataverse/nfl-ngs-raw/main via http)
2026-09-14 21:04:33 [INFO] ngs_data_build: wrote ngs_teams_2022.parquet (12.6KB), ngs_teams_2022.csv (11.1KB), 34 rows x 20 cols; manifest ngs_teams_in_data_repo.csv
2026-09-14 21:04:33 [INFO] ngs_data_build: uploading ngs_teams_2022.parquet (12.6KB) -> sportsdataverse/sportsdataverse-data:nfl_ngs_teams
2026-09-14 21:04:35 [INFO] ngs_data_build: uploading ngs_teams_2022.csv (11.1KB) -> sportsdataverse/sportsdataverse-data:nfl_ngs_teams
2026-09-14 21:04:37 [INFO] ngs_data_build: uploading ngs_teams_in_data_repo.csv (1.4KB) -> sportsdataverse/sportsdataverse-data:nfl_ngs_teams
2026-09-14 21:04:44 [INFO] ngs_data_build: stamped nfl_ngs_teams with timestamp.txt, timestamp.json, package_function.txt, package_function.json
2026-09-14 21:04:44 [INFO] ngs_data_build: teams 2022: done -- 34 rows x 20 cols in 11.0s
2026-09-14 21:04:44 [INFO] ngs_data_build: teams 2022: season complete -- 34 rows
stage teams elapsed=13s
::endgroup::
::group::ngs_data_build passing 2022
2026-09-14 21:04:46 [INFO] ngs_data_build: passing 2022: build starting (raw=https://raw.githubusercontent.com/sportsdataverse/nfl-ngs-raw/main via http)
2026-09-14 21:04:50 [INFO] ngs_data_build: wrote ngs_passing_2022.parquet (102.4KB), ngs_passing_2022.csv (391.6KB), 769 rows x 48 cols; manifest ngs_passing_in_data_repo.csv
2026-09-14 21:04:50 [INFO] ngs_data_build: uploading ngs_passing_2022.parquet (102.4KB) -> sportsdataverse/sportsdataverse-data:nfl_ngs_passing
2026-09-14 21:04:51 [INFO] ngs_data_build: uploading ngs_passing_2022.csv (391.6KB) -> sportsdataverse/sportsdataverse-data:nfl_ngs_passing
2026-09-14 21:04:52 [INFO] ngs_data_build: uploading ngs_passing_in_data_repo.csv (1.2KB) -> sportsdataverse/sportsdataverse-data:nfl_ngs_passing
2026-09-14 21:05:00 [INFO] ngs_data_build: stamped nfl_ngs_passing with timestamp.txt, timestamp.json, package_function.txt, package_function.json
2026-09-14 21:05:00 [INFO] ngs_data_build: passing 2022: done -- 769 rows x 48 cols in 13.7s
2026-09-14 21:05:00 [INFO] ngs_data_build: passing 2022: season complete -- 769 rows
stage passing elapsed=16s
::endgroup::
::group::ngs_data_build rushing 2022
2026-09-14 21:05:02 [INFO] ngs_data_build: rushing 2022: build starting (raw=https://raw.githubusercontent.com/sportsdataverse/nfl-ngs-raw/main via http)
2026-09-14 21:05:06 [INFO] ngs_data_build: wrote ngs_rushing_2022.parquet (67.1KB), ngs_rushing_2022.csv (283.3KB), 720 rows x 38 cols; manifest ngs_rushing_in_data_repo.csv
2026-09-14 21:05:06 [INFO] ngs_data_build: uploading ngs_rushing_2022.parquet (67.1KB) -> sportsdataverse/sportsdataverse-data:nfl_ngs_rushing
2026-09-14 21:05:07 [INFO] ngs_data_build: uploading ngs_rushing_2022.csv (283.3KB) -> sportsdataverse/sportsdataverse-data:nfl_ngs_rushing
2026-09-14 21:05:09 [INFO] ngs_data_build: uploading ngs_rushing_in_data_repo.csv (1.2KB) -> sportsdataverse/sportsdataverse-data:nfl_ngs_rushing
2026-09-14 21:05:15 [INFO] ngs_data_build: stamped nfl_ngs_rushing with timestamp.txt, timestamp.json, package_function.txt, package_function.json
2026-09-14 21:05:15 [INFO] ngs_data_build: rushing 2022: done -- 720 rows x 38 cols in 13.3s
2026-09-14 21:05:15 [INFO] ngs_data_build: rushing 2022: season complete -- 720 rows
stage rushing elapsed=16s
::endgroup::
::group::ngs_data_build receiving 2022
2026-09-14 21:05:17 [INFO] ngs_data_build: receiving 2022: build starting (raw=https://raw.githubusercontent.com/sportsdataverse/nfl-ngs-raw/main via http)
2026-09-14 21:05:21 [INFO] ngs_data_build: wrote ngs_receiving_2022.parquet (150.6KB), ngs_receiving_2022.csv (707.0KB), 1724 rows x 41 cols; manifest ngs_receiving_in_data_repo.csv
2026-09-14 21:05:22 [INFO] ngs_data_build: uploading ngs_receiving_2022.parquet (150.6KB) -> sportsdataverse/sportsdataverse-data:nfl_ngs_receiving
2026-09-14 21:05:23 [INFO] ngs_data_build: uploading ngs_receiving_2022.csv (707.0KB) -> sportsdataverse/sportsdataverse-data:nfl_ngs_receiving
2026-09-14 21:05:25 [INFO] ngs_data_build: uploading ngs_receiving_in_data_repo.csv (1.2KB) -> sportsdataverse/sportsdataverse-data:nfl_ngs_receiving
2026-09-14 21:05:31 [INFO] ngs_data_build: stamped nfl_ngs_receiving with timestamp.txt, timestamp.json, package_function.txt, package_function.json
2026-09-14 21:05:31 [INFO] ngs_data_build: receiving 2022: done -- 1724 rows x 41 cols in 13.7s
2026-09-14 21:05:31 [INFO] ngs_data_build: receiving 2022: season complete -- 1724 rows
stage receiving elapsed=16s
::endgroup::
::group::ngs_data_build statboard_leaders 2022
2026-09-14 21:05:33 [INFO] ngs_data_build: statboard_leaders 2022: build starting (raw=https://raw.githubusercontent.com/sportsdataverse/nfl-ngs-raw/main via http)
2026-09-14 21:05:34 [INFO] ngs_data_build: wrote ngs_statboard_leaders_2022.parquet (30.2KB), ngs_statboard_leaders_2022.csv (21.0KB), 80 rows x 59 cols; manifest ngs_statboard_leaders_in_data_repo.csv
2026-09-14 21:05:34 [INFO] ngs_data_build: uploading ngs_statboard_leaders_2022.parquet (30.2KB) -> sportsdataverse/sportsdataverse-data:nfl_ngs_statboard_leaders
2026-09-14 21:05:36 [INFO] ngs_data_build: uploading ngs_statboard_leaders_2022.csv (21.0KB) -> sportsdataverse/sportsdataverse-data:nfl_ngs_statboard_leaders
2026-09-14 21:05:37 [INFO] ngs_data_build: uploading ngs_statboard_leaders_in_data_repo.csv (1.1KB) -> sportsdataverse/sportsdataverse-data:nfl_ngs_statboard_leaders
2026-09-14 21:05:44 [INFO] ngs_data_build: stamped nfl_ngs_statboard_leaders with timestamp.txt, timestamp.json, package_function.txt, package_function.json
2026-09-14 21:05:44 [INFO] ngs_data_build: statboard_leaders 2022: done -- 80 rows x 59 cols in 10.5s
2026-09-14 21:05:44 [INFO] ngs_data_build: statboard_leaders 2022: season complete -- 80 rows
stage statboard_leaders elapsed=12s
::endgroup::
::group::ngs_data_build leaders 2022
2026-09-14 21:05:46 [INFO] ngs_data_build: leaders 2022: build starting (raw=https://raw.githubusercontent.com/sportsdataverse/nfl-ngs-raw/main via http)
2026-09-14 21:06:10 [INFO] ngs_data_build: wrote ngs_leaders_2022.parquet (381.5KB), ngs_leaders_2022.csv (2.2MB), 3620 rows x 107 cols; manifest ngs_leaders_in_data_repo.csv
2026-09-14 21:06:11 [INFO] ngs_data_build: uploading ngs_leaders_2022.parquet (381.5KB) -> sportsdataverse/sportsdataverse-data:nfl_ngs_leaders
2026-09-14 21:06:12 [INFO] ngs_data_build: uploading ngs_leaders_2022.csv (2.2MB) -> sportsdataverse/sportsdataverse-data:nfl_ngs_leaders
2026-09-14 21:06:14 [INFO] ngs_data_build: uploading ngs_leaders_in_data_repo.csv (1.2KB) -> sportsdataverse/sportsdataverse-data:nfl_ngs_leaders
2026-09-14 21:06:21 [INFO] ngs_data_build: stamped nfl_ngs_leaders with timestamp.txt, timestamp.json, package_function.txt, package_function.json
2026-09-14 21:06:21 [INFO] ngs_data_build: leaders 2022: done -- 3620 rows x 107 cols in 35.0s
2026-09-14 21:06:21 [INFO] ngs_data_build: leaders 2022: season complete -- 3620 rows
stage leaders elapsed=37s
::endgroup::
::group::ngs_data_build gamecenter_passers 2022
2026-09-14 21:06:23 [INFO] ngs_data_build: gamecenter_passers 2022: build starting (raw=https://raw.githubusercontent.com/sportsdataverse/nfl-ngs-raw/main via http)
2026-09-14 21:07:02 [INFO] ngs_data_build: wrote ngs_gamecenter_passers_2022.parquet (25.0KB), ngs_gamecenter_passers_2022.csv (139.7KB), 668 rows x 25 cols; manifest ngs_gamecenter_passers_in_data_repo.csv
2026-09-14 21:07:03 [INFO] ngs_data_build: uploading ngs_gamecenter_passers_2022.parquet (25.0KB) -> sportsdataverse/sportsdataverse-data:nfl_ngs_gamecenter_passers
2026-09-14 21:07:04 [INFO] ngs_data_build: uploading ngs_gamecenter_passers_2022.csv (139.7KB) -> sportsdataverse/sportsdataverse-data:nfl_ngs_gamecenter_passers
2026-09-14 21:07:05 [INFO] ngs_data_build: uploading ngs_gamecenter_passers_in_data_repo.csv (1.9KB) -> sportsdataverse/sportsdataverse-data:nfl_ngs_gamecenter_passers
2026-09-14 21:07:12 [INFO] ngs_data_build: stamped nfl_ngs_gamecenter_passers with timestamp.txt, timestamp.json, package_function.txt, package_function.json
2026-09-14 21:07:12 [INFO] ngs_data_build: gamecenter_passers 2022: done -- 668 rows x 25 cols in 49.0s
2026-09-14 21:07:12 [INFO] ngs_data_build: gamecenter_passers 2022: season complete -- 668 rows
stage gamecenter_passers elapsed=52s
::endgroup::
::group::ngs_data_build gamecenter_rushers 2022
2026-09-14 21:07:14 [INFO] ngs_data_build: gamecenter_rushers 2022: build starting (raw=https://raw.githubusercontent.com/sportsdataverse/nfl-ngs-raw/main via http)
2026-09-14 21:07:15 [INFO] ngs_data_build: wrote ngs_gamecenter_rushers_2022.parquet (321.2KB), ngs_gamecenter_rushers_2022.csv (1.1MB), 1979 rows x 98 cols; manifest ngs_gamecenter_rushers_in_data_repo.csv
2026-09-14 21:07:15 [INFO] ngs_data_build: uploading ngs_gamecenter_rushers_2022.parquet (321.2KB) -> sportsdataverse/sportsdataverse-data:nfl_ngs_gamecenter_rushers
2026-09-14 21:07:17 [INFO] ngs_data_build: uploading ngs_gamecenter_rushers_2022.csv (1.1MB) -> sportsdataverse/sportsdataverse-data:nfl_ngs_gamecenter_rushers
2026-09-14 21:07:18 [INFO] ngs_data_build: uploading ngs_gamecenter_rushers_in_data_repo.csv (1.3KB) -> sportsdataverse/sportsdataverse-data:nfl_ngs_gamecenter_rushers
2026-09-14 21:07:25 [INFO] ngs_data_build: stamped nfl_ngs_gamecenter_rushers with timestamp.txt, timestamp.json, package_function.txt, package_function.json
2026-09-14 21:07:25 [INFO] ngs_data_build: gamecenter_rushers 2022: done -- 1979 rows x 98 cols in 10.2s
2026-09-14 21:07:25 [INFO] ngs_data_build: gamecenter_rushers 2022: season complete -- 1979 rows
stage gamecenter_rushers elapsed=12s
::endgroup::
::group::ngs_data_build gamecenter_receivers 2022
2026-09-14 21:07:27 [INFO] ngs_data_build: gamecenter_receivers 2022: build starting (raw=https://raw.githubusercontent.com/sportsdataverse/nfl-ngs-raw/main via http)
2026-09-14 21:07:27 [INFO] ngs_data_build: wrote ngs_gamecenter_receivers_2022.parquet (114.0KB), ngs_gamecenter_receivers_2022.csv (882.6KB), 3265 rows x 30 cols; manifest ngs_gamecenter_receivers_in_data_repo.csv
2026-09-14 21:07:27 [INFO] ngs_data_build: uploading ngs_gamecenter_receivers_2022.parquet (114.0KB) -> sportsdataverse/sportsdataverse-data:nfl_ngs_gamecenter_receivers
2026-09-14 21:07:29 [INFO] ngs_data_build: uploading ngs_gamecenter_receivers_2022.csv (882.6KB) -> sportsdataverse/sportsdataverse-data:nfl_ngs_gamecenter_receivers
2026-09-14 21:07:30 [INFO] ngs_data_build: uploading ngs_gamecenter_receivers_in_data_repo.csv (1.3KB) -> sportsdataverse/sportsdataverse-data:nfl_ngs_gamecenter_receivers
2026-09-14 21:07:36 [INFO] ngs_data_build: stamped nfl_ngs_gamecenter_receivers with timestamp.txt, timestamp.json, package_function.txt, package_function.json
2026-09-14 21:07:36 [INFO] ngs_data_build: gamecenter_receivers 2022: done -- 3265 rows x 30 cols in 9.8s
2026-09-14 21:07:36 [INFO] ngs_data_build: gamecenter_receivers 2022: season complete -- 3265 rows
stage gamecenter_receivers elapsed=12s
::endgroup::
::group::ngs_data_build gamecenter_pass_rushers 2022
2026-09-14 21:07:39 [INFO] ngs_data_build: gamecenter_pass_rushers 2022: build starting (raw=https://raw.githubusercontent.com/sportsdataverse/nfl-ngs-raw/main via http)
2026-09-14 21:07:39 [INFO] ngs_data_build: wrote ngs_gamecenter_pass_rushers_2022.parquet (76.0KB), ngs_gamecenter_pass_rushers_2022.csv (664.7KB), 2660 rows x 27 cols; manifest ngs_gamecenter_pass_rushers_in_data_repo.csv
2026-09-14 21:07:39 [INFO] ngs_data_build: uploading ngs_gamecenter_pass_rushers_2022.parquet (76.0KB) -> sportsdataverse/sportsdataverse-data:nfl_ngs_gamecenter_pass_rushers
2026-09-14 21:07:41 [INFO] ngs_data_build: uploading ngs_gamecenter_pass_rushers_2022.csv (664.7KB) -> sportsdataverse/sportsdataverse-data:nfl_ngs_gamecenter_pass_rushers
2026-09-14 21:07:42 [INFO] ngs_data_build: uploading ngs_gamecenter_pass_rushers_in_data_repo.csv (1.2KB) -> sportsdataverse/sportsdataverse-data:nfl_ngs_gamecenter_pass_rushers
2026-09-14 21:07:49 [INFO] ngs_data_build: stamped nfl_ngs_gamecenter_pass_rushers with timestamp.txt, timestamp.json, package_function.txt, package_function.json
2026-09-14 21:07:49 [INFO] ngs_data_build: gamecenter_pass_rushers 2022: done -- 2660 rows x 27 cols in 10.2s
2026-09-14 21:07:49 [INFO] ngs_data_build: gamecenter_pass_rushers 2022: season complete -- 2660 rows
stage gamecenter_pass_rushers elapsed=12s
::endgroup::
::group::ngs_data_build gamecenter_leaders 2022
2026-09-14 21:07:51 [INFO] ngs_data_build: gamecenter_leaders 2022: build starting (raw=https://raw.githubusercontent.com/sportsdataverse/nfl-ngs-raw/main via http)
2026-09-14 21:07:51 [INFO] ngs_data_build: wrote ngs_gamecenter_leaders_2022.parquet (68.2KB), ngs_gamecenter_leaders_2022.csv (436.6KB), 1908 rows x 23 cols; manifest ngs_gamecenter_leaders_in_data_repo.csv
2026-09-14 21:07:51 [INFO] ngs_data_build: uploading ngs_gamecenter_leaders_2022.parquet (68.2KB) -> sportsdataverse/sportsdataverse-data:nfl_ngs_gamecenter_leaders
2026-09-14 21:07:53 [INFO] ngs_data_build: uploading ngs_gamecenter_leaders_2022.csv (436.6KB) -> sportsdataverse/sportsdataverse-data:nfl_ngs_gamecenter_leaders
2026-09-14 21:07:54 [INFO] ngs_data_build: uploading ngs_gamecenter_leaders_in_data_repo.csv (1.2KB) -> sportsdataverse/sportsdataverse-data:nfl_ngs_gamecenter_leaders
2026-09-14 21:08:00 [INFO] ngs_data_build: stamped nfl_ngs_gamecenter_leaders with timestamp.txt, timestamp.json, package_function.txt, package_function.json
2026-09-14 21:08:00 [INFO] ngs_data_build: gamecenter_leaders 2022: done -- 1908 rows x 23 cols in 9.6s
2026-09-14 21:08:00 [INFO] ngs_data_build: gamecenter_leaders 2022: season complete -- 1908 rows
stage gamecenter_leaders elapsed=12s
::endgroup::
::group::ngs_data_build highlights 2022
2026-09-14 21:08:03 [INFO] ngs_data_build: highlights 2022: build starting (raw=https://raw.githubusercontent.com/sportsdataverse/nfl-ngs-raw/main via http)
2026-09-14 21:08:07 [INFO] ngs_data_build: wrote ngs_highlights_2022.parquet (171.8KB), ngs_highlights_2022.csv (854.1KB), 2711 rows x 41 cols; manifest ngs_highlights_in_data_repo.csv
2026-09-14 21:08:08 [INFO] ngs_data_build: release nfl_ngs_highlights missing on sportsdataverse/sportsdataverse-data -- creating it
https://github.com/sportsdataverse/sportsdataverse-data/releases/tag/nfl_ngs_highlights
2026-09-14 21:08:09 [INFO] ngs_data_build: uploading ngs_highlights_2022.parquet (171.8KB) -> sportsdataverse/sportsdataverse-data:nfl_ngs_highlights
2026-09-14 21:08:10 [INFO] ngs_data_build: uploading ngs_highlights_2022.csv (854.1KB) -> sportsdataverse/sportsdataverse-data:nfl_ngs_highlights
2026-09-14 21:08:11 [INFO] ngs_data_build: uploading ngs_highlights_in_data_repo.csv (146B) -> sportsdataverse/sportsdataverse-data:nfl_ngs_highlights
2026-09-14 21:08:16 [INFO] ngs_data_build: stamped nfl_ngs_highlights with timestamp.txt, timestamp.json, package_function.txt, package_function.json
2026-09-14 21:08:16 [INFO] ngs_data_build: highlights 2022: done -- 2711 rows x 41 cols in 13.0s
2026-09-14 21:08:16 [INFO] ngs_data_build: highlights 2022: season complete -- 2711 rows
stage highlights elapsed=15s
::endgroup::
::group::ngs_data_build highlight_participation 2022
2026-09-14 21:08:18 [INFO] ngs_data_build: highlight_participation 2022: build starting (raw=https://raw.githubusercontent.com/sportsdataverse/nfl-ngs-raw/main via http)
2026-09-14 21:13:34 [WARNING] ngs_data_build: highlight_participation 2022: 1 listed plays have no raw payload yet
2026-09-14 21:13:35 [INFO] ngs_data_build: wrote ngs_highlight_participation_2022.parquet (1.2MB), ngs_highlight_participation_2022.csv (21.2MB), 59615 rows x 44 cols; manifest ngs_highlight_participation_in_data_repo.csv
2026-09-14 21:13:35 [INFO] ngs_data_build: release nfl_ngs_highlight_participation missing on sportsdataverse/sportsdataverse-data -- creating it
https://github.com/sportsdataverse/sportsdataverse-data/releases/tag/nfl_ngs_highlight_participation
2026-09-14 21:13:36 [INFO] ngs_data_build: uploading ngs_highlight_participation_2022.parquet (1.2MB) -> sportsdataverse/sportsdataverse-data:nfl_ngs_highlight_participation
2026-09-14 21:13:37 [INFO] ngs_data_build: uploading ngs_highlight_participation_2022.csv (21.2MB) -> sportsdataverse/sportsdataverse-data:nfl_ngs_highlight_participation
2026-09-14 21:13:39 [INFO] ngs_data_build: uploading ngs_highlight_participation_in_data_repo.csv (147B) -> sportsdataverse/sportsdataverse-data:nfl_ngs_highlight_participation
2026-09-14 21:13:43 [INFO] ngs_data_build: stamped nfl_ngs_highlight_participation with timestamp.txt, timestamp.json, package_function.txt, package_function.json
2026-09-14 21:13:43 [INFO] ngs_data_build: highlight_participation 2022: done -- 59615 rows x 44 cols in 325.3s
2026-09-14 21:13:43 [INFO] ngs_data_build: highlight_participation 2022: season complete -- 59615 rows
stage highlight_participation elapsed=327s
::endgroup::
::group::ngs_data_build highlight_events 2022
2026-09-14 21:13:45 [INFO] ngs_data_build: highlight_events 2022: build starting (raw=https://raw.githubusercontent.com/sportsdataverse/nfl-ngs-raw/main via http)
2026-09-14 21:19:59 [WARNING] ngs_data_build: highlight_events 2022: 1 listed plays have no raw payload yet
2026-09-14 21:19:59 [INFO] ngs_data_build: wrote ngs_highlight_events_2022.parquet (117.1KB), ngs_highlight_events_2022.csv (1.9MB), 24958 rows x 9 cols; manifest ngs_highlight_events_in_data_repo.csv
2026-09-14 21:19:59 [INFO] ngs_data_build: release nfl_ngs_highlight_events missing on sportsdataverse/sportsdataverse-data -- creating it
https://github.com/sportsdataverse/sportsdataverse-data/releases/tag/nfl_ngs_highlight_events
2026-09-14 21:20:00 [INFO] ngs_data_build: uploading ngs_highlight_events_2022.parquet (117.1KB) -> sportsdataverse/sportsdataverse-data:nfl_ngs_highlight_events
2026-09-14 21:20:01 [INFO] ngs_data_build: uploading ngs_highlight_events_2022.csv (1.9MB) -> sportsdataverse/sportsdataverse-data:nfl_ngs_highlight_events
2026-09-14 21:20:02 [INFO] ngs_data_build: uploading ngs_highlight_events_in_data_repo.csv (147B) -> sportsdataverse/sportsdataverse-data:nfl_ngs_highlight_events
2026-09-14 21:20:07 [INFO] ngs_data_build: stamped nfl_ngs_highlight_events with timestamp.txt, timestamp.json, package_function.txt, package_function.json
2026-09-14 21:20:07 [INFO] ngs_data_build: highlight_events 2022: done -- 24958 rows x 9 cols in 381.4s
2026-09-14 21:20:07 [INFO] ngs_data_build: highlight_events 2022: season complete -- 24958 rows
stage highlight_events elapsed=383s
::endgroup::
::group::ngs_data_build highlight_tracking 2022
2026-09-14 21:20:09 [INFO] ngs_data_build: highlight_tracking 2022: build starting (raw=https://raw.githubusercontent.com/sportsdataverse/nfl-ngs-raw/main via http)
2026-09-14 21:20:44 [WARNING] ngs_data_build: highlight_tracking 2022: 1 listed plays have no raw payload yet
2026-09-14 21:20:49 [INFO] ngs_data_build: wrote ngs_highlight_tracking_2022.parquet (142.5MB), 18233626 rows x 15 cols; manifest ngs_highlight_tracking_in_data_repo.csv [release-only staging]
2026-09-14 21:20:50 [INFO] ngs_data_build: release nfl_ngs_highlight_tracking missing on sportsdataverse/sportsdataverse-data -- creating it
https://github.com/sportsdataverse/sportsdataverse-data/releases/tag/nfl_ngs_highlight_tracking
2026-09-14 21:20:51 [INFO] ngs_data_build: uploading ngs_highlight_tracking_2022.parquet (142.5MB) -> sportsdataverse/sportsdataverse-data:nfl_ngs_highlight_tracking
2026-09-14 21:20:56 [INFO] ngs_data_build: uploading ngs_highlight_tracking_in_data_repo.csv (150B) -> sportsdataverse/sportsdataverse-data:nfl_ngs_highlight_tracking
2026-09-14 21:21:00 [INFO] ngs_data_build: stamped nfl_ngs_highlight_tracking with timestamp.txt, timestamp.json, package_function.txt, package_function.json
2026-09-14 21:21:00 [INFO] ngs_data_build: highlight_tracking 2022: done -- 18233626 rows x 15 cols in 51.6s
2026-09-14 21:21:00 [INFO] ngs_data_build: highlight_tracking 2022: season complete -- 18233626 rows
stage highlight_tracking elapsed=53s
::endgroup::
season 2022 EXIT=0
To https://github.com/sportsdataverse/nfl-ngs-data
 ! [rejected]        HEAD -> main (fetch first)
error: failed to push some refs to 'https://github.com/sportsdataverse/nfl-ngs-data'
hint: Updates were rejected because the remote contains work that you do not
hint: have locally. This is usually caused by another repository pushing to
hint: the same ref. If you want to integrate the remote changes, use
hint: 'git pull' before pushing again.
hint: See the 'Note about fast-forwards' in 'git push --help' for details.
push rejected (attempt 1); syncing with origin
pushed: NGS Data Update (Start: 2022 End: 2022) (attempt 2)
