=== season 2021  2026-09-14 22:06:41Z  raw=https://raw.githubusercontent.com/sportsdataverse/nfl-ngs-raw/main ===
::group::ngs_data_build schedules 2021
2026-09-14 22:06:47 [INFO] ngs_data_build: schedules 2021: build starting (raw=https://raw.githubusercontent.com/sportsdataverse/nfl-ngs-raw/main via http)
2026-09-14 22:06:47 [INFO] ngs_data_build: wrote ngs_schedule_2021.parquet (24.0KB), ngs_schedule_2021.csv (87.5KB), 335 rows x 30 cols; manifest ngs_schedules_in_data_repo.csv
2026-09-14 22:06:48 [INFO] ngs_data_build: uploading ngs_schedule_2021.parquet (24.0KB) -> sportsdataverse/sportsdataverse-data:nfl_ngs_schedules
2026-09-14 22:06:49 [INFO] ngs_data_build: uploading ngs_schedule_2021.csv (87.5KB) -> sportsdataverse/sportsdataverse-data:nfl_ngs_schedules
2026-09-14 22:06:50 [INFO] ngs_data_build: uploading ngs_schedules_in_data_repo.csv (1.9KB) -> sportsdataverse/sportsdataverse-data:nfl_ngs_schedules
2026-09-14 22:06:57 [INFO] ngs_data_build: stamped nfl_ngs_schedules with timestamp.txt, timestamp.json, package_function.txt, package_function.json
2026-09-14 22:06:57 [INFO] ngs_data_build: schedules 2021: done -- 335 rows x 30 cols in 10.0s
2026-09-14 22:06:57 [INFO] ngs_data_build: schedules 2021: season complete -- 335 rows
stage schedules elapsed=16s
::endgroup::
::group::ngs_data_build teams 2021
2026-09-14 22:06:59 [INFO] ngs_data_build: teams 2021: build starting (raw=https://raw.githubusercontent.com/sportsdataverse/nfl-ngs-raw/main via http)
2026-09-14 22:06:59 [INFO] ngs_data_build: wrote ngs_teams_2021.parquet (12.6KB), ngs_teams_2021.csv (11.1KB), 34 rows x 20 cols; manifest ngs_teams_in_data_repo.csv
2026-09-14 22:07:00 [INFO] ngs_data_build: uploading ngs_teams_2021.parquet (12.6KB) -> sportsdataverse/sportsdataverse-data:nfl_ngs_teams
2026-09-14 22:07:01 [INFO] ngs_data_build: uploading ngs_teams_2021.csv (11.1KB) -> sportsdataverse/sportsdataverse-data:nfl_ngs_teams
2026-09-14 22:07:02 [INFO] ngs_data_build: uploading ngs_teams_in_data_repo.csv (1.4KB) -> sportsdataverse/sportsdataverse-data:nfl_ngs_teams
2026-09-14 22:07:09 [INFO] ngs_data_build: stamped nfl_ngs_teams with timestamp.txt, timestamp.json, package_function.txt, package_function.json
2026-09-14 22:07:09 [INFO] ngs_data_build: teams 2021: done -- 34 rows x 20 cols in 9.6s
2026-09-14 22:07:09 [INFO] ngs_data_build: teams 2021: season complete -- 34 rows
stage teams elapsed=12s
::endgroup::
::group::ngs_data_build passing 2021
2026-09-14 22:07:11 [INFO] ngs_data_build: passing 2021: build starting (raw=https://raw.githubusercontent.com/sportsdataverse/nfl-ngs-raw/main via http)
2026-09-14 22:07:15 [INFO] ngs_data_build: wrote ngs_passing_2021.parquet (102.2KB), ngs_passing_2021.csv (387.3KB), 763 rows x 48 cols; manifest ngs_passing_in_data_repo.csv
2026-09-14 22:07:15 [INFO] ngs_data_build: uploading ngs_passing_2021.parquet (102.2KB) -> sportsdataverse/sportsdataverse-data:nfl_ngs_passing
2026-09-14 22:07:17 [INFO] ngs_data_build: uploading ngs_passing_2021.csv (387.3KB) -> sportsdataverse/sportsdataverse-data:nfl_ngs_passing
2026-09-14 22:07:18 [INFO] ngs_data_build: uploading ngs_passing_in_data_repo.csv (1.2KB) -> sportsdataverse/sportsdataverse-data:nfl_ngs_passing
2026-09-14 22:07:24 [INFO] ngs_data_build: stamped nfl_ngs_passing with timestamp.txt, timestamp.json, package_function.txt, package_function.json
2026-09-14 22:07:24 [INFO] ngs_data_build: passing 2021: done -- 763 rows x 48 cols in 13.7s
2026-09-14 22:07:24 [INFO] ngs_data_build: passing 2021: season complete -- 763 rows
stage passing elapsed=15s
::endgroup::
::group::ngs_data_build rushing 2021
2026-09-14 22:07:26 [INFO] ngs_data_build: rushing 2021: build starting (raw=https://raw.githubusercontent.com/sportsdataverse/nfl-ngs-raw/main via http)
2026-09-14 22:07:30 [INFO] ngs_data_build: wrote ngs_rushing_2021.parquet (68.7KB), ngs_rushing_2021.csv (285.4KB), 733 rows x 38 cols; manifest ngs_rushing_in_data_repo.csv
2026-09-14 22:07:31 [INFO] ngs_data_build: uploading ngs_rushing_2021.parquet (68.7KB) -> sportsdataverse/sportsdataverse-data:nfl_ngs_rushing
2026-09-14 22:07:32 [INFO] ngs_data_build: uploading ngs_rushing_2021.csv (285.4KB) -> sportsdataverse/sportsdataverse-data:nfl_ngs_rushing
2026-09-14 22:07:34 [INFO] ngs_data_build: uploading ngs_rushing_in_data_repo.csv (1.2KB) -> sportsdataverse/sportsdataverse-data:nfl_ngs_rushing
2026-09-14 22:07:40 [INFO] ngs_data_build: stamped nfl_ngs_rushing with timestamp.txt, timestamp.json, package_function.txt, package_function.json
2026-09-14 22:07:40 [INFO] ngs_data_build: rushing 2021: done -- 733 rows x 38 cols in 14.2s
2026-09-14 22:07:40 [INFO] ngs_data_build: rushing 2021: season complete -- 733 rows
stage rushing elapsed=16s
::endgroup::
::group::ngs_data_build receiving 2021
2026-09-14 22:07:42 [INFO] ngs_data_build: receiving 2021: build starting (raw=https://raw.githubusercontent.com/sportsdataverse/nfl-ngs-raw/main via http)
2026-09-14 22:07:47 [INFO] ngs_data_build: wrote ngs_receiving_2021.parquet (157.3KB), ngs_receiving_2021.csv (742.5KB), 1821 rows x 41 cols; manifest ngs_receiving_in_data_repo.csv
2026-09-14 22:07:47 [INFO] ngs_data_build: uploading ngs_receiving_2021.parquet (157.3KB) -> sportsdataverse/sportsdataverse-data:nfl_ngs_receiving
2026-09-14 22:07:48 [INFO] ngs_data_build: uploading ngs_receiving_2021.csv (742.5KB) -> sportsdataverse/sportsdataverse-data:nfl_ngs_receiving
2026-09-14 22:07:50 [INFO] ngs_data_build: uploading ngs_receiving_in_data_repo.csv (1.2KB) -> sportsdataverse/sportsdataverse-data:nfl_ngs_receiving
2026-09-14 22:07:56 [INFO] ngs_data_build: stamped nfl_ngs_receiving with timestamp.txt, timestamp.json, package_function.txt, package_function.json
2026-09-14 22:07:56 [INFO] ngs_data_build: receiving 2021: done -- 1821 rows x 41 cols in 13.7s
2026-09-14 22:07:56 [INFO] ngs_data_build: receiving 2021: season complete -- 1821 rows
stage receiving elapsed=16s
::endgroup::
::group::ngs_data_build statboard_leaders 2021
2026-09-14 22:07:58 [INFO] ngs_data_build: statboard_leaders 2021: build starting (raw=https://raw.githubusercontent.com/sportsdataverse/nfl-ngs-raw/main via http)
2026-09-14 22:07:58 [INFO] ngs_data_build: wrote ngs_statboard_leaders_2021.parquet (30.3KB), ngs_statboard_leaders_2021.csv (21.6KB), 80 rows x 59 cols; manifest ngs_statboard_leaders_in_data_repo.csv
2026-09-14 22:07:59 [INFO] ngs_data_build: uploading ngs_statboard_leaders_2021.parquet (30.3KB) -> sportsdataverse/sportsdataverse-data:nfl_ngs_statboard_leaders
2026-09-14 22:08:00 [INFO] ngs_data_build: uploading ngs_statboard_leaders_2021.csv (21.6KB) -> sportsdataverse/sportsdataverse-data:nfl_ngs_statboard_leaders
2026-09-14 22:08:01 [INFO] ngs_data_build: uploading ngs_statboard_leaders_in_data_repo.csv (1.1KB) -> sportsdataverse/sportsdataverse-data:nfl_ngs_statboard_leaders
2026-09-14 22:08:08 [INFO] ngs_data_build: stamped nfl_ngs_statboard_leaders with timestamp.txt, timestamp.json, package_function.txt, package_function.json
2026-09-14 22:08:08 [INFO] ngs_data_build: statboard_leaders 2021: done -- 80 rows x 59 cols in 10.3s
2026-09-14 22:08:08 [INFO] ngs_data_build: statboard_leaders 2021: season complete -- 80 rows
stage statboard_leaders elapsed=12s
::endgroup::
::group::ngs_data_build leaders 2021
2026-09-14 22:08:10 [INFO] ngs_data_build: leaders 2021: build starting (raw=https://raw.githubusercontent.com/sportsdataverse/nfl-ngs-raw/main via http)
2026-09-14 22:08:39 [INFO] ngs_data_build: wrote ngs_leaders_2021.parquet (384.9KB), ngs_leaders_2021.csv (2.2MB), 3627 rows x 109 cols; manifest ngs_leaders_in_data_repo.csv
2026-09-14 22:08:39 [INFO] ngs_data_build: uploading ngs_leaders_2021.parquet (384.9KB) -> sportsdataverse/sportsdataverse-data:nfl_ngs_leaders
2026-09-14 22:08:41 [INFO] ngs_data_build: uploading ngs_leaders_2021.csv (2.2MB) -> sportsdataverse/sportsdataverse-data:nfl_ngs_leaders
2026-09-14 22:08:42 [INFO] ngs_data_build: uploading ngs_leaders_in_data_repo.csv (1.2KB) -> sportsdataverse/sportsdataverse-data:nfl_ngs_leaders
2026-09-14 22:08:49 [INFO] ngs_data_build: stamped nfl_ngs_leaders with timestamp.txt, timestamp.json, package_function.txt, package_function.json
2026-09-14 22:08:49 [INFO] ngs_data_build: leaders 2021: done -- 3627 rows x 109 cols in 39.0s
2026-09-14 22:08:49 [INFO] ngs_data_build: leaders 2021: season complete -- 3627 rows
stage leaders elapsed=41s
::endgroup::
::group::ngs_data_build gamecenter_passers 2021
2026-09-14 22:08:51 [INFO] ngs_data_build: gamecenter_passers 2021: build starting (raw=https://raw.githubusercontent.com/sportsdataverse/nfl-ngs-raw/main via http)
2026-09-14 22:09:39 [INFO] ngs_data_build: wrote ngs_gamecenter_passers_2021.parquet (25.2KB), ngs_gamecenter_passers_2021.csv (138.8KB), 670 rows x 25 cols; manifest ngs_gamecenter_passers_in_data_repo.csv
2026-09-14 22:09:40 [INFO] ngs_data_build: uploading ngs_gamecenter_passers_2021.parquet (25.2KB) -> sportsdataverse/sportsdataverse-data:nfl_ngs_gamecenter_passers
2026-09-14 22:09:41 [INFO] ngs_data_build: uploading ngs_gamecenter_passers_2021.csv (138.8KB) -> sportsdataverse/sportsdataverse-data:nfl_ngs_gamecenter_passers
2026-09-14 22:09:42 [INFO] ngs_data_build: uploading ngs_gamecenter_passers_in_data_repo.csv (1.9KB) -> sportsdataverse/sportsdataverse-data:nfl_ngs_gamecenter_passers
2026-09-14 22:09:49 [INFO] ngs_data_build: stamped nfl_ngs_gamecenter_passers with timestamp.txt, timestamp.json, package_function.txt, package_function.json
2026-09-14 22:09:49 [INFO] ngs_data_build: gamecenter_passers 2021: done -- 670 rows x 25 cols in 57.9s
2026-09-14 22:09:49 [INFO] ngs_data_build: gamecenter_passers 2021: season complete -- 670 rows
stage gamecenter_passers elapsed=60s
::endgroup::
::group::ngs_data_build gamecenter_rushers 2021
2026-09-14 22:09:51 [INFO] ngs_data_build: gamecenter_rushers 2021: build starting (raw=https://raw.githubusercontent.com/sportsdataverse/nfl-ngs-raw/main via http)
2026-09-14 22:09:51 [INFO] ngs_data_build: wrote ngs_gamecenter_rushers_2021.parquet (318.3KB), ngs_gamecenter_rushers_2021.csv (1.1MB), 1968 rows x 99 cols; manifest ngs_gamecenter_rushers_in_data_repo.csv
2026-09-14 22:09:51 [INFO] ngs_data_build: uploading ngs_gamecenter_rushers_2021.parquet (318.3KB) -> sportsdataverse/sportsdataverse-data:nfl_ngs_gamecenter_rushers
2026-09-14 22:09:53 [INFO] ngs_data_build: uploading ngs_gamecenter_rushers_2021.csv (1.1MB) -> sportsdataverse/sportsdataverse-data:nfl_ngs_gamecenter_rushers
2026-09-14 22:09:54 [INFO] ngs_data_build: uploading ngs_gamecenter_rushers_in_data_repo.csv (1.3KB) -> sportsdataverse/sportsdataverse-data:nfl_ngs_gamecenter_rushers
2026-09-14 22:10:00 [INFO] ngs_data_build: stamped nfl_ngs_gamecenter_rushers with timestamp.txt, timestamp.json, package_function.txt, package_function.json
2026-09-14 22:10:00 [INFO] ngs_data_build: gamecenter_rushers 2021: done -- 1968 rows x 99 cols in 9.9s
2026-09-14 22:10:00 [INFO] ngs_data_build: gamecenter_rushers 2021: season complete -- 1968 rows
stage gamecenter_rushers elapsed=12s
::endgroup::
::group::ngs_data_build gamecenter_receivers 2021
2026-09-14 22:10:02 [INFO] ngs_data_build: gamecenter_receivers 2021: build starting (raw=https://raw.githubusercontent.com/sportsdataverse/nfl-ngs-raw/main via http)
2026-09-14 22:10:03 [INFO] ngs_data_build: wrote ngs_gamecenter_receivers_2021.parquet (113.6KB), ngs_gamecenter_receivers_2021.csv (877.7KB), 3270 rows x 30 cols; manifest ngs_gamecenter_receivers_in_data_repo.csv
2026-09-14 22:10:03 [INFO] ngs_data_build: uploading ngs_gamecenter_receivers_2021.parquet (113.6KB) -> sportsdataverse/sportsdataverse-data:nfl_ngs_gamecenter_receivers
2026-09-14 22:10:04 [INFO] ngs_data_build: uploading ngs_gamecenter_receivers_2021.csv (877.7KB) -> sportsdataverse/sportsdataverse-data:nfl_ngs_gamecenter_receivers
2026-09-14 22:10:06 [INFO] ngs_data_build: uploading ngs_gamecenter_receivers_in_data_repo.csv (1.3KB) -> sportsdataverse/sportsdataverse-data:nfl_ngs_gamecenter_receivers
2026-09-14 22:10:13 [INFO] ngs_data_build: stamped nfl_ngs_gamecenter_receivers with timestamp.txt, timestamp.json, package_function.txt, package_function.json
2026-09-14 22:10:13 [INFO] ngs_data_build: gamecenter_receivers 2021: done -- 3270 rows x 30 cols in 10.4s
2026-09-14 22:10:13 [INFO] ngs_data_build: gamecenter_receivers 2021: season complete -- 3270 rows
stage gamecenter_receivers elapsed=12s
::endgroup::
::group::ngs_data_build gamecenter_pass_rushers 2021
2026-09-14 22:10:15 [INFO] ngs_data_build: gamecenter_pass_rushers 2021: build starting (raw=https://raw.githubusercontent.com/sportsdataverse/nfl-ngs-raw/main via http)
2026-09-14 22:10:15 [INFO] ngs_data_build: wrote ngs_gamecenter_pass_rushers_2021.parquet (75.6KB), ngs_gamecenter_pass_rushers_2021.csv (660.6KB), 2664 rows x 27 cols; manifest ngs_gamecenter_pass_rushers_in_data_repo.csv
2026-09-14 22:10:15 [INFO] ngs_data_build: uploading ngs_gamecenter_pass_rushers_2021.parquet (75.6KB) -> sportsdataverse/sportsdataverse-data:nfl_ngs_gamecenter_pass_rushers
2026-09-14 22:10:16 [INFO] ngs_data_build: uploading ngs_gamecenter_pass_rushers_2021.csv (660.6KB) -> sportsdataverse/sportsdataverse-data:nfl_ngs_gamecenter_pass_rushers
2026-09-14 22:10:18 [INFO] ngs_data_build: uploading ngs_gamecenter_pass_rushers_in_data_repo.csv (1.2KB) -> sportsdataverse/sportsdataverse-data:nfl_ngs_gamecenter_pass_rushers
2026-09-14 22:10:24 [INFO] ngs_data_build: stamped nfl_ngs_gamecenter_pass_rushers with timestamp.txt, timestamp.json, package_function.txt, package_function.json
2026-09-14 22:10:24 [INFO] ngs_data_build: gamecenter_pass_rushers 2021: done -- 2664 rows x 27 cols in 9.4s
2026-09-14 22:10:24 [INFO] ngs_data_build: gamecenter_pass_rushers 2021: season complete -- 2664 rows
stage gamecenter_pass_rushers elapsed=11s
::endgroup::
::group::ngs_data_build gamecenter_leaders 2021
2026-09-14 22:10:26 [INFO] ngs_data_build: gamecenter_leaders 2021: build starting (raw=https://raw.githubusercontent.com/sportsdataverse/nfl-ngs-raw/main via http)
2026-09-14 22:10:26 [INFO] ngs_data_build: wrote ngs_gamecenter_leaders_2021.parquet (68.6KB), ngs_gamecenter_leaders_2021.csv (436.0KB), 1918 rows x 23 cols; manifest ngs_gamecenter_leaders_in_data_repo.csv
2026-09-14 22:10:26 [INFO] ngs_data_build: uploading ngs_gamecenter_leaders_2021.parquet (68.6KB) -> sportsdataverse/sportsdataverse-data:nfl_ngs_gamecenter_leaders
2026-09-14 22:10:28 [INFO] ngs_data_build: uploading ngs_gamecenter_leaders_2021.csv (436.0KB) -> sportsdataverse/sportsdataverse-data:nfl_ngs_gamecenter_leaders
2026-09-14 22:10:29 [INFO] ngs_data_build: uploading ngs_gamecenter_leaders_in_data_repo.csv (1.2KB) -> sportsdataverse/sportsdataverse-data:nfl_ngs_gamecenter_leaders
2026-09-14 22:10:36 [INFO] ngs_data_build: stamped nfl_ngs_gamecenter_leaders with timestamp.txt, timestamp.json, package_function.txt, package_function.json
2026-09-14 22:10:36 [INFO] ngs_data_build: gamecenter_leaders 2021: done -- 1918 rows x 23 cols in 10.2s
2026-09-14 22:10:36 [INFO] ngs_data_build: gamecenter_leaders 2021: season complete -- 1918 rows
stage gamecenter_leaders elapsed=12s
::endgroup::
::group::ngs_data_build highlights 2021
2026-09-14 22:10:38 [INFO] ngs_data_build: highlights 2021: build starting (raw=https://raw.githubusercontent.com/sportsdataverse/nfl-ngs-raw/main via http)
2026-09-14 22:10:43 [INFO] ngs_data_build: wrote ngs_highlights_2021.parquet (181.2KB), ngs_highlights_2021.csv (913.3KB), 2896 rows x 41 cols; manifest ngs_highlights_in_data_repo.csv
2026-09-14 22:10:44 [INFO] ngs_data_build: uploading ngs_highlights_2021.parquet (181.2KB) -> sportsdataverse/sportsdataverse-data:nfl_ngs_highlights
2026-09-14 22:10:45 [INFO] ngs_data_build: uploading ngs_highlights_2021.csv (913.3KB) -> sportsdataverse/sportsdataverse-data:nfl_ngs_highlights
2026-09-14 22:10:46 [INFO] ngs_data_build: uploading ngs_highlights_in_data_repo.csv (879B) -> sportsdataverse/sportsdataverse-data:nfl_ngs_highlights
2026-09-14 22:10:52 [INFO] ngs_data_build: stamped nfl_ngs_highlights with timestamp.txt, timestamp.json, package_function.txt, package_function.json
2026-09-14 22:10:52 [INFO] ngs_data_build: highlights 2021: done -- 2896 rows x 41 cols in 14.5s
2026-09-14 22:10:52 [INFO] ngs_data_build: highlights 2021: season complete -- 2896 rows
stage highlights elapsed=17s
::endgroup::
::group::ngs_data_build highlight_participation 2021
2026-09-14 22:10:54 [INFO] ngs_data_build: highlight_participation 2021: build starting (raw=https://raw.githubusercontent.com/sportsdataverse/nfl-ngs-raw/main via http)
2026-09-14 22:17:55 [INFO] ngs_data_build: wrote ngs_highlight_participation_2021.parquet (1.3MB), ngs_highlight_participation_2021.csv (22.7MB), 63710 rows x 44 cols; manifest ngs_highlight_participation_in_data_repo.csv
2026-09-14 22:17:55 [INFO] ngs_data_build: uploading ngs_highlight_participation_2021.parquet (1.3MB) -> sportsdataverse/sportsdataverse-data:nfl_ngs_highlight_participation
2026-09-14 22:17:56 [INFO] ngs_data_build: uploading ngs_highlight_participation_2021.csv (22.7MB) -> sportsdataverse/sportsdataverse-data:nfl_ngs_highlight_participation
2026-09-14 22:17:59 [INFO] ngs_data_build: uploading ngs_highlight_participation_in_data_repo.csv (887B) -> sportsdataverse/sportsdataverse-data:nfl_ngs_highlight_participation
2026-09-14 22:18:06 [INFO] ngs_data_build: stamped nfl_ngs_highlight_participation with timestamp.txt, timestamp.json, package_function.txt, package_function.json
2026-09-14 22:18:06 [INFO] ngs_data_build: highlight_participation 2021: done -- 63710 rows x 44 cols in 431.7s
2026-09-14 22:18:06 [INFO] ngs_data_build: highlight_participation 2021: season complete -- 63710 rows
stage highlight_participation elapsed=433s
::endgroup::
::group::ngs_data_build highlight_events 2021
2026-09-14 22:18:08 [INFO] ngs_data_build: highlight_events 2021: build starting (raw=https://raw.githubusercontent.com/sportsdataverse/nfl-ngs-raw/main via http)
2026-09-14 22:25:42 [INFO] ngs_data_build: wrote ngs_highlight_events_2021.parquet (122.5KB), ngs_highlight_events_2021.csv (2.0MB), 26682 rows x 9 cols; manifest ngs_highlight_events_in_data_repo.csv
2026-09-14 22:25:42 [INFO] ngs_data_build: uploading ngs_highlight_events_2021.parquet (122.5KB) -> sportsdataverse/sportsdataverse-data:nfl_ngs_highlight_events
2026-09-14 22:25:43 [INFO] ngs_data_build: uploading ngs_highlight_events_2021.csv (2.0MB) -> sportsdataverse/sportsdataverse-data:nfl_ngs_highlight_events
2026-09-14 22:25:45 [INFO] ngs_data_build: uploading ngs_highlight_events_in_data_repo.csv (887B) -> sportsdataverse/sportsdataverse-data:nfl_ngs_highlight_events
2026-09-14 22:25:51 [INFO] ngs_data_build: stamped nfl_ngs_highlight_events with timestamp.txt, timestamp.json, package_function.txt, package_function.json
2026-09-14 22:25:51 [INFO] ngs_data_build: highlight_events 2021: done -- 26682 rows x 9 cols in 463.2s
2026-09-14 22:25:51 [INFO] ngs_data_build: highlight_events 2021: season complete -- 26682 rows
stage highlight_events elapsed=465s
::endgroup::
::group::ngs_data_build highlight_tracking 2021
2026-09-14 22:25:53 [INFO] ngs_data_build: highlight_tracking 2021: build starting (raw=https://raw.githubusercontent.com/sportsdataverse/nfl-ngs-raw/main via http)
2026-09-14 22:26:37 [INFO] ngs_data_build: wrote ngs_highlight_tracking_2021.parquet (151.8MB), 19535344 rows x 15 cols; manifest ngs_highlight_tracking_in_data_repo.csv [release-only staging]
2026-09-14 22:26:38 [INFO] ngs_data_build: uploading ngs_highlight_tracking_2021.parquet (151.8MB) -> sportsdataverse/sportsdataverse-data:nfl_ngs_highlight_tracking
2026-09-14 22:26:45 [INFO] ngs_data_build: uploading ngs_highlight_tracking_in_data_repo.csv (150B) -> sportsdataverse/sportsdataverse-data:nfl_ngs_highlight_tracking
2026-09-14 22:26:52 [INFO] ngs_data_build: stamped nfl_ngs_highlight_tracking with timestamp.txt, timestamp.json, package_function.txt, package_function.json
2026-09-14 22:26:52 [INFO] ngs_data_build: highlight_tracking 2021: done -- 19535344 rows x 15 cols in 58.9s
2026-09-14 22:26:52 [INFO] ngs_data_build: highlight_tracking 2021: season complete -- 19535344 rows
stage highlight_tracking elapsed=61s
::endgroup::
season 2021 EXIT=0
pushed: NGS Data Update (Start: 2021 End: 2021) (attempt 1)
