=== season 2016  2026-09-10 03:19:47Z  raw=/mnt/sdv_repos/nfl-ngs-raw ===
::group::ngs_data_build schedules 2016
2026-09-09 23:19:49 [INFO] ngs_data_build: schedules 2016: build starting (raw=/mnt/sdv_repos/nfl-ngs-raw via disk)
2026-09-09 23:19:49 [INFO] ngs_data_build: wrote ngs/schedules/parquet/ngs_schedule_2016.parquet (24.6KB) + ngs_schedule_2016.csv (75.0KB), 333 rows x 30 cols; manifest ngs_schedules_in_data_repo.csv
2026-09-09 23:19:49 [INFO] ngs_data_build: uploading ngs_schedule_2016.parquet (24.6KB) -> sportsdataverse/sportsdataverse-data:nfl_ngs_schedules
2026-09-09 23:19:50 [INFO] ngs_data_build: uploading ngs_schedule_2016.csv (75.0KB) -> sportsdataverse/sportsdataverse-data:nfl_ngs_schedules
2026-09-09 23:19:50 [INFO] ngs_data_build: uploading ngs_schedules_in_data_repo.csv (977B) -> sportsdataverse/sportsdataverse-data:nfl_ngs_schedules
2026-09-09 23:19:54 [INFO] ngs_data_build: stamped nfl_ngs_schedules with timestamp.txt, timestamp.json, package_function.txt, package_function.json
2026-09-09 23:19:54 [INFO] ngs_data_build: schedules 2016: done -- 333 rows x 30 cols in 5.6s
2026-09-09 23:19:54 [INFO] ngs_data_build: schedules 2016: season complete -- 333 rows
stage schedules elapsed=8s
::endgroup::
::group::ngs_data_build teams 2016
2026-09-09 23:19:57 [INFO] ngs_data_build: teams 2016: build starting (raw=/mnt/sdv_repos/nfl-ngs-raw via disk)
2026-09-09 23:19:57 [INFO] ngs_data_build: wrote ngs/teams/parquet/ngs_teams_2016.parquet (11.9KB) + ngs_teams_2016.csv (10.4KB), 34 rows x 19 cols; manifest ngs_teams_in_data_repo.csv
2026-09-09 23:19:57 [INFO] ngs_data_build: uploading ngs_teams_2016.parquet (11.9KB) -> sportsdataverse/sportsdataverse-data:nfl_ngs_teams
2026-09-09 23:19:58 [INFO] ngs_data_build: uploading ngs_teams_2016.csv (10.4KB) -> sportsdataverse/sportsdataverse-data:nfl_ngs_teams
2026-09-09 23:19:58 [INFO] ngs_data_build: uploading ngs_teams_in_data_repo.csv (556B) -> sportsdataverse/sportsdataverse-data:nfl_ngs_teams
2026-09-09 23:20:03 [INFO] ngs_data_build: stamped nfl_ngs_teams with timestamp.txt, timestamp.json, package_function.txt, package_function.json
2026-09-09 23:20:03 [INFO] ngs_data_build: teams 2016: done -- 34 rows x 19 cols in 6.2s
2026-09-09 23:20:03 [INFO] ngs_data_build: teams 2016: season complete -- 34 rows
stage teams elapsed=9s
::endgroup::
::group::ngs_data_build passing 2016
2026-09-09 23:20:06 [INFO] ngs_data_build: passing 2016: build starting (raw=/mnt/sdv_repos/nfl-ngs-raw via disk)
2026-09-09 23:20:06 [INFO] ngs_data_build: wrote ngs/passing/parquet/ngs_passing_2016.parquet (100.5KB) + ngs_passing_2016.csv (383.7KB), 761 rows x 48 cols; manifest ngs_passing_in_data_repo.csv
2026-09-09 23:20:07 [INFO] ngs_data_build: release nfl_ngs_passing missing on sportsdataverse/sportsdataverse-data -- creating it
https://github.com/sportsdataverse/sportsdataverse-data/releases/tag/nfl_ngs_passing
2026-09-09 23:20:07 [INFO] ngs_data_build: uploading ngs_passing_2016.parquet (100.5KB) -> sportsdataverse/sportsdataverse-data:nfl_ngs_passing
2026-09-09 23:20:08 [INFO] ngs_data_build: uploading ngs_passing_2016.csv (383.7KB) -> sportsdataverse/sportsdataverse-data:nfl_ngs_passing
2026-09-09 23:20:09 [INFO] ngs_data_build: uploading ngs_passing_in_data_repo.csv (249B) -> sportsdataverse/sportsdataverse-data:nfl_ngs_passing
2026-09-09 23:20:12 [INFO] ngs_data_build: stamped nfl_ngs_passing with timestamp.txt, timestamp.json, package_function.txt, package_function.json
2026-09-09 23:20:12 [INFO] ngs_data_build: passing 2016: done -- 761 rows x 48 cols in 5.8s
2026-09-09 23:20:12 [INFO] ngs_data_build: passing 2016: season complete -- 761 rows
stage passing elapsed=9s
::endgroup::
::group::ngs_data_build rushing 2016
2026-09-09 23:20:15 [INFO] ngs_data_build: rushing 2016: build starting (raw=/mnt/sdv_repos/nfl-ngs-raw via disk)
2026-09-09 23:20:15 [INFO] ngs_data_build: wrote ngs/rushing/parquet/ngs_rushing_2016.parquet (48.9KB) + ngs_rushing_2016.csv (228.5KB), 713 rows x 38 cols; manifest ngs_rushing_in_data_repo.csv
2026-09-09 23:20:15 [INFO] ngs_data_build: release nfl_ngs_rushing missing on sportsdataverse/sportsdataverse-data -- creating it
https://github.com/sportsdataverse/sportsdataverse-data/releases/tag/nfl_ngs_rushing
2026-09-09 23:20:16 [INFO] ngs_data_build: uploading ngs_rushing_2016.parquet (48.9KB) -> sportsdataverse/sportsdataverse-data:nfl_ngs_rushing
2026-09-09 23:20:16 [INFO] ngs_data_build: uploading ngs_rushing_2016.csv (228.5KB) -> sportsdataverse/sportsdataverse-data:nfl_ngs_rushing
2026-09-09 23:20:17 [INFO] ngs_data_build: uploading ngs_rushing_in_data_repo.csv (249B) -> sportsdataverse/sportsdataverse-data:nfl_ngs_rushing
2026-09-09 23:20:20 [INFO] ngs_data_build: stamped nfl_ngs_rushing with timestamp.txt, timestamp.json, package_function.txt, package_function.json
2026-09-09 23:20:20 [INFO] ngs_data_build: rushing 2016: done -- 713 rows x 38 cols in 5.7s
2026-09-09 23:20:20 [INFO] ngs_data_build: rushing 2016: season complete -- 713 rows
stage rushing elapsed=8s
::endgroup::
::group::ngs_data_build receiving 2016
2026-09-09 23:20:23 [INFO] ngs_data_build: receiving 2016: build starting (raw=/mnt/sdv_repos/nfl-ngs-raw via disk)
2026-09-09 23:20:23 [INFO] ngs_data_build: wrote ngs/receiving/parquet/ngs_receiving_2016.parquet (158.6KB) + ngs_receiving_2016.csv (775.5KB), 1923 rows x 41 cols; manifest ngs_receiving_in_data_repo.csv
2026-09-09 23:20:23 [INFO] ngs_data_build: release nfl_ngs_receiving missing on sportsdataverse/sportsdataverse-data -- creating it
https://github.com/sportsdataverse/sportsdataverse-data/releases/tag/nfl_ngs_receiving
2026-09-09 23:20:24 [INFO] ngs_data_build: uploading ngs_receiving_2016.parquet (158.6KB) -> sportsdataverse/sportsdataverse-data:nfl_ngs_receiving
2026-09-09 23:20:25 [INFO] ngs_data_build: uploading ngs_receiving_2016.csv (775.5KB) -> sportsdataverse/sportsdataverse-data:nfl_ngs_receiving
2026-09-09 23:20:25 [INFO] ngs_data_build: uploading ngs_receiving_in_data_repo.csv (251B) -> sportsdataverse/sportsdataverse-data:nfl_ngs_receiving
2026-09-09 23:20:28 [INFO] ngs_data_build: stamped nfl_ngs_receiving with timestamp.txt, timestamp.json, package_function.txt, package_function.json
2026-09-09 23:20:28 [INFO] ngs_data_build: receiving 2016: done -- 1923 rows x 41 cols in 5.5s
2026-09-09 23:20:28 [INFO] ngs_data_build: receiving 2016: season complete -- 1923 rows
stage receiving elapsed=8s
::endgroup::
::group::ngs_data_build statboard_leaders 2016
2026-09-09 23:20:31 [INFO] ngs_data_build: statboard_leaders 2016: build starting (raw=/mnt/sdv_repos/nfl-ngs-raw via disk)
2026-09-09 23:20:31 [INFO] ngs_data_build: wrote ngs/statboard_leaders/parquet/ngs_statboard_leaders_2016.parquet (29.4KB) + ngs_statboard_leaders_2016.csv (20.7KB), 80 rows x 58 cols; manifest ngs_statboard_leaders_in_data_repo.csv
2026-09-09 23:20:31 [INFO] ngs_data_build: release nfl_ngs_statboard_leaders missing on sportsdataverse/sportsdataverse-data -- creating it
https://github.com/sportsdataverse/sportsdataverse-data/releases/tag/nfl_ngs_statboard_leaders
2026-09-09 23:20:32 [INFO] ngs_data_build: uploading ngs_statboard_leaders_2016.parquet (29.4KB) -> sportsdataverse/sportsdataverse-data:nfl_ngs_statboard_leaders
2026-09-09 23:20:33 [INFO] ngs_data_build: uploading ngs_statboard_leaders_2016.csv (20.7KB) -> sportsdataverse/sportsdataverse-data:nfl_ngs_statboard_leaders
2026-09-09 23:20:33 [INFO] ngs_data_build: uploading ngs_statboard_leaders_in_data_repo.csv (247B) -> sportsdataverse/sportsdataverse-data:nfl_ngs_statboard_leaders
2026-09-09 23:20:36 [INFO] ngs_data_build: stamped nfl_ngs_statboard_leaders with timestamp.txt, timestamp.json, package_function.txt, package_function.json
2026-09-09 23:20:36 [INFO] ngs_data_build: statboard_leaders 2016: done -- 80 rows x 58 cols in 5.3s
2026-09-09 23:20:36 [INFO] ngs_data_build: statboard_leaders 2016: season complete -- 80 rows
stage statboard_leaders elapsed=8s
::endgroup::
::group::ngs_data_build leaders 2016
2026-09-09 23:20:39 [INFO] ngs_data_build: leaders 2016: build starting (raw=/mnt/sdv_repos/nfl-ngs-raw via disk)
2026-09-09 23:20:40 [INFO] ngs_data_build: wrote ngs/leaders/parquet/ngs_leaders_2016.parquet (324.4KB) + ngs_leaders_2016.csv (1.8MB), 3074 rows x 108 cols; manifest ngs_leaders_in_data_repo.csv
2026-09-09 23:20:40 [INFO] ngs_data_build: release nfl_ngs_leaders missing on sportsdataverse/sportsdataverse-data -- creating it
https://github.com/sportsdataverse/sportsdataverse-data/releases/tag/nfl_ngs_leaders
2026-09-09 23:20:40 [INFO] ngs_data_build: uploading ngs_leaders_2016.parquet (324.4KB) -> sportsdataverse/sportsdataverse-data:nfl_ngs_leaders
2026-09-09 23:20:41 [INFO] ngs_data_build: uploading ngs_leaders_2016.csv (1.8MB) -> sportsdataverse/sportsdataverse-data:nfl_ngs_leaders
2026-09-09 23:20:42 [INFO] ngs_data_build: uploading ngs_leaders_in_data_repo.csv (251B) -> sportsdataverse/sportsdataverse-data:nfl_ngs_leaders
2026-09-09 23:20:45 [INFO] ngs_data_build: stamped nfl_ngs_leaders with timestamp.txt, timestamp.json, package_function.txt, package_function.json
2026-09-09 23:20:45 [INFO] ngs_data_build: leaders 2016: done -- 3074 rows x 108 cols in 6.3s
2026-09-09 23:20:45 [INFO] ngs_data_build: leaders 2016: season complete -- 3074 rows
stage leaders elapsed=9s
::endgroup::
::group::ngs_data_build gamecenter_passers 2016
2026-09-09 23:20:47 [INFO] ngs_data_build: gamecenter_passers 2016: build starting (raw=/mnt/sdv_repos/nfl-ngs-raw via disk)
2026-09-09 23:20:48 [INFO] ngs_data_build: wrote ngs/gamecenter_passers/parquet/ngs_gamecenter_passers_2016.parquet (24.3KB) + ngs_gamecenter_passers_2016.csv (133.6KB), 638 rows x 25 cols; manifest ngs_gamecenter_passers_in_data_repo.csv
2026-09-09 23:20:48 [INFO] ngs_data_build: uploading ngs_gamecenter_passers_2016.parquet (24.3KB) -> sportsdataverse/sportsdataverse-data:nfl_ngs_gamecenter_passers
2026-09-09 23:20:48 [INFO] ngs_data_build: uploading ngs_gamecenter_passers_2016.csv (133.6KB) -> sportsdataverse/sportsdataverse-data:nfl_ngs_gamecenter_passers
2026-09-09 23:20:49 [INFO] ngs_data_build: uploading ngs_gamecenter_passers_in_data_repo.csv (977B) -> sportsdataverse/sportsdataverse-data:nfl_ngs_gamecenter_passers
2026-09-09 23:20:53 [INFO] ngs_data_build: stamped nfl_ngs_gamecenter_passers with timestamp.txt, timestamp.json, package_function.txt, package_function.json
2026-09-09 23:20:53 [INFO] ngs_data_build: gamecenter_passers 2016: done -- 638 rows x 25 cols in 6.1s
2026-09-09 23:20:53 [INFO] ngs_data_build: gamecenter_passers 2016: season complete -- 638 rows
stage gamecenter_passers elapsed=8s
::endgroup::
::group::ngs_data_build gamecenter_rushers 2016
2026-09-09 23:20:56 [INFO] ngs_data_build: gamecenter_rushers 2016: build starting (raw=/mnt/sdv_repos/nfl-ngs-raw via disk)
2026-09-09 23:20:56 [INFO] ngs_data_build: wrote ngs/gamecenter_rushers/parquet/ngs_gamecenter_rushers_2016.parquet (241.1KB) + ngs_gamecenter_rushers_2016.csv (815.9KB), 1399 rows x 98 cols; manifest ngs_gamecenter_rushers_in_data_repo.csv
2026-09-09 23:20:57 [INFO] ngs_data_build: uploading ngs_gamecenter_rushers_2016.parquet (241.1KB) -> sportsdataverse/sportsdataverse-data:nfl_ngs_gamecenter_rushers
2026-09-09 23:20:57 [INFO] ngs_data_build: uploading ngs_gamecenter_rushers_2016.csv (815.9KB) -> sportsdataverse/sportsdataverse-data:nfl_ngs_gamecenter_rushers
2026-09-09 23:20:58 [INFO] ngs_data_build: uploading ngs_gamecenter_rushers_in_data_repo.csv (356B) -> sportsdataverse/sportsdataverse-data:nfl_ngs_gamecenter_rushers
2026-09-09 23:21:03 [INFO] ngs_data_build: stamped nfl_ngs_gamecenter_rushers with timestamp.txt, timestamp.json, package_function.txt, package_function.json
2026-09-09 23:21:03 [INFO] ngs_data_build: gamecenter_rushers 2016: done -- 1399 rows x 98 cols in 6.6s
2026-09-09 23:21:03 [INFO] ngs_data_build: gamecenter_rushers 2016: season complete -- 1399 rows
stage gamecenter_rushers elapsed=9s
::endgroup::
::group::ngs_data_build gamecenter_receivers 2016
2026-09-09 23:21:06 [INFO] ngs_data_build: gamecenter_receivers 2016: build starting (raw=/mnt/sdv_repos/nfl-ngs-raw via disk)
2026-09-09 23:21:06 [INFO] ngs_data_build: wrote ngs/gamecenter_receivers/parquet/ngs_gamecenter_receivers_2016.parquet (85.5KB) + ngs_gamecenter_receivers_2016.csv (647.4KB), 2377 rows x 30 cols; manifest ngs_gamecenter_receivers_in_data_repo.csv
2026-09-09 23:21:06 [INFO] ngs_data_build: uploading ngs_gamecenter_receivers_2016.parquet (85.5KB) -> sportsdataverse/sportsdataverse-data:nfl_ngs_gamecenter_receivers
2026-09-09 23:21:07 [INFO] ngs_data_build: uploading ngs_gamecenter_receivers_2016.csv (647.4KB) -> sportsdataverse/sportsdataverse-data:nfl_ngs_gamecenter_receivers
2026-09-09 23:21:07 [INFO] ngs_data_build: uploading ngs_gamecenter_receivers_in_data_repo.csv (356B) -> sportsdataverse/sportsdataverse-data:nfl_ngs_gamecenter_receivers
2026-09-09 23:21:12 [INFO] ngs_data_build: stamped nfl_ngs_gamecenter_receivers with timestamp.txt, timestamp.json, package_function.txt, package_function.json
2026-09-09 23:21:12 [INFO] ngs_data_build: gamecenter_receivers 2016: done -- 2377 rows x 30 cols in 6.5s
2026-09-09 23:21:12 [INFO] ngs_data_build: gamecenter_receivers 2016: season complete -- 2377 rows
stage gamecenter_receivers elapsed=10s
::endgroup::
::group::ngs_data_build gamecenter_pass_rushers 2016
2026-09-09 23:21:14 [INFO] ngs_data_build: gamecenter_pass_rushers 2016: build starting (raw=/mnt/sdv_repos/nfl-ngs-raw via disk)
2026-09-09 23:21:15 [INFO] ngs_data_build: wrote ngs/gamecenter_pass_rushers/parquet/ngs_gamecenter_pass_rushers_2016.parquet (64.5KB) + ngs_gamecenter_pass_rushers_2016.csv (553.3KB), 2290 rows x 27 cols; manifest ngs_gamecenter_pass_rushers_in_data_repo.csv
2026-09-09 23:21:15 [INFO] ngs_data_build: release nfl_ngs_gamecenter_pass_rushers missing on sportsdataverse/sportsdataverse-data -- creating it
https://github.com/sportsdataverse/sportsdataverse-data/releases/tag/nfl_ngs_gamecenter_pass_rushers
2026-09-09 23:21:16 [INFO] ngs_data_build: uploading ngs_gamecenter_pass_rushers_2016.parquet (64.5KB) -> sportsdataverse/sportsdataverse-data:nfl_ngs_gamecenter_pass_rushers
2026-09-09 23:21:16 [INFO] ngs_data_build: uploading ngs_gamecenter_pass_rushers_2016.csv (553.3KB) -> sportsdataverse/sportsdataverse-data:nfl_ngs_gamecenter_pass_rushers
2026-09-09 23:21:17 [INFO] ngs_data_build: uploading ngs_gamecenter_pass_rushers_in_data_repo.csv (251B) -> sportsdataverse/sportsdataverse-data:nfl_ngs_gamecenter_pass_rushers
2026-09-09 23:21:20 [INFO] ngs_data_build: stamped nfl_ngs_gamecenter_pass_rushers with timestamp.txt, timestamp.json, package_function.txt, package_function.json
2026-09-09 23:21:20 [INFO] ngs_data_build: gamecenter_pass_rushers 2016: done -- 2290 rows x 27 cols in 5.9s
2026-09-09 23:21:20 [INFO] ngs_data_build: gamecenter_pass_rushers 2016: season complete -- 2290 rows
stage gamecenter_pass_rushers elapsed=8s
::endgroup::
::group::ngs_data_build gamecenter_leaders 2016
2026-09-09 23:21:23 [INFO] ngs_data_build: gamecenter_leaders 2016: build starting (raw=/mnt/sdv_repos/nfl-ngs-raw via disk)
2026-09-09 23:21:23 [INFO] ngs_data_build: wrote ngs/gamecenter_leaders/parquet/ngs_gamecenter_leaders_2016.parquet (60.4KB) + ngs_gamecenter_leaders_2016.csv (401.0KB), 1810 rows x 23 cols; manifest ngs_gamecenter_leaders_in_data_repo.csv
2026-09-09 23:21:23 [INFO] ngs_data_build: release nfl_ngs_gamecenter_leaders missing on sportsdataverse/sportsdataverse-data -- creating it
https://github.com/sportsdataverse/sportsdataverse-data/releases/tag/nfl_ngs_gamecenter_leaders
2026-09-09 23:21:24 [INFO] ngs_data_build: uploading ngs_gamecenter_leaders_2016.parquet (60.4KB) -> sportsdataverse/sportsdataverse-data:nfl_ngs_gamecenter_leaders
2026-09-09 23:21:25 [INFO] ngs_data_build: uploading ngs_gamecenter_leaders_2016.csv (401.0KB) -> sportsdataverse/sportsdataverse-data:nfl_ngs_gamecenter_leaders
2026-09-09 23:21:25 [INFO] ngs_data_build: uploading ngs_gamecenter_leaders_in_data_repo.csv (251B) -> sportsdataverse/sportsdataverse-data:nfl_ngs_gamecenter_leaders
2026-09-09 23:21:29 [INFO] ngs_data_build: stamped nfl_ngs_gamecenter_leaders with timestamp.txt, timestamp.json, package_function.txt, package_function.json
2026-09-09 23:21:29 [INFO] ngs_data_build: gamecenter_leaders 2016: done -- 1810 rows x 23 cols in 6.0s
2026-09-09 23:21:29 [INFO] ngs_data_build: gamecenter_leaders 2016: season complete -- 1810 rows
stage gamecenter_leaders elapsed=8s
::endgroup::
season 2016 EXIT=0
pushed: NGS Data Update (Start: 2016 End: 2016) (attempt 1)
