=== season 2018  2026-09-14 21:44:57Z  raw=https://raw.githubusercontent.com/sportsdataverse/nfl-ngs-raw/main ===
::group::ngs_data_build schedules 2018
2026-09-14 21:45:02 [INFO] ngs_data_build: schedules 2018: build starting (raw=https://raw.githubusercontent.com/sportsdataverse/nfl-ngs-raw/main via http)
2026-09-14 21:45:02 [INFO] ngs_data_build: wrote ngs_schedule_2018.parquet (24.5KB), ngs_schedule_2018.csv (75.0KB), 333 rows x 30 cols; manifest ngs_schedules_in_data_repo.csv
2026-09-14 21:45:03 [INFO] ngs_data_build: uploading ngs_schedule_2018.parquet (24.5KB) -> sportsdataverse/sportsdataverse-data:nfl_ngs_schedules
2026-09-14 21:45:04 [INFO] ngs_data_build: uploading ngs_schedule_2018.csv (75.0KB) -> sportsdataverse/sportsdataverse-data:nfl_ngs_schedules
2026-09-14 21:45:05 [INFO] ngs_data_build: uploading ngs_schedules_in_data_repo.csv (1.9KB) -> sportsdataverse/sportsdataverse-data:nfl_ngs_schedules
2026-09-14 21:45:11 [INFO] ngs_data_build: stamped nfl_ngs_schedules with timestamp.txt, timestamp.json, package_function.txt, package_function.json
2026-09-14 21:45:11 [INFO] ngs_data_build: schedules 2018: done -- 333 rows x 30 cols in 9.4s
2026-09-14 21:45:11 [INFO] ngs_data_build: schedules 2018: season complete -- 333 rows
stage schedules elapsed=15s
::endgroup::
::group::ngs_data_build teams 2018
2026-09-14 21:45:13 [INFO] ngs_data_build: teams 2018: build starting (raw=https://raw.githubusercontent.com/sportsdataverse/nfl-ngs-raw/main via http)
2026-09-14 21:45:13 [INFO] ngs_data_build: wrote ngs_teams_2018.parquet (11.9KB), ngs_teams_2018.csv (10.4KB), 34 rows x 19 cols; manifest ngs_teams_in_data_repo.csv
2026-09-14 21:45:14 [INFO] ngs_data_build: uploading ngs_teams_2018.parquet (11.9KB) -> sportsdataverse/sportsdataverse-data:nfl_ngs_teams
2026-09-14 21:45:15 [INFO] ngs_data_build: uploading ngs_teams_2018.csv (10.4KB) -> sportsdataverse/sportsdataverse-data:nfl_ngs_teams
2026-09-14 21:45:16 [INFO] ngs_data_build: uploading ngs_teams_in_data_repo.csv (1.4KB) -> sportsdataverse/sportsdataverse-data:nfl_ngs_teams
2026-09-14 21:45:22 [INFO] ngs_data_build: stamped nfl_ngs_teams with timestamp.txt, timestamp.json, package_function.txt, package_function.json
2026-09-14 21:45:22 [INFO] ngs_data_build: teams 2018: done -- 34 rows x 19 cols in 9.0s
2026-09-14 21:45:22 [INFO] ngs_data_build: teams 2018: season complete -- 34 rows
stage teams elapsed=10s
::endgroup::
::group::ngs_data_build passing 2018
2026-09-14 21:45:24 [INFO] ngs_data_build: passing 2018: build starting (raw=https://raw.githubusercontent.com/sportsdataverse/nfl-ngs-raw/main via http)
2026-09-14 21:45:28 [INFO] ngs_data_build: wrote ngs_passing_2018.parquet (102.7KB), ngs_passing_2018.csv (395.2KB), 777 rows x 48 cols; manifest ngs_passing_in_data_repo.csv
2026-09-14 21:45:28 [INFO] ngs_data_build: uploading ngs_passing_2018.parquet (102.7KB) -> sportsdataverse/sportsdataverse-data:nfl_ngs_passing
2026-09-14 21:45:29 [INFO] ngs_data_build: uploading ngs_passing_2018.csv (395.2KB) -> sportsdataverse/sportsdataverse-data:nfl_ngs_passing
2026-09-14 21:45:30 [INFO] ngs_data_build: uploading ngs_passing_in_data_repo.csv (1.2KB) -> sportsdataverse/sportsdataverse-data:nfl_ngs_passing
2026-09-14 21:45:37 [INFO] ngs_data_build: stamped nfl_ngs_passing with timestamp.txt, timestamp.json, package_function.txt, package_function.json
2026-09-14 21:45:37 [INFO] ngs_data_build: passing 2018: done -- 777 rows x 48 cols in 13.2s
2026-09-14 21:45:37 [INFO] ngs_data_build: passing 2018: season complete -- 777 rows
stage passing elapsed=15s
::endgroup::
::group::ngs_data_build rushing 2018
2026-09-14 21:45:38 [INFO] ngs_data_build: rushing 2018: build starting (raw=https://raw.githubusercontent.com/sportsdataverse/nfl-ngs-raw/main via http)
2026-09-14 21:45:42 [INFO] ngs_data_build: wrote ngs_rushing_2018.parquet (67.5KB), ngs_rushing_2018.csv (286.6KB), 731 rows x 38 cols; manifest ngs_rushing_in_data_repo.csv
2026-09-14 21:45:42 [INFO] ngs_data_build: uploading ngs_rushing_2018.parquet (67.5KB) -> sportsdataverse/sportsdataverse-data:nfl_ngs_rushing
2026-09-14 21:45:43 [INFO] ngs_data_build: uploading ngs_rushing_2018.csv (286.6KB) -> sportsdataverse/sportsdataverse-data:nfl_ngs_rushing
2026-09-14 21:45:44 [INFO] ngs_data_build: uploading ngs_rushing_in_data_repo.csv (1.2KB) -> sportsdataverse/sportsdataverse-data:nfl_ngs_rushing
2026-09-14 21:45:50 [INFO] ngs_data_build: stamped nfl_ngs_rushing with timestamp.txt, timestamp.json, package_function.txt, package_function.json
2026-09-14 21:45:50 [INFO] ngs_data_build: rushing 2018: done -- 731 rows x 38 cols in 11.9s
2026-09-14 21:45:50 [INFO] ngs_data_build: rushing 2018: season complete -- 731 rows
stage rushing elapsed=13s
::endgroup::
::group::ngs_data_build receiving 2018
2026-09-14 21:45:52 [INFO] ngs_data_build: receiving 2018: build starting (raw=https://raw.githubusercontent.com/sportsdataverse/nfl-ngs-raw/main via http)
2026-09-14 21:45:56 [INFO] ngs_data_build: wrote ngs_receiving_2018.parquet (146.1KB), ngs_receiving_2018.csv (696.8KB), 1698 rows x 41 cols; manifest ngs_receiving_in_data_repo.csv
2026-09-14 21:45:56 [INFO] ngs_data_build: uploading ngs_receiving_2018.parquet (146.1KB) -> sportsdataverse/sportsdataverse-data:nfl_ngs_receiving
2026-09-14 21:45:57 [INFO] ngs_data_build: uploading ngs_receiving_2018.csv (696.8KB) -> sportsdataverse/sportsdataverse-data:nfl_ngs_receiving
2026-09-14 21:45:59 [INFO] ngs_data_build: uploading ngs_receiving_in_data_repo.csv (1.2KB) -> sportsdataverse/sportsdataverse-data:nfl_ngs_receiving
2026-09-14 21:46:05 [INFO] ngs_data_build: stamped nfl_ngs_receiving with timestamp.txt, timestamp.json, package_function.txt, package_function.json
2026-09-14 21:46:05 [INFO] ngs_data_build: receiving 2018: done -- 1698 rows x 41 cols in 12.8s
2026-09-14 21:46:05 [INFO] ngs_data_build: receiving 2018: season complete -- 1698 rows
stage receiving elapsed=15s
::endgroup::
::group::ngs_data_build statboard_leaders 2018
2026-09-14 21:46:06 [INFO] ngs_data_build: statboard_leaders 2018: build starting (raw=https://raw.githubusercontent.com/sportsdataverse/nfl-ngs-raw/main via http)
2026-09-14 21:46:07 [INFO] ngs_data_build: wrote ngs_statboard_leaders_2018.parquet (29.7KB), ngs_statboard_leaders_2018.csv (21.5KB), 80 rows x 58 cols; manifest ngs_statboard_leaders_in_data_repo.csv
2026-09-14 21:46:07 [INFO] ngs_data_build: uploading ngs_statboard_leaders_2018.parquet (29.7KB) -> sportsdataverse/sportsdataverse-data:nfl_ngs_statboard_leaders
2026-09-14 21:46:08 [INFO] ngs_data_build: uploading ngs_statboard_leaders_2018.csv (21.5KB) -> sportsdataverse/sportsdataverse-data:nfl_ngs_statboard_leaders
2026-09-14 21:46:09 [INFO] ngs_data_build: uploading ngs_statboard_leaders_in_data_repo.csv (1.1KB) -> sportsdataverse/sportsdataverse-data:nfl_ngs_statboard_leaders
2026-09-14 21:46:15 [INFO] ngs_data_build: stamped nfl_ngs_statboard_leaders with timestamp.txt, timestamp.json, package_function.txt, package_function.json
2026-09-14 21:46:15 [INFO] ngs_data_build: statboard_leaders 2018: done -- 80 rows x 58 cols in 9.3s
2026-09-14 21:46:15 [INFO] ngs_data_build: statboard_leaders 2018: season complete -- 80 rows
stage statboard_leaders elapsed=11s
::endgroup::
::group::ngs_data_build leaders 2018
2026-09-14 21:46:17 [INFO] ngs_data_build: leaders 2018: build starting (raw=https://raw.githubusercontent.com/sportsdataverse/nfl-ngs-raw/main via http)
2026-09-14 21:46:40 [INFO] ngs_data_build: wrote ngs_leaders_2018.parquet (368.0KB), ngs_leaders_2018.csv (2.2MB), 3608 rows x 108 cols; manifest ngs_leaders_in_data_repo.csv
2026-09-14 21:46:41 [INFO] ngs_data_build: uploading ngs_leaders_2018.parquet (368.0KB) -> sportsdataverse/sportsdataverse-data:nfl_ngs_leaders
2026-09-14 21:46:42 [INFO] ngs_data_build: uploading ngs_leaders_2018.csv (2.2MB) -> sportsdataverse/sportsdataverse-data:nfl_ngs_leaders
2026-09-14 21:46:44 [INFO] ngs_data_build: uploading ngs_leaders_in_data_repo.csv (1.2KB) -> sportsdataverse/sportsdataverse-data:nfl_ngs_leaders
2026-09-14 21:46:50 [INFO] ngs_data_build: stamped nfl_ngs_leaders with timestamp.txt, timestamp.json, package_function.txt, package_function.json
2026-09-14 21:46:50 [INFO] ngs_data_build: leaders 2018: done -- 3608 rows x 108 cols in 33.0s
2026-09-14 21:46:50 [INFO] ngs_data_build: leaders 2018: season complete -- 3608 rows
stage leaders elapsed=34s
::endgroup::
::group::ngs_data_build gamecenter_passers 2018
2026-09-14 21:46:51 [INFO] ngs_data_build: gamecenter_passers 2018: build starting (raw=https://raw.githubusercontent.com/sportsdataverse/nfl-ngs-raw/main via http)
2026-09-14 21:47:30 [INFO] ngs_data_build: wrote ngs_gamecenter_passers_2018.parquet (24.8KB), ngs_gamecenter_passers_2018.csv (140.2KB), 664 rows x 25 cols; manifest ngs_gamecenter_passers_in_data_repo.csv
2026-09-14 21:47:31 [INFO] ngs_data_build: uploading ngs_gamecenter_passers_2018.parquet (24.8KB) -> sportsdataverse/sportsdataverse-data:nfl_ngs_gamecenter_passers
2026-09-14 21:47:32 [INFO] ngs_data_build: uploading ngs_gamecenter_passers_2018.csv (140.2KB) -> sportsdataverse/sportsdataverse-data:nfl_ngs_gamecenter_passers
2026-09-14 21:47:33 [INFO] ngs_data_build: uploading ngs_gamecenter_passers_in_data_repo.csv (1.9KB) -> sportsdataverse/sportsdataverse-data:nfl_ngs_gamecenter_passers
2026-09-14 21:47:40 [INFO] ngs_data_build: stamped nfl_ngs_gamecenter_passers with timestamp.txt, timestamp.json, package_function.txt, package_function.json
2026-09-14 21:47:40 [INFO] ngs_data_build: gamecenter_passers 2018: done -- 664 rows x 25 cols in 48.5s
2026-09-14 21:47:40 [INFO] ngs_data_build: gamecenter_passers 2018: season complete -- 664 rows
stage gamecenter_passers elapsed=50s
::endgroup::
::group::ngs_data_build gamecenter_rushers 2018
2026-09-14 21:47:42 [INFO] ngs_data_build: gamecenter_rushers 2018: build starting (raw=https://raw.githubusercontent.com/sportsdataverse/nfl-ngs-raw/main via http)
2026-09-14 21:47:42 [INFO] ngs_data_build: wrote ngs_gamecenter_rushers_2018.parquet (275.8KB), ngs_gamecenter_rushers_2018.csv (966.9KB), 1646 rows x 99 cols; manifest ngs_gamecenter_rushers_in_data_repo.csv
2026-09-14 21:47:42 [INFO] ngs_data_build: uploading ngs_gamecenter_rushers_2018.parquet (275.8KB) -> sportsdataverse/sportsdataverse-data:nfl_ngs_gamecenter_rushers
2026-09-14 21:47:44 [INFO] ngs_data_build: uploading ngs_gamecenter_rushers_2018.csv (966.9KB) -> sportsdataverse/sportsdataverse-data:nfl_ngs_gamecenter_rushers
2026-09-14 21:47:45 [INFO] ngs_data_build: uploading ngs_gamecenter_rushers_in_data_repo.csv (1.3KB) -> sportsdataverse/sportsdataverse-data:nfl_ngs_gamecenter_rushers
2026-09-14 21:47:52 [INFO] ngs_data_build: stamped nfl_ngs_gamecenter_rushers with timestamp.txt, timestamp.json, package_function.txt, package_function.json
2026-09-14 21:47:52 [INFO] ngs_data_build: gamecenter_rushers 2018: done -- 1646 rows x 99 cols in 10.4s
2026-09-14 21:47:52 [INFO] ngs_data_build: gamecenter_rushers 2018: season complete -- 1646 rows
stage gamecenter_rushers elapsed=12s
::endgroup::
::group::ngs_data_build gamecenter_receivers 2018
2026-09-14 21:47:53 [INFO] ngs_data_build: gamecenter_receivers 2018: build starting (raw=https://raw.githubusercontent.com/sportsdataverse/nfl-ngs-raw/main via http)
2026-09-14 21:47:54 [INFO] ngs_data_build: wrote ngs_gamecenter_receivers_2018.parquet (98.6KB), ngs_gamecenter_receivers_2018.csv (761.4KB), 2783 rows x 30 cols; manifest ngs_gamecenter_receivers_in_data_repo.csv
2026-09-14 21:47:54 [INFO] ngs_data_build: uploading ngs_gamecenter_receivers_2018.parquet (98.6KB) -> sportsdataverse/sportsdataverse-data:nfl_ngs_gamecenter_receivers
2026-09-14 21:47:55 [INFO] ngs_data_build: uploading ngs_gamecenter_receivers_2018.csv (761.4KB) -> sportsdataverse/sportsdataverse-data:nfl_ngs_gamecenter_receivers
2026-09-14 21:47:57 [INFO] ngs_data_build: uploading ngs_gamecenter_receivers_in_data_repo.csv (1.3KB) -> sportsdataverse/sportsdataverse-data:nfl_ngs_gamecenter_receivers
2026-09-14 21:48:03 [INFO] ngs_data_build: stamped nfl_ngs_gamecenter_receivers with timestamp.txt, timestamp.json, package_function.txt, package_function.json
2026-09-14 21:48:03 [INFO] ngs_data_build: gamecenter_receivers 2018: done -- 2783 rows x 30 cols in 9.7s
2026-09-14 21:48:03 [INFO] ngs_data_build: gamecenter_receivers 2018: season complete -- 2783 rows
stage gamecenter_receivers elapsed=11s
::endgroup::
::group::ngs_data_build gamecenter_pass_rushers 2018
2026-09-14 21:48:05 [INFO] ngs_data_build: gamecenter_pass_rushers 2018: build starting (raw=https://raw.githubusercontent.com/sportsdataverse/nfl-ngs-raw/main via http)
2026-09-14 21:48:05 [INFO] ngs_data_build: wrote ngs_gamecenter_pass_rushers_2018.parquet (75.9KB), ngs_gamecenter_pass_rushers_2018.csv (668.1KB), 2656 rows x 27 cols; manifest ngs_gamecenter_pass_rushers_in_data_repo.csv
2026-09-14 21:48:05 [INFO] ngs_data_build: uploading ngs_gamecenter_pass_rushers_2018.parquet (75.9KB) -> sportsdataverse/sportsdataverse-data:nfl_ngs_gamecenter_pass_rushers
2026-09-14 21:48:06 [INFO] ngs_data_build: uploading ngs_gamecenter_pass_rushers_2018.csv (668.1KB) -> sportsdataverse/sportsdataverse-data:nfl_ngs_gamecenter_pass_rushers
2026-09-14 21:48:08 [INFO] ngs_data_build: uploading ngs_gamecenter_pass_rushers_in_data_repo.csv (1.2KB) -> sportsdataverse/sportsdataverse-data:nfl_ngs_gamecenter_pass_rushers
2026-09-14 21:48:14 [INFO] ngs_data_build: stamped nfl_ngs_gamecenter_pass_rushers with timestamp.txt, timestamp.json, package_function.txt, package_function.json
2026-09-14 21:48:14 [INFO] ngs_data_build: gamecenter_pass_rushers 2018: done -- 2656 rows x 27 cols in 9.5s
2026-09-14 21:48:14 [INFO] ngs_data_build: gamecenter_pass_rushers 2018: season complete -- 2656 rows
stage gamecenter_pass_rushers elapsed=11s
::endgroup::
::group::ngs_data_build gamecenter_leaders 2018
2026-09-14 21:48:16 [INFO] ngs_data_build: gamecenter_leaders 2018: build starting (raw=https://raw.githubusercontent.com/sportsdataverse/nfl-ngs-raw/main via http)
2026-09-14 21:48:16 [INFO] ngs_data_build: wrote ngs_gamecenter_leaders_2018.parquet (67.7KB), ngs_gamecenter_leaders_2018.csv (442.6KB), 1917 rows x 23 cols; manifest ngs_gamecenter_leaders_in_data_repo.csv
2026-09-14 21:48:16 [INFO] ngs_data_build: uploading ngs_gamecenter_leaders_2018.parquet (67.7KB) -> sportsdataverse/sportsdataverse-data:nfl_ngs_gamecenter_leaders
2026-09-14 21:48:18 [INFO] ngs_data_build: uploading ngs_gamecenter_leaders_2018.csv (442.6KB) -> sportsdataverse/sportsdataverse-data:nfl_ngs_gamecenter_leaders
2026-09-14 21:48:19 [INFO] ngs_data_build: uploading ngs_gamecenter_leaders_in_data_repo.csv (1.2KB) -> sportsdataverse/sportsdataverse-data:nfl_ngs_gamecenter_leaders
2026-09-14 21:48:25 [INFO] ngs_data_build: stamped nfl_ngs_gamecenter_leaders with timestamp.txt, timestamp.json, package_function.txt, package_function.json
2026-09-14 21:48:25 [INFO] ngs_data_build: gamecenter_leaders 2018: done -- 1917 rows x 23 cols in 9.6s
2026-09-14 21:48:25 [INFO] ngs_data_build: gamecenter_leaders 2018: season complete -- 1917 rows
stage gamecenter_leaders elapsed=11s
::endgroup::
::group::ngs_data_build highlights 2018
2026-09-14 21:48:27 [INFO] ngs_data_build: highlights 2018: build starting (raw=https://raw.githubusercontent.com/sportsdataverse/nfl-ngs-raw/main via http)
2026-09-14 21:48:30 [INFO] ngs_data_build: wrote ngs_highlights_2018.parquet (28.9KB), ngs_highlights_2018.csv (63.2KB), 221 rows x 37 cols; manifest ngs_highlights_in_data_repo.csv
2026-09-14 21:48:31 [INFO] ngs_data_build: uploading ngs_highlights_2018.parquet (28.9KB) -> sportsdataverse/sportsdataverse-data:nfl_ngs_highlights
2026-09-14 21:48:32 [INFO] ngs_data_build: uploading ngs_highlights_2018.csv (63.2KB) -> sportsdataverse/sportsdataverse-data:nfl_ngs_highlights
2026-09-14 21:48:33 [INFO] ngs_data_build: uploading ngs_highlights_in_data_repo.csv (669B) -> sportsdataverse/sportsdataverse-data:nfl_ngs_highlights
2026-09-14 21:48:38 [INFO] ngs_data_build: stamped nfl_ngs_highlights with timestamp.txt, timestamp.json, package_function.txt, package_function.json
2026-09-14 21:48:38 [INFO] ngs_data_build: highlights 2018: done -- 221 rows x 37 cols in 11.5s
2026-09-14 21:48:38 [INFO] ngs_data_build: highlights 2018: season complete -- 221 rows
stage highlights elapsed=14s
::endgroup::
::group::ngs_data_build highlight_participation 2018
2026-09-14 21:48:40 [INFO] ngs_data_build: highlight_participation 2018: build starting (raw=https://raw.githubusercontent.com/sportsdataverse/nfl-ngs-raw/main via http)
2026-09-14 21:49:04 [INFO] ngs_data_build: wrote ngs_highlight_participation_2018.parquet (205.4KB), ngs_highlight_participation_2018.csv (1.7MB), 4862 rows x 44 cols; manifest ngs_highlight_participation_in_data_repo.csv
2026-09-14 21:49:05 [INFO] ngs_data_build: uploading ngs_highlight_participation_2018.parquet (205.4KB) -> sportsdataverse/sportsdataverse-data:nfl_ngs_highlight_participation
2026-09-14 21:49:06 [INFO] ngs_data_build: uploading ngs_highlight_participation_2018.csv (1.7MB) -> sportsdataverse/sportsdataverse-data:nfl_ngs_highlight_participation
2026-09-14 21:49:07 [INFO] ngs_data_build: uploading ngs_highlight_participation_in_data_repo.csv (675B) -> sportsdataverse/sportsdataverse-data:nfl_ngs_highlight_participation
2026-09-14 21:49:13 [INFO] ngs_data_build: stamped nfl_ngs_highlight_participation with timestamp.txt, timestamp.json, package_function.txt, package_function.json
2026-09-14 21:49:13 [INFO] ngs_data_build: highlight_participation 2018: done -- 4862 rows x 44 cols in 32.8s
2026-09-14 21:49:13 [INFO] ngs_data_build: highlight_participation 2018: season complete -- 4862 rows
stage highlight_participation elapsed=34s
::endgroup::
::group::ngs_data_build highlight_events 2018
2026-09-14 21:49:14 [INFO] ngs_data_build: highlight_events 2018: build starting (raw=https://raw.githubusercontent.com/sportsdataverse/nfl-ngs-raw/main via http)
2026-09-14 21:49:43 [INFO] ngs_data_build: wrote ngs_highlight_events_2018.parquet (13.8KB), ngs_highlight_events_2018.csv (155.7KB), 1993 rows x 9 cols; manifest ngs_highlight_events_in_data_repo.csv
2026-09-14 21:49:43 [INFO] ngs_data_build: uploading ngs_highlight_events_2018.parquet (13.8KB) -> sportsdataverse/sportsdataverse-data:nfl_ngs_highlight_events
2026-09-14 21:49:44 [INFO] ngs_data_build: uploading ngs_highlight_events_2018.csv (155.7KB) -> sportsdataverse/sportsdataverse-data:nfl_ngs_highlight_events
2026-09-14 21:49:45 [INFO] ngs_data_build: uploading ngs_highlight_events_in_data_repo.csv (675B) -> sportsdataverse/sportsdataverse-data:nfl_ngs_highlight_events
2026-09-14 21:49:50 [INFO] ngs_data_build: stamped nfl_ngs_highlight_events with timestamp.txt, timestamp.json, package_function.txt, package_function.json
2026-09-14 21:49:50 [INFO] ngs_data_build: highlight_events 2018: done -- 1993 rows x 9 cols in 36.1s
2026-09-14 21:49:50 [INFO] ngs_data_build: highlight_events 2018: season complete -- 1993 rows
stage highlight_events elapsed=38s
::endgroup::
::group::ngs_data_build highlight_tracking 2018
2026-09-14 21:49:52 [INFO] ngs_data_build: highlight_tracking 2018: build starting (raw=https://raw.githubusercontent.com/sportsdataverse/nfl-ngs-raw/main via http)
2026-09-14 21:49:56 [INFO] ngs_data_build: wrote ngs_highlight_tracking_2018.parquet (16.3MB), 1977567 rows x 15 cols; manifest ngs_highlight_tracking_in_data_repo.csv [release-only staging]
2026-09-14 21:49:56 [INFO] ngs_data_build: uploading ngs_highlight_tracking_2018.parquet (16.3MB) -> sportsdataverse/sportsdataverse-data:nfl_ngs_highlight_tracking
2026-09-14 21:49:58 [INFO] ngs_data_build: uploading ngs_highlight_tracking_in_data_repo.csv (149B) -> sportsdataverse/sportsdataverse-data:nfl_ngs_highlight_tracking
2026-09-14 21:50:03 [INFO] ngs_data_build: stamped nfl_ngs_highlight_tracking with timestamp.txt, timestamp.json, package_function.txt, package_function.json
2026-09-14 21:50:03 [INFO] ngs_data_build: highlight_tracking 2018: done -- 1977567 rows x 15 cols in 11.4s
2026-09-14 21:50:03 [INFO] ngs_data_build: highlight_tracking 2018: season complete -- 1977567 rows
stage highlight_tracking elapsed=13s
::endgroup::
season 2018 EXIT=0
pushed: NGS Data Update (Start: 2018 End: 2018) (attempt 1)
